This file contains any messages produced by compilers while
running configure, to aid debugging if configure makes a mistake.

It was created by usbmuxd configure 1.1.1, which was
generated by GNU Autoconf 2.69.  Invocation command line was

  $ ./configure --host=mipsel-linux --build=x86_64-linux-gnu --disable-shared ac_cv_func_malloc_0_nonnull=yes ac_cv_func_realloc_0_nonnull=yes ac_cv_enum_idevice_connection_type=yes libusb_CFLAGS=-I/repo/Fail_GPL/asuswrt/release/src-ra-openwrt-4210/router/libusb10/libusb libusb_LIBS=-L/repo/Fail_GPL/asuswrt/release/src-ra-openwrt-4210/router/libusb10/libusb/.libs -lusb-1.0 libplist_CFLAGS=-I/repo/Fail_GPL/asuswrt/release/src-ra-openwrt-4210/router/libplist-2.2.0/include libplist_LIBS=-L/repo/Fail_GPL/asuswrt/release/src-ra-openwrt-4210/router/libplist-2.2.0/src/.libs -lplist-2.0 libimobiledevice_CFLAGS=-I/repo/Fail_GPL/asuswrt/release/src-ra-openwrt-4210/router/libimobiledevice-1.3.0/include libimobiledevice_LIBS=-L/repo/Fail_GPL/asuswrt/release/src-ra-openwrt-4210/router/libimobiledevice-1.3.0/src/.libs -limobiledevice-1.0

## --------- ##
## Platform. ##
## --------- ##

hostname = fd69b6f2cff8
uname -m = x86_64
uname -r = 6.8.0-137-generic
uname -s = Linux
uname -v = #137-Ubuntu SMP PREEMPT_DYNAMIC Fri Jul 17 20:28:23 UTC 2026

/usr/bin/uname -p = unknown
/bin/uname -X     = unknown

/bin/arch              = unknown
/usr/bin/arch -k       = unknown
/usr/convex/getsysinfo = unknown
/usr/bin/hostinfo      = unknown
/bin/machine           = unknown
/usr/bin/oslevel       = unknown
/bin/universe          = unknown

PATH: /repo/Fail_GPL/asuswrt/release/tools
PATH: /repo/Fail_GPL/asuswrt/release/src-ra-openwrt-4210/ctools
PATH: /repo/Fail_GPL/asuswrt/release/tools
PATH: /repo/Fail_GPL/asuswrt/release/src-ra-openwrt-4210/ctools
PATH: /repo/Fail_GPL/asuswrt/release/tools
PATH: /repo/Fail_GPL/asuswrt/release/src-ra-openwrt-4210/ctools
PATH: /usr/local/sbin
PATH: /usr/local/bin
PATH: /usr/sbin
PATH: /usr/bin
PATH: /sbin
PATH: /bin
PATH: /home/asuswrt/bin
PATH: /home/asuswrt/mybash
PATH: /opt/buildroot-gcc342/bin
PATH: /opt/buildroot-gcc463/bin
PATH: /opt/brcm/hndtools-mipsel-linux/bin
PATH: /opt/brcm/hndtools-mipsel-uclibc/bin
PATH: /opt/projects/hnd/tools/linux/hndtools-arm-linux-2.6.36-uclibc-4.5.3/bin
PATH: /opt/projects/hnd/tools/linux/hndtools-arm-linux-2.6.36-uclibc-4.5.3/arm-linux/bin
PATH: /opt/projects/hnd/tools/linux/hndtools-arm-linux-2.6.36-uclibc-4.5.3/usr/bin
PATH: /opt/toolchains/crosstools-arm-gcc-5.3-linux-4.1-glibc-2.22-binutils-2.25/usr/bin
PATH: /opt/toolchains/crosstools-aarch64-gcc-5.3-linux-4.1-glibc-2.22-binutils-2.25/usr/bin
PATH: /opt/toolchains/crosstools-arm-gcc-9.2-linux-4.19-glibc-2.30-binutils-2.32/usr/lib
PATH: /opt/toolchains/crosstools-aarch64-gcc-9.2-linux-4.19-glibc-2.30-binutils-2.32/bin
PATH: /opt/toolchains/crosstools-arm-gcc-10.3-linux-4.19-glibc-2.32-binutils-2.36.1/bin
PATH: /opt/toolchains/crosstools-aarch64-gcc-10.3-linux-4.19-glibc-2.32-binutils-2.36.1/bin
PATH: /opt/openwrt-gcc463.arm/bin
PATH: /opt/openwrt-gcc463.mips.mesh/bin
PATH: /opt/openwrt-gcc520_musl.aarch64/bin
PATH: /opt/openwrt-gcc840_musl.aarch64/bin


## ----------- ##
## Core tests. ##
## ----------- ##

configure:2571: checking for a BSD-compatible install
configure:2639: result: /usr/bin/install -c
configure:2650: checking whether build environment is sane
configure:2705: result: yes
configure:2764: checking for mipsel-linux-strip
configure:2791: result: /opt/lede-toolchain-ramips-mt7621_gcc-5.4.0_musl-1.1.24.Linux-x86_64/toolchain-mipsel_24kc_gcc-5.4.0_musl-1.1.24/bin/mipsel-openwrt-linux-musl-strip -R .note -R .comment
configure:2856: checking for a thread-safe mkdir -p
configure:2895: result: /bin/mkdir -p
configure:2902: checking for gawk
configure:2918: found /usr/bin/gawk
configure:2929: result: gawk
configure:2940: checking whether make sets $(MAKE)
configure:2962: result: yes
configure:2991: checking whether make supports nested variables
configure:3008: result: yes
configure:3145: checking whether make supports nested variables
configure:3162: result: yes
configure:3187: checking for mipsel-linux-gcc
configure:3214: result: /opt/lede-toolchain-ramips-mt7621_gcc-5.4.0_musl-1.1.24.Linux-x86_64/toolchain-mipsel_24kc_gcc-5.4.0_musl-1.1.24/bin/mipsel-openwrt-linux-musl-gcc
configure:3483: checking for C compiler version
configure:3492: /opt/lede-toolchain-ramips-mt7621_gcc-5.4.0_musl-1.1.24.Linux-x86_64/toolchain-mipsel_24kc_gcc-5.4.0_musl-1.1.24/bin/mipsel-openwrt-linux-musl-gcc --version >&5
mipsel-openwrt-linux-musl-gcc.bin (LEDE GCC 5.4.0 unknown) 5.4.0
Copyright (C) 2015 Free Software Foundation, Inc.
This is free software; see the source for copying conditions.  There is NO
warranty; not even for MERCHANTABILITY or FITNESS FOR A PARTICULAR PURPOSE.

configure:3503: $? = 0
configure:3492: /opt/lede-toolchain-ramips-mt7621_gcc-5.4.0_musl-1.1.24.Linux-x86_64/toolchain-mipsel_24kc_gcc-5.4.0_musl-1.1.24/bin/mipsel-openwrt-linux-musl-gcc -v >&5
Reading specs from /opt/lede-toolchain-ramips-mt7621_gcc-5.4.0_musl-1.1.24.Linux-x86_64/toolchain-mipsel_24kc_gcc-5.4.0_musl-1.1.24/bin/../lib/gcc/mipsel-openwrt-linux-musl/5.4.0/specs
COLLECT_GCC=mipsel-openwrt-linux-musl-gcc.bin
COLLECT_LTO_WRAPPER=/opt/lede-toolchain-ramips-mt7621_gcc-5.4.0_musl-1.1.24.Linux-x86_64/toolchain-mipsel_24kc_gcc-5.4.0_musl-1.1.24/bin/../libexec/gcc/mipsel-openwrt-linux-musl/5.4.0/lto-wrapper
Target: mipsel-openwrt-linux-musl
Configured with: /data2/heidi_wen/SW4_git/OpenWRT_4210_20230308/mtk-openwrt-lede-4.2.1.0/build_dir/toolchain-mipsel_24kc_gcc-5.4.0_musl-1.1.24/gcc-5.4.0/configure --with-bugurl=http://www.lede-project.org/bugs/ --with-pkgversion='LEDE GCC 5.4.0 unknown' --prefix=/data2/heidi_wen/SW4_git/OpenWRT_4210_20230308/mtk-openwrt-lede-4.2.1.0/staging_dir/toolchain-mipsel_24kc_gcc-5.4.0_musl-1.1.24 --build=x86_64-linux-gnu --host=x86_64-linux-gnu --target=mipsel-openwrt-linux-musl --with-gnu-ld --enable-target-optspace --disable-libgomp --disable-libmudflap --disable-multilib --disable-libmpx --disable-nls --without-isl --without-cloog --with-host-libstdcxx=-lstdc++ --with-float=soft --with-gmp=/data2/heidi_wen/SW4_git/OpenWRT_4210_20230308/mtk-openwrt-lede-4.2.1.0/staging_dir/host --with-mpfr=/data2/heidi_wen/SW4_git/OpenWRT_4210_20230308/mtk-openwrt-lede-4.2.1.0/staging_dir/host --with-mpc=/data2/heidi_wen/SW4_git/OpenWRT_4210_20230308/mtk-openwrt-lede-4.2.1.0/staging_dir/host --disable-decimal-float --with-mips-plt --with-diagnostics-color=auto-if-env --disable-libssp --enable-__cxa_atexit --with-headers=/data2/heidi_wen/SW4_git/OpenWRT_4210_20230308/mtk-openwrt-lede-4.2.1.0/staging_dir/toolchain-mipsel_24kc_gcc-5.4.0_musl-1.1.24/include --disable-libsanitizer --enable-languages=c,c++ --enable-shared --enable-threads --with-slibdir=/data2/heidi_wen/SW4_git/OpenWRT_4210_20230308/mtk-openwrt-lede-4.2.1.0/staging_dir/toolchain-mipsel_24kc_gcc-5.4.0_musl-1.1.24/lib --enable-lto --with-libelf=/data2/heidi_wen/SW4_git/OpenWRT_4210_20230308/mtk-openwrt-lede-4.2.1.0/staging_dir/host
Thread model: posix
gcc version 5.4.0 (LEDE GCC 5.4.0 unknown) 
COMPILER_PATH=/opt/lede-toolchain-ramips-mt7621_gcc-5.4.0_musl-1.1.24.Linux-x86_64/toolchain-mipsel_24kc_gcc-5.4.0_musl-1.1.24/bin/../libexec/gcc/mipsel-openwrt-linux-musl/5.4.0/:/opt/lede-toolchain-ramips-mt7621_gcc-5.4.0_musl-1.1.24.Linux-x86_64/toolchain-mipsel_24kc_gcc-5.4.0_musl-1.1.24/bin/../libexec/gcc/:/opt/lede-toolchain-ramips-mt7621_gcc-5.4.0_musl-1.1.24.Linux-x86_64/toolchain-mipsel_24kc_gcc-5.4.0_musl-1.1.24/bin/../lib/gcc/mipsel-openwrt-linux-musl/5.4.0/../../../../mipsel-openwrt-linux-musl/bin/
LIBRARY_PATH=/opt/lede-toolchain-ramips-mt7621_gcc-5.4.0_musl-1.1.24.Linux-x86_64/toolchain-mipsel_24kc_gcc-5.4.0_musl-1.1.24/bin/../lib/gcc/mipsel-openwrt-linux-musl/5.4.0/:/opt/lede-toolchain-ramips-mt7621_gcc-5.4.0_musl-1.1.24.Linux-x86_64/toolchain-mipsel_24kc_gcc-5.4.0_musl-1.1.24/bin/../lib/gcc/:/opt/lede-toolchain-ramips-mt7621_gcc-5.4.0_musl-1.1.24.Linux-x86_64/toolchain-mipsel_24kc_gcc-5.4.0_musl-1.1.24/bin/../lib/gcc/mipsel-openwrt-linux-musl/5.4.0/../../../../mipsel-openwrt-linux-musl/lib/
COLLECT_GCC_OPTIONS='-v' '-msoft-float' '-mllsc' '-mplt' '-mno-shared' '-EL' '-mabi=32'
... rest of stderr output deleted ...
configure:3503: $? = 1
configure:3492: /opt/lede-toolchain-ramips-mt7621_gcc-5.4.0_musl-1.1.24.Linux-x86_64/toolchain-mipsel_24kc_gcc-5.4.0_musl-1.1.24/bin/mipsel-openwrt-linux-musl-gcc -V >&5
mipsel-openwrt-linux-musl-gcc.bin: error: unrecognized command line option '-V'
configure:3503: $? = 1
configure:3492: /opt/lede-toolchain-ramips-mt7621_gcc-5.4.0_musl-1.1.24.Linux-x86_64/toolchain-mipsel_24kc_gcc-5.4.0_musl-1.1.24/bin/mipsel-openwrt-linux-musl-gcc -qversion >&5
mipsel-openwrt-linux-musl-gcc.bin: error: unrecognized command line option '-qversion'
configure:3503: $? = 1
configure:3523: checking whether the C compiler works
configure:3545: /opt/lede-toolchain-ramips-mt7621_gcc-5.4.0_musl-1.1.24.Linux-x86_64/toolchain-mipsel_24kc_gcc-5.4.0_musl-1.1.24/bin/mipsel-openwrt-linux-musl-gcc -DRTAX53U -DRTAX53U -DRTAX53U -DMUSL_LIBC -DRTAX53U -DBCM_EVENTD -DEXT_ACS -D__CONFIG_EMF__ -D__CONFIG_WPS__ -DMUSL_LIBC -DRTAX53U -DBCM_EVENTD -DEXT_ACS -D__CONFIG_EMF__ -D__CONFIG_WPS__   conftest.c  >&5
configure:3549: $? = 0
configure:3597: result: yes
configure:3600: checking for C compiler default output file name
configure:3602: result: a.out
configure:3608: checking for suffix of executables
configure:3615: /opt/lede-toolchain-ramips-mt7621_gcc-5.4.0_musl-1.1.24.Linux-x86_64/toolchain-mipsel_24kc_gcc-5.4.0_musl-1.1.24/bin/mipsel-openwrt-linux-musl-gcc -o conftest -DRTAX53U -DRTAX53U -DRTAX53U -DMUSL_LIBC -DRTAX53U -DBCM_EVENTD -DEXT_ACS -D__CONFIG_EMF__ -D__CONFIG_WPS__ -DMUSL_LIBC -DRTAX53U -DBCM_EVENTD -DEXT_ACS -D__CONFIG_EMF__ -D__CONFIG_WPS__   conftest.c  >&5
configure:3619: $? = 0
configure:3641: result: 
configure:3663: checking whether we are cross compiling
configure:3701: result: yes
configure:3706: checking for suffix of object files
configure:3728: /opt/lede-toolchain-ramips-mt7621_gcc-5.4.0_musl-1.1.24.Linux-x86_64/toolchain-mipsel_24kc_gcc-5.4.0_musl-1.1.24/bin/mipsel-openwrt-linux-musl-gcc -c -DRTAX53U -DRTAX53U -DRTAX53U -DMUSL_LIBC -DRTAX53U -DBCM_EVENTD -DEXT_ACS -D__CONFIG_EMF__ -D__CONFIG_WPS__ -DMUSL_LIBC -DRTAX53U -DBCM_EVENTD -DEXT_ACS -D__CONFIG_EMF__ -D__CONFIG_WPS__  conftest.c >&5
configure:3732: $? = 0
configure:3753: result: o
configure:3757: checking whether we are using the GNU C compiler
configure:3776: /opt/lede-toolchain-ramips-mt7621_gcc-5.4.0_musl-1.1.24.Linux-x86_64/toolchain-mipsel_24kc_gcc-5.4.0_musl-1.1.24/bin/mipsel-openwrt-linux-musl-gcc -c -DRTAX53U -DRTAX53U -DRTAX53U -DMUSL_LIBC -DRTAX53U -DBCM_EVENTD -DEXT_ACS -D__CONFIG_EMF__ -D__CONFIG_WPS__ -DMUSL_LIBC -DRTAX53U -DBCM_EVENTD -DEXT_ACS -D__CONFIG_EMF__ -D__CONFIG_WPS__  conftest.c >&5
configure:3776: $? = 0
configure:3785: result: yes
configure:3794: checking whether /opt/lede-toolchain-ramips-mt7621_gcc-5.4.0_musl-1.1.24.Linux-x86_64/toolchain-mipsel_24kc_gcc-5.4.0_musl-1.1.24/bin/mipsel-openwrt-linux-musl-gcc accepts -g
configure:3814: /opt/lede-toolchain-ramips-mt7621_gcc-5.4.0_musl-1.1.24.Linux-x86_64/toolchain-mipsel_24kc_gcc-5.4.0_musl-1.1.24/bin/mipsel-openwrt-linux-musl-gcc -c -g  conftest.c >&5
configure:3814: $? = 0
configure:3855: result: yes
configure:3872: checking for /opt/lede-toolchain-ramips-mt7621_gcc-5.4.0_musl-1.1.24.Linux-x86_64/toolchain-mipsel_24kc_gcc-5.4.0_musl-1.1.24/bin/mipsel-openwrt-linux-musl-gcc option to accept ISO C89
configure:3935: /opt/lede-toolchain-ramips-mt7621_gcc-5.4.0_musl-1.1.24.Linux-x86_64/toolchain-mipsel_24kc_gcc-5.4.0_musl-1.1.24/bin/mipsel-openwrt-linux-musl-gcc  -c -DRTAX53U -DRTAX53U -DRTAX53U -DMUSL_LIBC -DRTAX53U -DBCM_EVENTD -DEXT_ACS -D__CONFIG_EMF__ -D__CONFIG_WPS__ -DMUSL_LIBC -DRTAX53U -DBCM_EVENTD -DEXT_ACS -D__CONFIG_EMF__ -D__CONFIG_WPS__  conftest.c >&5
configure:3935: $? = 0
configure:3948: result: none needed
configure:3973: checking whether /opt/lede-toolchain-ramips-mt7621_gcc-5.4.0_musl-1.1.24.Linux-x86_64/toolchain-mipsel_24kc_gcc-5.4.0_musl-1.1.24/bin/mipsel-openwrt-linux-musl-gcc understands -c and -o together
configure:3995: /opt/lede-toolchain-ramips-mt7621_gcc-5.4.0_musl-1.1.24.Linux-x86_64/toolchain-mipsel_24kc_gcc-5.4.0_musl-1.1.24/bin/mipsel-openwrt-linux-musl-gcc -c conftest.c -o conftest2.o
configure:3998: $? = 0
configure:3995: /opt/lede-toolchain-ramips-mt7621_gcc-5.4.0_musl-1.1.24.Linux-x86_64/toolchain-mipsel_24kc_gcc-5.4.0_musl-1.1.24/bin/mipsel-openwrt-linux-musl-gcc -c conftest.c -o conftest2.o
configure:3998: $? = 0
configure:4010: result: yes
configure:4038: checking for style of include used by make
configure:4066: result: GNU
configure:4092: checking dependency style of /opt/lede-toolchain-ramips-mt7621_gcc-5.4.0_musl-1.1.24.Linux-x86_64/toolchain-mipsel_24kc_gcc-5.4.0_musl-1.1.24/bin/mipsel-openwrt-linux-musl-gcc
configure:4203: result: gcc3
configure:4330: checking for C++ compiler version
configure:4339: /opt/lede-toolchain-ramips-mt7621_gcc-5.4.0_musl-1.1.24.Linux-x86_64/toolchain-mipsel_24kc_gcc-5.4.0_musl-1.1.24/bin/mipsel-openwrt-linux-musl-g++ --version >&5
mipsel-openwrt-linux-musl-g++.bin (LEDE GCC 5.4.0 unknown) 5.4.0
Copyright (C) 2015 Free Software Foundation, Inc.
This is free software; see the source for copying conditions.  There is NO
warranty; not even for MERCHANTABILITY or FITNESS FOR A PARTICULAR PURPOSE.

configure:4350: $? = 0
configure:4339: /opt/lede-toolchain-ramips-mt7621_gcc-5.4.0_musl-1.1.24.Linux-x86_64/toolchain-mipsel_24kc_gcc-5.4.0_musl-1.1.24/bin/mipsel-openwrt-linux-musl-g++ -v >&5
Reading specs from /opt/lede-toolchain-ramips-mt7621_gcc-5.4.0_musl-1.1.24.Linux-x86_64/toolchain-mipsel_24kc_gcc-5.4.0_musl-1.1.24/bin/../lib/gcc/mipsel-openwrt-linux-musl/5.4.0/specs
COLLECT_GCC=mipsel-openwrt-linux-musl-g++.bin
COLLECT_LTO_WRAPPER=/opt/lede-toolchain-ramips-mt7621_gcc-5.4.0_musl-1.1.24.Linux-x86_64/toolchain-mipsel_24kc_gcc-5.4.0_musl-1.1.24/bin/../libexec/gcc/mipsel-openwrt-linux-musl/5.4.0/lto-wrapper
Target: mipsel-openwrt-linux-musl
Configured with: /data2/heidi_wen/SW4_git/OpenWRT_4210_20230308/mtk-openwrt-lede-4.2.1.0/build_dir/toolchain-mipsel_24kc_gcc-5.4.0_musl-1.1.24/gcc-5.4.0/configure --with-bugurl=http://www.lede-project.org/bugs/ --with-pkgversion='LEDE GCC 5.4.0 unknown' --prefix=/data2/heidi_wen/SW4_git/OpenWRT_4210_20230308/mtk-openwrt-lede-4.2.1.0/staging_dir/toolchain-mipsel_24kc_gcc-5.4.0_musl-1.1.24 --build=x86_64-linux-gnu --host=x86_64-linux-gnu --target=mipsel-openwrt-linux-musl --with-gnu-ld --enable-target-optspace --disable-libgomp --disable-libmudflap --disable-multilib --disable-libmpx --disable-nls --without-isl --without-cloog --with-host-libstdcxx=-lstdc++ --with-float=soft --with-gmp=/data2/heidi_wen/SW4_git/OpenWRT_4210_20230308/mtk-openwrt-lede-4.2.1.0/staging_dir/host --with-mpfr=/data2/heidi_wen/SW4_git/OpenWRT_4210_20230308/mtk-openwrt-lede-4.2.1.0/staging_dir/host --with-mpc=/data2/heidi_wen/SW4_git/OpenWRT_4210_20230308/mtk-openwrt-lede-4.2.1.0/staging_dir/host --disable-decimal-float --with-mips-plt --with-diagnostics-color=auto-if-env --disable-libssp --enable-__cxa_atexit --with-headers=/data2/heidi_wen/SW4_git/OpenWRT_4210_20230308/mtk-openwrt-lede-4.2.1.0/staging_dir/toolchain-mipsel_24kc_gcc-5.4.0_musl-1.1.24/include --disable-libsanitizer --enable-languages=c,c++ --enable-shared --enable-threads --with-slibdir=/data2/heidi_wen/SW4_git/OpenWRT_4210_20230308/mtk-openwrt-lede-4.2.1.0/staging_dir/toolchain-mipsel_24kc_gcc-5.4.0_musl-1.1.24/lib --enable-lto --with-libelf=/data2/heidi_wen/SW4_git/OpenWRT_4210_20230308/mtk-openwrt-lede-4.2.1.0/staging_dir/host
Thread model: posix
gcc version 5.4.0 (LEDE GCC 5.4.0 unknown) 
COMPILER_PATH=/opt/lede-toolchain-ramips-mt7621_gcc-5.4.0_musl-1.1.24.Linux-x86_64/toolchain-mipsel_24kc_gcc-5.4.0_musl-1.1.24/bin/../libexec/gcc/mipsel-openwrt-linux-musl/5.4.0/:/opt/lede-toolchain-ramips-mt7621_gcc-5.4.0_musl-1.1.24.Linux-x86_64/toolchain-mipsel_24kc_gcc-5.4.0_musl-1.1.24/bin/../libexec/gcc/:/opt/lede-toolchain-ramips-mt7621_gcc-5.4.0_musl-1.1.24.Linux-x86_64/toolchain-mipsel_24kc_gcc-5.4.0_musl-1.1.24/bin/../lib/gcc/mipsel-openwrt-linux-musl/5.4.0/../../../../mipsel-openwrt-linux-musl/bin/
LIBRARY_PATH=/opt/lede-toolchain-ramips-mt7621_gcc-5.4.0_musl-1.1.24.Linux-x86_64/toolchain-mipsel_24kc_gcc-5.4.0_musl-1.1.24/bin/../lib/gcc/mipsel-openwrt-linux-musl/5.4.0/:/opt/lede-toolchain-ramips-mt7621_gcc-5.4.0_musl-1.1.24.Linux-x86_64/toolchain-mipsel_24kc_gcc-5.4.0_musl-1.1.24/bin/../lib/gcc/:/opt/lede-toolchain-ramips-mt7621_gcc-5.4.0_musl-1.1.24.Linux-x86_64/toolchain-mipsel_24kc_gcc-5.4.0_musl-1.1.24/bin/../lib/gcc/mipsel-openwrt-linux-musl/5.4.0/../../../../mipsel-openwrt-linux-musl/lib/
COLLECT_GCC_OPTIONS='-v' '-shared-libgcc' '-msoft-float' '-mllsc' '-mplt' '-mno-shared' '-EL' '-mabi=32'
... rest of stderr output deleted ...
configure:4350: $? = 1
configure:4339: /opt/lede-toolchain-ramips-mt7621_gcc-5.4.0_musl-1.1.24.Linux-x86_64/toolchain-mipsel_24kc_gcc-5.4.0_musl-1.1.24/bin/mipsel-openwrt-linux-musl-g++ -V >&5
mipsel-openwrt-linux-musl-g++.bin: error: unrecognized command line option '-V'
configure:4350: $? = 1
configure:4339: /opt/lede-toolchain-ramips-mt7621_gcc-5.4.0_musl-1.1.24.Linux-x86_64/toolchain-mipsel_24kc_gcc-5.4.0_musl-1.1.24/bin/mipsel-openwrt-linux-musl-g++ -qversion >&5
mipsel-openwrt-linux-musl-g++.bin: error: unrecognized command line option '-qversion'
configure:4350: $? = 1
configure:4354: checking whether we are using the GNU C++ compiler
configure:4373: /opt/lede-toolchain-ramips-mt7621_gcc-5.4.0_musl-1.1.24.Linux-x86_64/toolchain-mipsel_24kc_gcc-5.4.0_musl-1.1.24/bin/mipsel-openwrt-linux-musl-g++ -c   conftest.cpp >&5
configure:4373: $? = 0
configure:4382: result: yes
configure:4391: checking whether /opt/lede-toolchain-ramips-mt7621_gcc-5.4.0_musl-1.1.24.Linux-x86_64/toolchain-mipsel_24kc_gcc-5.4.0_musl-1.1.24/bin/mipsel-openwrt-linux-musl-g++ accepts -g
configure:4411: /opt/lede-toolchain-ramips-mt7621_gcc-5.4.0_musl-1.1.24.Linux-x86_64/toolchain-mipsel_24kc_gcc-5.4.0_musl-1.1.24/bin/mipsel-openwrt-linux-musl-g++ -c -g  conftest.cpp >&5
configure:4411: $? = 0
configure:4452: result: yes
configure:4477: checking dependency style of /opt/lede-toolchain-ramips-mt7621_gcc-5.4.0_musl-1.1.24.Linux-x86_64/toolchain-mipsel_24kc_gcc-5.4.0_musl-1.1.24/bin/mipsel-openwrt-linux-musl-g++
configure:4588: result: gcc3
configure:4633: checking build system type
configure:4647: result: x86_64-pc-linux-gnu
configure:4667: checking host system type
configure:4680: result: mipsel-unknown-linux-gnu
configure:4721: checking how to print strings
configure:4748: result: printf
configure:4769: checking for a sed that does not truncate output
configure:4833: result: /bin/sed
configure:4851: checking for grep that handles long lines and -e
configure:4909: result: /bin/grep
configure:4914: checking for egrep
configure:4976: result: /bin/grep -E
configure:4981: checking for fgrep
configure:5043: result: /bin/grep -F
configure:5078: checking for ld used by /opt/lede-toolchain-ramips-mt7621_gcc-5.4.0_musl-1.1.24.Linux-x86_64/toolchain-mipsel_24kc_gcc-5.4.0_musl-1.1.24/bin/mipsel-openwrt-linux-musl-gcc
configure:5145: result: /opt/lede-toolchain-ramips-mt7621_gcc-5.4.0_musl-1.1.24.Linux-x86_64/toolchain-mipsel_24kc_gcc-5.4.0_musl-1.1.24/bin/mipsel-openwrt-linux-musl-ld
configure:5152: checking if the linker (/opt/lede-toolchain-ramips-mt7621_gcc-5.4.0_musl-1.1.24.Linux-x86_64/toolchain-mipsel_24kc_gcc-5.4.0_musl-1.1.24/bin/mipsel-openwrt-linux-musl-ld) is GNU ld
configure:5167: result: yes
configure:5179: checking for BSD- or MS-compatible name lister (nm)
configure:5233: result: /opt/lede-toolchain-ramips-mt7621_gcc-5.4.0_musl-1.1.24.Linux-x86_64/toolchain-mipsel_24kc_gcc-5.4.0_musl-1.1.24/bin/mipsel-openwrt-linux-musl-nm
configure:5363: checking the name lister (/opt/lede-toolchain-ramips-mt7621_gcc-5.4.0_musl-1.1.24.Linux-x86_64/toolchain-mipsel_24kc_gcc-5.4.0_musl-1.1.24/bin/mipsel-openwrt-linux-musl-nm) interface
configure:5370: /opt/lede-toolchain-ramips-mt7621_gcc-5.4.0_musl-1.1.24.Linux-x86_64/toolchain-mipsel_24kc_gcc-5.4.0_musl-1.1.24/bin/mipsel-openwrt-linux-musl-gcc -c -DRTAX53U -DRTAX53U -DRTAX53U -DMUSL_LIBC -DRTAX53U -DBCM_EVENTD -DEXT_ACS -D__CONFIG_EMF__ -D__CONFIG_WPS__ -DMUSL_LIBC -DRTAX53U -DBCM_EVENTD -DEXT_ACS -D__CONFIG_EMF__ -D__CONFIG_WPS__  conftest.c >&5
configure:5373: /opt/lede-toolchain-ramips-mt7621_gcc-5.4.0_musl-1.1.24.Linux-x86_64/toolchain-mipsel_24kc_gcc-5.4.0_musl-1.1.24/bin/mipsel-openwrt-linux-musl-nm "conftest.o"
configure:5376: output
00000000 B some_variable
configure:5383: result: BSD nm
configure:5386: checking whether ln -s works
configure:5390: result: yes
configure:5398: checking the maximum length of command line arguments
configure:5529: result: 1572864
configure:5577: checking how to convert x86_64-pc-linux-gnu file names to mipsel-unknown-linux-gnu format
configure:5617: result: func_convert_file_noop
configure:5624: checking how to convert x86_64-pc-linux-gnu file names to toolchain format
configure:5644: result: func_convert_file_noop
configure:5651: checking for /opt/lede-toolchain-ramips-mt7621_gcc-5.4.0_musl-1.1.24.Linux-x86_64/toolchain-mipsel_24kc_gcc-5.4.0_musl-1.1.24/bin/mipsel-openwrt-linux-musl-ld option to reload object files
configure:5658: result: -r
configure:5692: checking for mipsel-linux-objdump
configure:5719: result: /opt/lede-toolchain-ramips-mt7621_gcc-5.4.0_musl-1.1.24.Linux-x86_64/toolchain-mipsel_24kc_gcc-5.4.0_musl-1.1.24/bin/mipsel-openwrt-linux-musl-objdump
configure:5791: checking how to recognize dependent libraries
configure:5991: result: pass_all
configure:6036: checking for mipsel-linux-dlltool
configure:6066: result: no
configure:6076: checking for dlltool
configure:6106: result: no
configure:6136: checking how to associate runtime and link libraries
configure:6163: result: printf %s\n
configure:6180: checking for mipsel-linux-ar
configure:6207: result: /opt/lede-toolchain-ramips-mt7621_gcc-5.4.0_musl-1.1.24.Linux-x86_64/toolchain-mipsel_24kc_gcc-5.4.0_musl-1.1.24/bin/mipsel-openwrt-linux-musl-ar
configure:6288: checking for archiver @FILE support
configure:6305: /opt/lede-toolchain-ramips-mt7621_gcc-5.4.0_musl-1.1.24.Linux-x86_64/toolchain-mipsel_24kc_gcc-5.4.0_musl-1.1.24/bin/mipsel-openwrt-linux-musl-gcc -c -DRTAX53U -DRTAX53U -DRTAX53U -DMUSL_LIBC -DRTAX53U -DBCM_EVENTD -DEXT_ACS -D__CONFIG_EMF__ -D__CONFIG_WPS__ -DMUSL_LIBC -DRTAX53U -DBCM_EVENTD -DEXT_ACS -D__CONFIG_EMF__ -D__CONFIG_WPS__  conftest.c >&5
configure:6305: $? = 0
configure:6308: /opt/lede-toolchain-ramips-mt7621_gcc-5.4.0_musl-1.1.24.Linux-x86_64/toolchain-mipsel_24kc_gcc-5.4.0_musl-1.1.24/bin/mipsel-openwrt-linux-musl-ar cru libconftest.a @conftest.lst >&5
/opt/lede-toolchain-ramips-mt7621_gcc-5.4.0_musl-1.1.24.Linux-x86_64/toolchain-mipsel_24kc_gcc-5.4.0_musl-1.1.24/bin/mipsel-openwrt-linux-musl-ar: `u' modifier ignored since `D' is the default (see `U')
configure:6311: $? = 0
configure:6316: /opt/lede-toolchain-ramips-mt7621_gcc-5.4.0_musl-1.1.24.Linux-x86_64/toolchain-mipsel_24kc_gcc-5.4.0_musl-1.1.24/bin/mipsel-openwrt-linux-musl-ar cru libconftest.a @conftest.lst >&5
/opt/lede-toolchain-ramips-mt7621_gcc-5.4.0_musl-1.1.24.Linux-x86_64/toolchain-mipsel_24kc_gcc-5.4.0_musl-1.1.24/bin/mipsel-openwrt-linux-musl-ar: `u' modifier ignored since `D' is the default (see `U')
/opt/lede-toolchain-ramips-mt7621_gcc-5.4.0_musl-1.1.24.Linux-x86_64/toolchain-mipsel_24kc_gcc-5.4.0_musl-1.1.24/bin/mipsel-openwrt-linux-musl-ar: conftest.o: No such file or directory
configure:6319: $? = 1
configure:6331: result: @
configure:6349: checking for mipsel-linux-strip
configure:6376: result: /opt/lede-toolchain-ramips-mt7621_gcc-5.4.0_musl-1.1.24.Linux-x86_64/toolchain-mipsel_24kc_gcc-5.4.0_musl-1.1.24/bin/mipsel-openwrt-linux-musl-strip -R .note -R .comment
configure:6448: checking for mipsel-linux-ranlib
configure:6475: result: /opt/lede-toolchain-ramips-mt7621_gcc-5.4.0_musl-1.1.24.Linux-x86_64/toolchain-mipsel_24kc_gcc-5.4.0_musl-1.1.24/bin/mipsel-openwrt-linux-musl-ranlib
configure:6617: checking command to parse /opt/lede-toolchain-ramips-mt7621_gcc-5.4.0_musl-1.1.24.Linux-x86_64/toolchain-mipsel_24kc_gcc-5.4.0_musl-1.1.24/bin/mipsel-openwrt-linux-musl-nm output from /opt/lede-toolchain-ramips-mt7621_gcc-5.4.0_musl-1.1.24.Linux-x86_64/toolchain-mipsel_24kc_gcc-5.4.0_musl-1.1.24/bin/mipsel-openwrt-linux-musl-gcc object
configure:6770: /opt/lede-toolchain-ramips-mt7621_gcc-5.4.0_musl-1.1.24.Linux-x86_64/toolchain-mipsel_24kc_gcc-5.4.0_musl-1.1.24/bin/mipsel-openwrt-linux-musl-gcc -c -DRTAX53U -DRTAX53U -DRTAX53U -DMUSL_LIBC -DRTAX53U -DBCM_EVENTD -DEXT_ACS -D__CONFIG_EMF__ -D__CONFIG_WPS__ -DMUSL_LIBC -DRTAX53U -DBCM_EVENTD -DEXT_ACS -D__CONFIG_EMF__ -D__CONFIG_WPS__  conftest.c >&5
configure:6773: $? = 0
configure:6777: /opt/lede-toolchain-ramips-mt7621_gcc-5.4.0_musl-1.1.24.Linux-x86_64/toolchain-mipsel_24kc_gcc-5.4.0_musl-1.1.24/bin/mipsel-openwrt-linux-musl-nm conftest.o \| sed -n -e 's/^.*[ ]\([ABCDGIRSTW][ABCDGIRSTW]*\)[ ][ ]*\([_A-Za-z][_A-Za-z0-9]*\)$/\1 \2 \2/p' | sed '/ __gnu_lto/d' \> conftest.nm
configure:6780: $? = 0
configure:6846: /opt/lede-toolchain-ramips-mt7621_gcc-5.4.0_musl-1.1.24.Linux-x86_64/toolchain-mipsel_24kc_gcc-5.4.0_musl-1.1.24/bin/mipsel-openwrt-linux-musl-gcc -o conftest -DRTAX53U -DRTAX53U -DRTAX53U -DMUSL_LIBC -DRTAX53U -DBCM_EVENTD -DEXT_ACS -D__CONFIG_EMF__ -D__CONFIG_WPS__ -DMUSL_LIBC -DRTAX53U -DBCM_EVENTD -DEXT_ACS -D__CONFIG_EMF__ -D__CONFIG_WPS__   conftest.c conftstm.o >&5
configure:6849: $? = 0
configure:6887: result: ok
configure:6934: checking for sysroot
configure:6964: result: no
configure:6971: checking for a working dd
configure:7009: result: /bin/dd
configure:7013: checking how to truncate binary pipes
configure:7028: result: /bin/dd bs=4096 count=1
configure:7317: checking for mipsel-linux-mt
configure:7347: result: no
configure:7357: checking for mt
configure:7387: result: no
configure:7407: checking if : is a manifest tool
configure:7413: : '-?'
configure:7421: result: no
configure:8098: checking how to run the C preprocessor
configure:8129: /opt/lede-toolchain-ramips-mt7621_gcc-5.4.0_musl-1.1.24.Linux-x86_64/toolchain-mipsel_24kc_gcc-5.4.0_musl-1.1.24/bin/mipsel-openwrt-linux-musl-gcc -E  conftest.c
configure:8129: $? = 0
configure:8143: /opt/lede-toolchain-ramips-mt7621_gcc-5.4.0_musl-1.1.24.Linux-x86_64/toolchain-mipsel_24kc_gcc-5.4.0_musl-1.1.24/bin/mipsel-openwrt-linux-musl-gcc -E  conftest.c
conftest.c:11:28: fatal error: ac_nonexistent.h: No such file or directory
compilation terminated.
configure:8143: $? = 1
configure: failed program was:
| /* confdefs.h */
| #define PACKAGE_NAME "usbmuxd"
| #define PACKAGE_TARNAME "usbmuxd"
| #define PACKAGE_VERSION "1.1.1"
| #define PACKAGE_STRING "usbmuxd 1.1.1"
| #define PACKAGE_BUGREPORT "https://github.com/libimobiledevice/usbmuxd/issues"
| #define PACKAGE_URL "https://libimobiledevice.org"
| #define PACKAGE "usbmuxd"
| #define VERSION "1.1.1"
| /* end confdefs.h.  */
| #include <ac_nonexistent.h>
configure:8168: result: /opt/lede-toolchain-ramips-mt7621_gcc-5.4.0_musl-1.1.24.Linux-x86_64/toolchain-mipsel_24kc_gcc-5.4.0_musl-1.1.24/bin/mipsel-openwrt-linux-musl-gcc -E
configure:8188: /opt/lede-toolchain-ramips-mt7621_gcc-5.4.0_musl-1.1.24.Linux-x86_64/toolchain-mipsel_24kc_gcc-5.4.0_musl-1.1.24/bin/mipsel-openwrt-linux-musl-gcc -E  conftest.c
configure:8188: $? = 0
configure:8202: /opt/lede-toolchain-ramips-mt7621_gcc-5.4.0_musl-1.1.24.Linux-x86_64/toolchain-mipsel_24kc_gcc-5.4.0_musl-1.1.24/bin/mipsel-openwrt-linux-musl-gcc -E  conftest.c
conftest.c:11:28: fatal error: ac_nonexistent.h: No such file or directory
compilation terminated.
configure:8202: $? = 1
configure: failed program was:
| /* confdefs.h */
| #define PACKAGE_NAME "usbmuxd"
| #define PACKAGE_TARNAME "usbmuxd"
| #define PACKAGE_VERSION "1.1.1"
| #define PACKAGE_STRING "usbmuxd 1.1.1"
| #define PACKAGE_BUGREPORT "https://github.com/libimobiledevice/usbmuxd/issues"
| #define PACKAGE_URL "https://libimobiledevice.org"
| #define PACKAGE "usbmuxd"
| #define VERSION "1.1.1"
| /* end confdefs.h.  */
| #include <ac_nonexistent.h>
configure:8231: checking for ANSI C header files
configure:8251: /opt/lede-toolchain-ramips-mt7621_gcc-5.4.0_musl-1.1.24.Linux-x86_64/toolchain-mipsel_24kc_gcc-5.4.0_musl-1.1.24/bin/mipsel-openwrt-linux-musl-gcc -c -DRTAX53U -DRTAX53U -DRTAX53U -DMUSL_LIBC -DRTAX53U -DBCM_EVENTD -DEXT_ACS -D__CONFIG_EMF__ -D__CONFIG_WPS__ -DMUSL_LIBC -DRTAX53U -DBCM_EVENTD -DEXT_ACS -D__CONFIG_EMF__ -D__CONFIG_WPS__  conftest.c >&5
configure:8251: $? = 0
configure:8335: result: yes
configure:8348: checking for sys/types.h
configure:8348: /opt/lede-toolchain-ramips-mt7621_gcc-5.4.0_musl-1.1.24.Linux-x86_64/toolchain-mipsel_24kc_gcc-5.4.0_musl-1.1.24/bin/mipsel-openwrt-linux-musl-gcc -c -DRTAX53U -DRTAX53U -DRTAX53U -DMUSL_LIBC -DRTAX53U -DBCM_EVENTD -DEXT_ACS -D__CONFIG_EMF__ -D__CONFIG_WPS__ -DMUSL_LIBC -DRTAX53U -DBCM_EVENTD -DEXT_ACS -D__CONFIG_EMF__ -D__CONFIG_WPS__  conftest.c >&5
configure:8348: $? = 0
configure:8348: result: yes
configure:8348: checking for sys/stat.h
configure:8348: /opt/lede-toolchain-ramips-mt7621_gcc-5.4.0_musl-1.1.24.Linux-x86_64/toolchain-mipsel_24kc_gcc-5.4.0_musl-1.1.24/bin/mipsel-openwrt-linux-musl-gcc -c -DRTAX53U -DRTAX53U -DRTAX53U -DMUSL_LIBC -DRTAX53U -DBCM_EVENTD -DEXT_ACS -D__CONFIG_EMF__ -D__CONFIG_WPS__ -DMUSL_LIBC -DRTAX53U -DBCM_EVENTD -DEXT_ACS -D__CONFIG_EMF__ -D__CONFIG_WPS__  conftest.c >&5
configure:8348: $? = 0
configure:8348: result: yes
configure:8348: checking for stdlib.h
configure:8348: /opt/lede-toolchain-ramips-mt7621_gcc-5.4.0_musl-1.1.24.Linux-x86_64/toolchain-mipsel_24kc_gcc-5.4.0_musl-1.1.24/bin/mipsel-openwrt-linux-musl-gcc -c -DRTAX53U -DRTAX53U -DRTAX53U -DMUSL_LIBC -DRTAX53U -DBCM_EVENTD -DEXT_ACS -D__CONFIG_EMF__ -D__CONFIG_WPS__ -DMUSL_LIBC -DRTAX53U -DBCM_EVENTD -DEXT_ACS -D__CONFIG_EMF__ -D__CONFIG_WPS__  conftest.c >&5
configure:8348: $? = 0
configure:8348: result: yes
configure:8348: checking for string.h
configure:8348: /opt/lede-toolchain-ramips-mt7621_gcc-5.4.0_musl-1.1.24.Linux-x86_64/toolchain-mipsel_24kc_gcc-5.4.0_musl-1.1.24/bin/mipsel-openwrt-linux-musl-gcc -c -DRTAX53U -DRTAX53U -DRTAX53U -DMUSL_LIBC -DRTAX53U -DBCM_EVENTD -DEXT_ACS -D__CONFIG_EMF__ -D__CONFIG_WPS__ -DMUSL_LIBC -DRTAX53U -DBCM_EVENTD -DEXT_ACS -D__CONFIG_EMF__ -D__CONFIG_WPS__  conftest.c >&5
configure:8348: $? = 0
configure:8348: result: yes
configure:8348: checking for memory.h
configure:8348: /opt/lede-toolchain-ramips-mt7621_gcc-5.4.0_musl-1.1.24.Linux-x86_64/toolchain-mipsel_24kc_gcc-5.4.0_musl-1.1.24/bin/mipsel-openwrt-linux-musl-gcc -c -DRTAX53U -DRTAX53U -DRTAX53U -DMUSL_LIBC -DRTAX53U -DBCM_EVENTD -DEXT_ACS -D__CONFIG_EMF__ -D__CONFIG_WPS__ -DMUSL_LIBC -DRTAX53U -DBCM_EVENTD -DEXT_ACS -D__CONFIG_EMF__ -D__CONFIG_WPS__  conftest.c >&5
configure:8348: $? = 0
configure:8348: result: yes
configure:8348: checking for strings.h
configure:8348: /opt/lede-toolchain-ramips-mt7621_gcc-5.4.0_musl-1.1.24.Linux-x86_64/toolchain-mipsel_24kc_gcc-5.4.0_musl-1.1.24/bin/mipsel-openwrt-linux-musl-gcc -c -DRTAX53U -DRTAX53U -DRTAX53U -DMUSL_LIBC -DRTAX53U -DBCM_EVENTD -DEXT_ACS -D__CONFIG_EMF__ -D__CONFIG_WPS__ -DMUSL_LIBC -DRTAX53U -DBCM_EVENTD -DEXT_ACS -D__CONFIG_EMF__ -D__CONFIG_WPS__  conftest.c >&5
configure:8348: $? = 0
configure:8348: result: yes
configure:8348: checking for inttypes.h
configure:8348: /opt/lede-toolchain-ramips-mt7621_gcc-5.4.0_musl-1.1.24.Linux-x86_64/toolchain-mipsel_24kc_gcc-5.4.0_musl-1.1.24/bin/mipsel-openwrt-linux-musl-gcc -c -DRTAX53U -DRTAX53U -DRTAX53U -DMUSL_LIBC -DRTAX53U -DBCM_EVENTD -DEXT_ACS -D__CONFIG_EMF__ -D__CONFIG_WPS__ -DMUSL_LIBC -DRTAX53U -DBCM_EVENTD -DEXT_ACS -D__CONFIG_EMF__ -D__CONFIG_WPS__  conftest.c >&5
configure:8348: $? = 0
configure:8348: result: yes
configure:8348: checking for stdint.h
configure:8348: /opt/lede-toolchain-ramips-mt7621_gcc-5.4.0_musl-1.1.24.Linux-x86_64/toolchain-mipsel_24kc_gcc-5.4.0_musl-1.1.24/bin/mipsel-openwrt-linux-musl-gcc -c -DRTAX53U -DRTAX53U -DRTAX53U -DMUSL_LIBC -DRTAX53U -DBCM_EVENTD -DEXT_ACS -D__CONFIG_EMF__ -D__CONFIG_WPS__ -DMUSL_LIBC -DRTAX53U -DBCM_EVENTD -DEXT_ACS -D__CONFIG_EMF__ -D__CONFIG_WPS__  conftest.c >&5
configure:8348: $? = 0
configure:8348: result: yes
configure:8348: checking for unistd.h
configure:8348: /opt/lede-toolchain-ramips-mt7621_gcc-5.4.0_musl-1.1.24.Linux-x86_64/toolchain-mipsel_24kc_gcc-5.4.0_musl-1.1.24/bin/mipsel-openwrt-linux-musl-gcc -c -DRTAX53U -DRTAX53U -DRTAX53U -DMUSL_LIBC -DRTAX53U -DBCM_EVENTD -DEXT_ACS -D__CONFIG_EMF__ -D__CONFIG_WPS__ -DMUSL_LIBC -DRTAX53U -DBCM_EVENTD -DEXT_ACS -D__CONFIG_EMF__ -D__CONFIG_WPS__  conftest.c >&5
configure:8348: $? = 0
configure:8348: result: yes
configure:8362: checking for dlfcn.h
configure:8362: /opt/lede-toolchain-ramips-mt7621_gcc-5.4.0_musl-1.1.24.Linux-x86_64/toolchain-mipsel_24kc_gcc-5.4.0_musl-1.1.24/bin/mipsel-openwrt-linux-musl-gcc -c -DRTAX53U -DRTAX53U -DRTAX53U -DMUSL_LIBC -DRTAX53U -DBCM_EVENTD -DEXT_ACS -D__CONFIG_EMF__ -D__CONFIG_WPS__ -DMUSL_LIBC -DRTAX53U -DBCM_EVENTD -DEXT_ACS -D__CONFIG_EMF__ -D__CONFIG_WPS__  conftest.c >&5
configure:8362: $? = 0
configure:8362: result: yes
configure:8629: checking for objdir
configure:8644: result: .libs
configure:8908: checking if /opt/lede-toolchain-ramips-mt7621_gcc-5.4.0_musl-1.1.24.Linux-x86_64/toolchain-mipsel_24kc_gcc-5.4.0_musl-1.1.24/bin/mipsel-openwrt-linux-musl-gcc supports -fno-rtti -fno-exceptions
configure:8926: /opt/lede-toolchain-ramips-mt7621_gcc-5.4.0_musl-1.1.24.Linux-x86_64/toolchain-mipsel_24kc_gcc-5.4.0_musl-1.1.24/bin/mipsel-openwrt-linux-musl-gcc -c -DRTAX53U -DRTAX53U -DRTAX53U -DMUSL_LIBC -DRTAX53U -DBCM_EVENTD -DEXT_ACS -D__CONFIG_EMF__ -D__CONFIG_WPS__ -DMUSL_LIBC -DRTAX53U -DBCM_EVENTD -DEXT_ACS -D__CONFIG_EMF__ -D__CONFIG_WPS__  -fno-rtti -fno-exceptions conftest.c >&5
cc1: warning: command line option '-fno-rtti' is valid for C++/ObjC++ but not for C
configure:8930: $? = 0
configure:8943: result: no
configure:9301: checking for /opt/lede-toolchain-ramips-mt7621_gcc-5.4.0_musl-1.1.24.Linux-x86_64/toolchain-mipsel_24kc_gcc-5.4.0_musl-1.1.24/bin/mipsel-openwrt-linux-musl-gcc option to produce PIC
configure:9308: result: -fPIC -DPIC
configure:9316: checking if /opt/lede-toolchain-ramips-mt7621_gcc-5.4.0_musl-1.1.24.Linux-x86_64/toolchain-mipsel_24kc_gcc-5.4.0_musl-1.1.24/bin/mipsel-openwrt-linux-musl-gcc PIC flag -fPIC -DPIC works
configure:9334: /opt/lede-toolchain-ramips-mt7621_gcc-5.4.0_musl-1.1.24.Linux-x86_64/toolchain-mipsel_24kc_gcc-5.4.0_musl-1.1.24/bin/mipsel-openwrt-linux-musl-gcc -c -DRTAX53U -DRTAX53U -DRTAX53U -DMUSL_LIBC -DRTAX53U -DBCM_EVENTD -DEXT_ACS -D__CONFIG_EMF__ -D__CONFIG_WPS__ -DMUSL_LIBC -DRTAX53U -DBCM_EVENTD -DEXT_ACS -D__CONFIG_EMF__ -D__CONFIG_WPS__  -fPIC -DPIC -DPIC conftest.c >&5
configure:9338: $? = 0
configure:9351: result: yes
configure:9380: checking if /opt/lede-toolchain-ramips-mt7621_gcc-5.4.0_musl-1.1.24.Linux-x86_64/toolchain-mipsel_24kc_gcc-5.4.0_musl-1.1.24/bin/mipsel-openwrt-linux-musl-gcc static flag -static works
configure:9408: result: yes
configure:9423: checking if /opt/lede-toolchain-ramips-mt7621_gcc-5.4.0_musl-1.1.24.Linux-x86_64/toolchain-mipsel_24kc_gcc-5.4.0_musl-1.1.24/bin/mipsel-openwrt-linux-musl-gcc supports -c -o file.o
configure:9444: /opt/lede-toolchain-ramips-mt7621_gcc-5.4.0_musl-1.1.24.Linux-x86_64/toolchain-mipsel_24kc_gcc-5.4.0_musl-1.1.24/bin/mipsel-openwrt-linux-musl-gcc -c -DRTAX53U -DRTAX53U -DRTAX53U -DMUSL_LIBC -DRTAX53U -DBCM_EVENTD -DEXT_ACS -D__CONFIG_EMF__ -D__CONFIG_WPS__ -DMUSL_LIBC -DRTAX53U -DBCM_EVENTD -DEXT_ACS -D__CONFIG_EMF__ -D__CONFIG_WPS__  -o out/conftest2.o conftest.c >&5
configure:9448: $? = 0
configure:9470: result: yes
configure:9478: checking if /opt/lede-toolchain-ramips-mt7621_gcc-5.4.0_musl-1.1.24.Linux-x86_64/toolchain-mipsel_24kc_gcc-5.4.0_musl-1.1.24/bin/mipsel-openwrt-linux-musl-gcc supports -c -o file.o
configure:9525: result: yes
configure:9558: checking whether the /opt/lede-toolchain-ramips-mt7621_gcc-5.4.0_musl-1.1.24.Linux-x86_64/toolchain-mipsel_24kc_gcc-5.4.0_musl-1.1.24/bin/mipsel-openwrt-linux-musl-gcc linker (/opt/lede-toolchain-ramips-mt7621_gcc-5.4.0_musl-1.1.24.Linux-x86_64/toolchain-mipsel_24kc_gcc-5.4.0_musl-1.1.24/bin/mipsel-openwrt-linux-musl-ld) supports shared libraries
configure:10821: result: yes
configure:11061: checking dynamic linker characteristics
configure:11642: /opt/lede-toolchain-ramips-mt7621_gcc-5.4.0_musl-1.1.24.Linux-x86_64/toolchain-mipsel_24kc_gcc-5.4.0_musl-1.1.24/bin/mipsel-openwrt-linux-musl-gcc -o conftest -DRTAX53U -DRTAX53U -DRTAX53U -DMUSL_LIBC -DRTAX53U -DBCM_EVENTD -DEXT_ACS -D__CONFIG_EMF__ -D__CONFIG_WPS__ -DMUSL_LIBC -DRTAX53U -DBCM_EVENTD -DEXT_ACS -D__CONFIG_EMF__ -D__CONFIG_WPS__   -Wl,-rpath -Wl,/foo conftest.c  >&5
configure:11642: $? = 0
configure:11891: result: GNU/Linux ld.so
configure:12013: checking how to hardcode library paths into programs
configure:12038: result: immediate
configure:12586: checking whether stripping libraries is possible
configure:12591: result: yes
configure:12626: checking if libtool supports shared libraries
configure:12628: result: yes
configure:12631: checking whether to build shared libraries
configure:12656: result: no
configure:12659: checking whether to build static libraries
configure:12663: result: yes
configure:12686: checking how to run the C++ preprocessor
configure:12713: /opt/lede-toolchain-ramips-mt7621_gcc-5.4.0_musl-1.1.24.Linux-x86_64/toolchain-mipsel_24kc_gcc-5.4.0_musl-1.1.24/bin/mipsel-openwrt-linux-musl-g++ -E  conftest.cpp
configure:12713: $? = 0
configure:12727: /opt/lede-toolchain-ramips-mt7621_gcc-5.4.0_musl-1.1.24.Linux-x86_64/toolchain-mipsel_24kc_gcc-5.4.0_musl-1.1.24/bin/mipsel-openwrt-linux-musl-g++ -E  conftest.cpp
conftest.cpp:23:28: fatal error: ac_nonexistent.h: No such file or directory
compilation terminated.
configure:12727: $? = 1
configure: failed program was:
| /* confdefs.h */
| #define PACKAGE_NAME "usbmuxd"
| #define PACKAGE_TARNAME "usbmuxd"
| #define PACKAGE_VERSION "1.1.1"
| #define PACKAGE_STRING "usbmuxd 1.1.1"
| #define PACKAGE_BUGREPORT "https://github.com/libimobiledevice/usbmuxd/issues"
| #define PACKAGE_URL "https://libimobiledevice.org"
| #define PACKAGE "usbmuxd"
| #define VERSION "1.1.1"
| #define STDC_HEADERS 1
| #define HAVE_SYS_TYPES_H 1
| #define HAVE_SYS_STAT_H 1
| #define HAVE_STDLIB_H 1
| #define HAVE_STRING_H 1
| #define HAVE_MEMORY_H 1
| #define HAVE_STRINGS_H 1
| #define HAVE_INTTYPES_H 1
| #define HAVE_STDINT_H 1
| #define HAVE_UNISTD_H 1
| #define HAVE_DLFCN_H 1
| #define LT_OBJDIR ".libs/"
| /* end confdefs.h.  */
| #include <ac_nonexistent.h>
configure:12752: result: /opt/lede-toolchain-ramips-mt7621_gcc-5.4.0_musl-1.1.24.Linux-x86_64/toolchain-mipsel_24kc_gcc-5.4.0_musl-1.1.24/bin/mipsel-openwrt-linux-musl-g++ -E
configure:12772: /opt/lede-toolchain-ramips-mt7621_gcc-5.4.0_musl-1.1.24.Linux-x86_64/toolchain-mipsel_24kc_gcc-5.4.0_musl-1.1.24/bin/mipsel-openwrt-linux-musl-g++ -E  conftest.cpp
configure:12772: $? = 0
configure:12786: /opt/lede-toolchain-ramips-mt7621_gcc-5.4.0_musl-1.1.24.Linux-x86_64/toolchain-mipsel_24kc_gcc-5.4.0_musl-1.1.24/bin/mipsel-openwrt-linux-musl-g++ -E  conftest.cpp
conftest.cpp:23:28: fatal error: ac_nonexistent.h: No such file or directory
compilation terminated.
configure:12786: $? = 1
configure: failed program was:
| /* confdefs.h */
| #define PACKAGE_NAME "usbmuxd"
| #define PACKAGE_TARNAME "usbmuxd"
| #define PACKAGE_VERSION "1.1.1"
| #define PACKAGE_STRING "usbmuxd 1.1.1"
| #define PACKAGE_BUGREPORT "https://github.com/libimobiledevice/usbmuxd/issues"
| #define PACKAGE_URL "https://libimobiledevice.org"
| #define PACKAGE "usbmuxd"
| #define VERSION "1.1.1"
| #define STDC_HEADERS 1
| #define HAVE_SYS_TYPES_H 1
| #define HAVE_SYS_STAT_H 1
| #define HAVE_STDLIB_H 1
| #define HAVE_STRING_H 1
| #define HAVE_MEMORY_H 1
| #define HAVE_STRINGS_H 1
| #define HAVE_INTTYPES_H 1
| #define HAVE_STDINT_H 1
| #define HAVE_UNISTD_H 1
| #define HAVE_DLFCN_H 1
| #define LT_OBJDIR ".libs/"
| /* end confdefs.h.  */
| #include <ac_nonexistent.h>
configure:12948: checking for ld used by /opt/lede-toolchain-ramips-mt7621_gcc-5.4.0_musl-1.1.24.Linux-x86_64/toolchain-mipsel_24kc_gcc-5.4.0_musl-1.1.24/bin/mipsel-openwrt-linux-musl-g++
configure:13015: result: /opt/lede-toolchain-ramips-mt7621_gcc-5.4.0_musl-1.1.24.Linux-x86_64/toolchain-mipsel_24kc_gcc-5.4.0_musl-1.1.24/bin/mipsel-openwrt-linux-musl-ld
configure:13022: checking if the linker (/opt/lede-toolchain-ramips-mt7621_gcc-5.4.0_musl-1.1.24.Linux-x86_64/toolchain-mipsel_24kc_gcc-5.4.0_musl-1.1.24/bin/mipsel-openwrt-linux-musl-ld) is GNU ld
configure:13037: result: yes
configure:13092: checking whether the /opt/lede-toolchain-ramips-mt7621_gcc-5.4.0_musl-1.1.24.Linux-x86_64/toolchain-mipsel_24kc_gcc-5.4.0_musl-1.1.24/bin/mipsel-openwrt-linux-musl-g++ linker (/opt/lede-toolchain-ramips-mt7621_gcc-5.4.0_musl-1.1.24.Linux-x86_64/toolchain-mipsel_24kc_gcc-5.4.0_musl-1.1.24/bin/mipsel-openwrt-linux-musl-ld) supports shared libraries
configure:14165: result: yes
configure:14201: /opt/lede-toolchain-ramips-mt7621_gcc-5.4.0_musl-1.1.24.Linux-x86_64/toolchain-mipsel_24kc_gcc-5.4.0_musl-1.1.24/bin/mipsel-openwrt-linux-musl-g++ -c -g -O2  conftest.cpp >&5
configure:14204: $? = 0
configure:14685: checking for /opt/lede-toolchain-ramips-mt7621_gcc-5.4.0_musl-1.1.24.Linux-x86_64/toolchain-mipsel_24kc_gcc-5.4.0_musl-1.1.24/bin/mipsel-openwrt-linux-musl-g++ option to produce PIC
configure:14692: result: -fPIC -DPIC
configure:14700: checking if /opt/lede-toolchain-ramips-mt7621_gcc-5.4.0_musl-1.1.24.Linux-x86_64/toolchain-mipsel_24kc_gcc-5.4.0_musl-1.1.24/bin/mipsel-openwrt-linux-musl-g++ PIC flag -fPIC -DPIC works
configure:14718: /opt/lede-toolchain-ramips-mt7621_gcc-5.4.0_musl-1.1.24.Linux-x86_64/toolchain-mipsel_24kc_gcc-5.4.0_musl-1.1.24/bin/mipsel-openwrt-linux-musl-g++ -c -g -O2  -fPIC -DPIC -DPIC conftest.cpp >&5
configure:14722: $? = 0
configure:14735: result: yes
configure:14758: checking if /opt/lede-toolchain-ramips-mt7621_gcc-5.4.0_musl-1.1.24.Linux-x86_64/toolchain-mipsel_24kc_gcc-5.4.0_musl-1.1.24/bin/mipsel-openwrt-linux-musl-g++ static flag -static works
configure:14786: result: yes
configure:14798: checking if /opt/lede-toolchain-ramips-mt7621_gcc-5.4.0_musl-1.1.24.Linux-x86_64/toolchain-mipsel_24kc_gcc-5.4.0_musl-1.1.24/bin/mipsel-openwrt-linux-musl-g++ supports -c -o file.o
configure:14819: /opt/lede-toolchain-ramips-mt7621_gcc-5.4.0_musl-1.1.24.Linux-x86_64/toolchain-mipsel_24kc_gcc-5.4.0_musl-1.1.24/bin/mipsel-openwrt-linux-musl-g++ -c -g -O2  -o out/conftest2.o conftest.cpp >&5
configure:14823: $? = 0
configure:14845: result: yes
configure:14850: checking if /opt/lede-toolchain-ramips-mt7621_gcc-5.4.0_musl-1.1.24.Linux-x86_64/toolchain-mipsel_24kc_gcc-5.4.0_musl-1.1.24/bin/mipsel-openwrt-linux-musl-g++ supports -c -o file.o
configure:14897: result: yes
configure:14927: checking whether the /opt/lede-toolchain-ramips-mt7621_gcc-5.4.0_musl-1.1.24.Linux-x86_64/toolchain-mipsel_24kc_gcc-5.4.0_musl-1.1.24/bin/mipsel-openwrt-linux-musl-g++ linker (/opt/lede-toolchain-ramips-mt7621_gcc-5.4.0_musl-1.1.24.Linux-x86_64/toolchain-mipsel_24kc_gcc-5.4.0_musl-1.1.24/bin/mipsel-openwrt-linux-musl-ld) supports shared libraries
configure:14970: result: yes
configure:15111: checking dynamic linker characteristics
configure:15868: result: GNU/Linux ld.so
configure:15933: checking how to hardcode library paths into programs
configure:15958: result: immediate
configure:16032: checking for mipsel-linux-pkg-config
configure:16065: result: no
configure:16075: checking for pkg-config
configure:16093: found /usr/bin/pkg-config
configure:16105: result: /usr/bin/pkg-config
configure:16117: WARNING: using cross tools not prefixed with host triplet
configure:16130: checking pkg-config is at least version 0.9.0
configure:16133: result: yes
configure:16143: checking for libusb
configure:16228: result: yes
configure:16234: checking for libplist
configure:16319: result: yes
configure:16325: checking for libimobiledevice
configure:16390: result: yes
configure:16394: checking for pthread_create, pthread_mutex_lock in -lpthread
configure:16419: /opt/lede-toolchain-ramips-mt7621_gcc-5.4.0_musl-1.1.24.Linux-x86_64/toolchain-mipsel_24kc_gcc-5.4.0_musl-1.1.24/bin/mipsel-openwrt-linux-musl-gcc -o conftest -DRTAX53U -DRTAX53U -DRTAX53U -DMUSL_LIBC -DRTAX53U -DBCM_EVENTD -DEXT_ACS -D__CONFIG_EMF__ -D__CONFIG_WPS__ -DMUSL_LIBC -DRTAX53U -DBCM_EVENTD -DEXT_ACS -D__CONFIG_EMF__ -D__CONFIG_WPS__   conftest.c -lpthread   >&5
configure:16419: $? = 0
configure:16428: result: yes
configure:16459: checking for enum idevice_connection_type
configure:16486: result: yes
configure:16557: checking for ANSI C header files
configure:16661: result: yes
configure:16672: checking for stdint.h
configure:16672: result: yes
configure:16672: checking for stdlib.h
configure:16672: result: yes
configure:16672: checking for string.h
configure:16672: result: yes
configure:16684: checking for an ANSI C-conforming const
configure:16750: /opt/lede-toolchain-ramips-mt7621_gcc-5.4.0_musl-1.1.24.Linux-x86_64/toolchain-mipsel_24kc_gcc-5.4.0_musl-1.1.24/bin/mipsel-openwrt-linux-musl-gcc -c -DRTAX53U -DRTAX53U -DRTAX53U -DMUSL_LIBC -DRTAX53U -DBCM_EVENTD -DEXT_ACS -D__CONFIG_EMF__ -D__CONFIG_WPS__ -DMUSL_LIBC -DRTAX53U -DBCM_EVENTD -DEXT_ACS -D__CONFIG_EMF__ -D__CONFIG_WPS__  conftest.c >&5
configure:16750: $? = 0
configure:16757: result: yes
configure:16765: checking for size_t
configure:16765: /opt/lede-toolchain-ramips-mt7621_gcc-5.4.0_musl-1.1.24.Linux-x86_64/toolchain-mipsel_24kc_gcc-5.4.0_musl-1.1.24/bin/mipsel-openwrt-linux-musl-gcc -c -DRTAX53U -DRTAX53U -DRTAX53U -DMUSL_LIBC -DRTAX53U -DBCM_EVENTD -DEXT_ACS -D__CONFIG_EMF__ -D__CONFIG_WPS__ -DMUSL_LIBC -DRTAX53U -DBCM_EVENTD -DEXT_ACS -D__CONFIG_EMF__ -D__CONFIG_WPS__  conftest.c >&5
configure:16765: $? = 0
configure:16765: /opt/lede-toolchain-ramips-mt7621_gcc-5.4.0_musl-1.1.24.Linux-x86_64/toolchain-mipsel_24kc_gcc-5.4.0_musl-1.1.24/bin/mipsel-openwrt-linux-musl-gcc -c -DRTAX53U -DRTAX53U -DRTAX53U -DMUSL_LIBC -DRTAX53U -DBCM_EVENTD -DEXT_ACS -D__CONFIG_EMF__ -D__CONFIG_WPS__ -DMUSL_LIBC -DRTAX53U -DBCM_EVENTD -DEXT_ACS -D__CONFIG_EMF__ -D__CONFIG_WPS__  conftest.c >&5
conftest.c: In function 'main':
conftest.c:65:21: error: expected expression before ')' token
 if (sizeof ((size_t)))
                     ^
configure:16765: $? = 1
configure: failed program was:
| /* confdefs.h */
| #define PACKAGE_NAME "usbmuxd"
| #define PACKAGE_TARNAME "usbmuxd"
| #define PACKAGE_VERSION "1.1.1"
| #define PACKAGE_STRING "usbmuxd 1.1.1"
| #define PACKAGE_BUGREPORT "https://github.com/libimobiledevice/usbmuxd/issues"
| #define PACKAGE_URL "https://libimobiledevice.org"
| #define PACKAGE "usbmuxd"
| #define VERSION "1.1.1"
| #define STDC_HEADERS 1
| #define HAVE_SYS_TYPES_H 1
| #define HAVE_SYS_STAT_H 1
| #define HAVE_STDLIB_H 1
| #define HAVE_STRING_H 1
| #define HAVE_MEMORY_H 1
| #define HAVE_STRINGS_H 1
| #define HAVE_INTTYPES_H 1
| #define HAVE_STDINT_H 1
| #define HAVE_UNISTD_H 1
| #define HAVE_DLFCN_H 1
| #define LT_OBJDIR ".libs/"
| #define HAVE_LIBIMOBILEDEVICE 1
| #define HAVE_ENUM_IDEVICE_CONNECTION_TYPE 1
| #define STDC_HEADERS 1
| #define HAVE_STDINT_H 1
| #define HAVE_STDLIB_H 1
| #define HAVE_STRING_H 1
| /* end confdefs.h.  */
| #include <stdio.h>
| #ifdef HAVE_SYS_TYPES_H
| # include <sys/types.h>
| #endif
| #ifdef HAVE_SYS_STAT_H
| # include <sys/stat.h>
| #endif
| #ifdef STDC_HEADERS
| # include <stdlib.h>
| # include <stddef.h>
| #else
| # ifdef HAVE_STDLIB_H
| #  include <stdlib.h>
| # endif
| #endif
| #ifdef HAVE_STRING_H
| # if !defined STDC_HEADERS && defined HAVE_MEMORY_H
| #  include <memory.h>
| # endif
| # include <string.h>
| #endif
| #ifdef HAVE_STRINGS_H
| # include <strings.h>
| #endif
| #ifdef HAVE_INTTYPES_H
| # include <inttypes.h>
| #endif
| #ifdef HAVE_STDINT_H
| # include <stdint.h>
| #endif
| #ifdef HAVE_UNISTD_H
| # include <unistd.h>
| #endif
| int
| main ()
| {
| if (sizeof ((size_t)))
| 	    return 0;
|   ;
|   return 0;
| }
configure:16765: result: yes
configure:16776: checking for ssize_t
configure:16776: /opt/lede-toolchain-ramips-mt7621_gcc-5.4.0_musl-1.1.24.Linux-x86_64/toolchain-mipsel_24kc_gcc-5.4.0_musl-1.1.24/bin/mipsel-openwrt-linux-musl-gcc -c -DRTAX53U -DRTAX53U -DRTAX53U -DMUSL_LIBC -DRTAX53U -DBCM_EVENTD -DEXT_ACS -D__CONFIG_EMF__ -D__CONFIG_WPS__ -DMUSL_LIBC -DRTAX53U -DBCM_EVENTD -DEXT_ACS -D__CONFIG_EMF__ -D__CONFIG_WPS__  conftest.c >&5
configure:16776: $? = 0
configure:16776: /opt/lede-toolchain-ramips-mt7621_gcc-5.4.0_musl-1.1.24.Linux-x86_64/toolchain-mipsel_24kc_gcc-5.4.0_musl-1.1.24/bin/mipsel-openwrt-linux-musl-gcc -c -DRTAX53U -DRTAX53U -DRTAX53U -DMUSL_LIBC -DRTAX53U -DBCM_EVENTD -DEXT_ACS -D__CONFIG_EMF__ -D__CONFIG_WPS__ -DMUSL_LIBC -DRTAX53U -DBCM_EVENTD -DEXT_ACS -D__CONFIG_EMF__ -D__CONFIG_WPS__  conftest.c >&5
conftest.c: In function 'main':
conftest.c:65:22: error: expected expression before ')' token
 if (sizeof ((ssize_t)))
                      ^
configure:16776: $? = 1
configure: failed program was:
| /* confdefs.h */
| #define PACKAGE_NAME "usbmuxd"
| #define PACKAGE_TARNAME "usbmuxd"
| #define PACKAGE_VERSION "1.1.1"
| #define PACKAGE_STRING "usbmuxd 1.1.1"
| #define PACKAGE_BUGREPORT "https://github.com/libimobiledevice/usbmuxd/issues"
| #define PACKAGE_URL "https://libimobiledevice.org"
| #define PACKAGE "usbmuxd"
| #define VERSION "1.1.1"
| #define STDC_HEADERS 1
| #define HAVE_SYS_TYPES_H 1
| #define HAVE_SYS_STAT_H 1
| #define HAVE_STDLIB_H 1
| #define HAVE_STRING_H 1
| #define HAVE_MEMORY_H 1
| #define HAVE_STRINGS_H 1
| #define HAVE_INTTYPES_H 1
| #define HAVE_STDINT_H 1
| #define HAVE_UNISTD_H 1
| #define HAVE_DLFCN_H 1
| #define LT_OBJDIR ".libs/"
| #define HAVE_LIBIMOBILEDEVICE 1
| #define HAVE_ENUM_IDEVICE_CONNECTION_TYPE 1
| #define STDC_HEADERS 1
| #define HAVE_STDINT_H 1
| #define HAVE_STDLIB_H 1
| #define HAVE_STRING_H 1
| /* end confdefs.h.  */
| #include <stdio.h>
| #ifdef HAVE_SYS_TYPES_H
| # include <sys/types.h>
| #endif
| #ifdef HAVE_SYS_STAT_H
| # include <sys/stat.h>
| #endif
| #ifdef STDC_HEADERS
| # include <stdlib.h>
| # include <stddef.h>
| #else
| # ifdef HAVE_STDLIB_H
| #  include <stdlib.h>
| # endif
| #endif
| #ifdef HAVE_STRING_H
| # if !defined STDC_HEADERS && defined HAVE_MEMORY_H
| #  include <memory.h>
| # endif
| # include <string.h>
| #endif
| #ifdef HAVE_STRINGS_H
| # include <strings.h>
| #endif
| #ifdef HAVE_INTTYPES_H
| # include <inttypes.h>
| #endif
| #ifdef HAVE_STDINT_H
| # include <stdint.h>
| #endif
| #ifdef HAVE_UNISTD_H
| # include <unistd.h>
| #endif
| int
| main ()
| {
| if (sizeof ((ssize_t)))
| 	    return 0;
|   ;
|   return 0;
| }
configure:16776: result: yes
configure:16787: checking for uint16_t
configure:16787: /opt/lede-toolchain-ramips-mt7621_gcc-5.4.0_musl-1.1.24.Linux-x86_64/toolchain-mipsel_24kc_gcc-5.4.0_musl-1.1.24/bin/mipsel-openwrt-linux-musl-gcc -c -DRTAX53U -DRTAX53U -DRTAX53U -DMUSL_LIBC -DRTAX53U -DBCM_EVENTD -DEXT_ACS -D__CONFIG_EMF__ -D__CONFIG_WPS__ -DMUSL_LIBC -DRTAX53U -DBCM_EVENTD -DEXT_ACS -D__CONFIG_EMF__ -D__CONFIG_WPS__  conftest.c >&5
configure:16787: $? = 0
configure:16787: result: yes
configure:16799: checking for uint32_t
configure:16799: /opt/lede-toolchain-ramips-mt7621_gcc-5.4.0_musl-1.1.24.Linux-x86_64/toolchain-mipsel_24kc_gcc-5.4.0_musl-1.1.24/bin/mipsel-openwrt-linux-musl-gcc -c -DRTAX53U -DRTAX53U -DRTAX53U -DMUSL_LIBC -DRTAX53U -DBCM_EVENTD -DEXT_ACS -D__CONFIG_EMF__ -D__CONFIG_WPS__ -DMUSL_LIBC -DRTAX53U -DBCM_EVENTD -DEXT_ACS -D__CONFIG_EMF__ -D__CONFIG_WPS__  conftest.c >&5
configure:16799: $? = 0
configure:16799: result: yes
configure:16813: checking for uint8_t
configure:16813: /opt/lede-toolchain-ramips-mt7621_gcc-5.4.0_musl-1.1.24.Linux-x86_64/toolchain-mipsel_24kc_gcc-5.4.0_musl-1.1.24/bin/mipsel-openwrt-linux-musl-gcc -c -DRTAX53U -DRTAX53U -DRTAX53U -DMUSL_LIBC -DRTAX53U -DBCM_EVENTD -DEXT_ACS -D__CONFIG_EMF__ -D__CONFIG_WPS__ -DMUSL_LIBC -DRTAX53U -DBCM_EVENTD -DEXT_ACS -D__CONFIG_EMF__ -D__CONFIG_WPS__  conftest.c >&5
configure:16813: $? = 0
configure:16813: result: yes
configure:16829: checking for library containing clock_gettime
configure:16860: /opt/lede-toolchain-ramips-mt7621_gcc-5.4.0_musl-1.1.24.Linux-x86_64/toolchain-mipsel_24kc_gcc-5.4.0_musl-1.1.24/bin/mipsel-openwrt-linux-musl-gcc -o conftest -DRTAX53U -DRTAX53U -DRTAX53U -DMUSL_LIBC -DRTAX53U -DBCM_EVENTD -DEXT_ACS -D__CONFIG_EMF__ -D__CONFIG_WPS__ -DMUSL_LIBC -DRTAX53U -DBCM_EVENTD -DEXT_ACS -D__CONFIG_EMF__ -D__CONFIG_WPS__   conftest.c  >&5
configure:16860: $? = 0
configure:16877: result: none required
configure:16889: checking for stdlib.h
configure:16889: result: yes
configure:16899: checking for GNU libc compatible malloc
configure:16933: result: yes
configure:16956: checking for stdlib.h
configure:16956: result: yes
configure:16966: checking for GNU libc compatible realloc
configure:17000: result: yes
configure:17024: checking for strcasecmp
configure:17024: /opt/lede-toolchain-ramips-mt7621_gcc-5.4.0_musl-1.1.24.Linux-x86_64/toolchain-mipsel_24kc_gcc-5.4.0_musl-1.1.24/bin/mipsel-openwrt-linux-musl-gcc -o conftest -DRTAX53U -DRTAX53U -DRTAX53U -DMUSL_LIBC -DRTAX53U -DBCM_EVENTD -DEXT_ACS -D__CONFIG_EMF__ -D__CONFIG_WPS__ -DMUSL_LIBC -DRTAX53U -DBCM_EVENTD -DEXT_ACS -D__CONFIG_EMF__ -D__CONFIG_WPS__   conftest.c  >&5
conftest.c:56:6: warning: conflicting types for built-in function 'strcasecmp'
 char strcasecmp ();
      ^
configure:17024: $? = 0
configure:17024: result: yes
configure:17024: checking for strdup
configure:17024: /opt/lede-toolchain-ramips-mt7621_gcc-5.4.0_musl-1.1.24.Linux-x86_64/toolchain-mipsel_24kc_gcc-5.4.0_musl-1.1.24/bin/mipsel-openwrt-linux-musl-gcc -o conftest -DRTAX53U -DRTAX53U -DRTAX53U -DMUSL_LIBC -DRTAX53U -DBCM_EVENTD -DEXT_ACS -D__CONFIG_EMF__ -D__CONFIG_WPS__ -DMUSL_LIBC -DRTAX53U -DBCM_EVENTD -DEXT_ACS -D__CONFIG_EMF__ -D__CONFIG_WPS__   conftest.c  >&5
conftest.c:57:6: warning: conflicting types for built-in function 'strdup'
 char strdup ();
      ^
configure:17024: $? = 0
configure:17024: result: yes
configure:17024: checking for strerror
configure:17024: /opt/lede-toolchain-ramips-mt7621_gcc-5.4.0_musl-1.1.24.Linux-x86_64/toolchain-mipsel_24kc_gcc-5.4.0_musl-1.1.24/bin/mipsel-openwrt-linux-musl-gcc -o conftest -DRTAX53U -DRTAX53U -DRTAX53U -DMUSL_LIBC -DRTAX53U -DBCM_EVENTD -DEXT_ACS -D__CONFIG_EMF__ -D__CONFIG_WPS__ -DMUSL_LIBC -DRTAX53U -DBCM_EVENTD -DEXT_ACS -D__CONFIG_EMF__ -D__CONFIG_WPS__   conftest.c  >&5
configure:17024: $? = 0
configure:17024: result: yes
configure:17024: checking for strndup
configure:17024: /opt/lede-toolchain-ramips-mt7621_gcc-5.4.0_musl-1.1.24.Linux-x86_64/toolchain-mipsel_24kc_gcc-5.4.0_musl-1.1.24/bin/mipsel-openwrt-linux-musl-gcc -o conftest -DRTAX53U -DRTAX53U -DRTAX53U -DMUSL_LIBC -DRTAX53U -DBCM_EVENTD -DEXT_ACS -D__CONFIG_EMF__ -D__CONFIG_WPS__ -DMUSL_LIBC -DRTAX53U -DBCM_EVENTD -DEXT_ACS -D__CONFIG_EMF__ -D__CONFIG_WPS__   conftest.c  >&5
conftest.c:59:6: warning: conflicting types for built-in function 'strndup'
 char strndup ();
      ^
configure:17024: $? = 0
configure:17024: result: yes
configure:17024: checking for stpcpy
configure:17024: /opt/lede-toolchain-ramips-mt7621_gcc-5.4.0_musl-1.1.24.Linux-x86_64/toolchain-mipsel_24kc_gcc-5.4.0_musl-1.1.24/bin/mipsel-openwrt-linux-musl-gcc -o conftest -DRTAX53U -DRTAX53U -DRTAX53U -DMUSL_LIBC -DRTAX53U -DBCM_EVENTD -DEXT_ACS -D__CONFIG_EMF__ -D__CONFIG_WPS__ -DMUSL_LIBC -DRTAX53U -DBCM_EVENTD -DEXT_ACS -D__CONFIG_EMF__ -D__CONFIG_WPS__   conftest.c  >&5
conftest.c:60:6: warning: conflicting types for built-in function 'stpcpy'
 char stpcpy ();
      ^
configure:17024: $? = 0
configure:17024: result: yes
configure:17036: checking for ppoll
configure:17036: /opt/lede-toolchain-ramips-mt7621_gcc-5.4.0_musl-1.1.24.Linux-x86_64/toolchain-mipsel_24kc_gcc-5.4.0_musl-1.1.24/bin/mipsel-openwrt-linux-musl-gcc -o conftest -DRTAX53U -DRTAX53U -DRTAX53U -DMUSL_LIBC -DRTAX53U -DBCM_EVENTD -DEXT_ACS -D__CONFIG_EMF__ -D__CONFIG_WPS__ -DMUSL_LIBC -DRTAX53U -DBCM_EVENTD -DEXT_ACS -D__CONFIG_EMF__ -D__CONFIG_WPS__   conftest.c  >&5
configure:17036: $? = 0
configure:17036: result: yes
configure:17036: checking for clock_gettime
configure:17036: /opt/lede-toolchain-ramips-mt7621_gcc-5.4.0_musl-1.1.24.Linux-x86_64/toolchain-mipsel_24kc_gcc-5.4.0_musl-1.1.24/bin/mipsel-openwrt-linux-musl-gcc -o conftest -DRTAX53U -DRTAX53U -DRTAX53U -DMUSL_LIBC -DRTAX53U -DBCM_EVENTD -DEXT_ACS -D__CONFIG_EMF__ -D__CONFIG_WPS__ -DMUSL_LIBC -DRTAX53U -DBCM_EVENTD -DEXT_ACS -D__CONFIG_EMF__ -D__CONFIG_WPS__   conftest.c  >&5
configure:17036: $? = 0
configure:17036: result: yes
configure:17036: checking for localtime_r
configure:17036: /opt/lede-toolchain-ramips-mt7621_gcc-5.4.0_musl-1.1.24.Linux-x86_64/toolchain-mipsel_24kc_gcc-5.4.0_musl-1.1.24/bin/mipsel-openwrt-linux-musl-gcc -o conftest -DRTAX53U -DRTAX53U -DRTAX53U -DMUSL_LIBC -DRTAX53U -DBCM_EVENTD -DEXT_ACS -D__CONFIG_EMF__ -D__CONFIG_WPS__ -DMUSL_LIBC -DRTAX53U -DBCM_EVENTD -DEXT_ACS -D__CONFIG_EMF__ -D__CONFIG_WPS__   conftest.c  >&5
configure:17036: $? = 0
configure:17036: result: yes
configure:17047: checking whether to enable WIN32 build settings
configure:17160: result: no
configure:17196: checking for supported compiler flags
configure:17213: /opt/lede-toolchain-ramips-mt7621_gcc-5.4.0_musl-1.1.24.Linux-x86_64/toolchain-mipsel_24kc_gcc-5.4.0_musl-1.1.24/bin/mipsel-openwrt-linux-musl-gcc -c -DRTAX53U -DRTAX53U -DRTAX53U -DMUSL_LIBC -DRTAX53U -DBCM_EVENTD -DEXT_ACS -D__CONFIG_EMF__ -D__CONFIG_WPS__ -DMUSL_LIBC -DRTAX53U -DBCM_EVENTD -DEXT_ACS -D__CONFIG_EMF__ -D__CONFIG_WPS__ -g  conftest.c >&5
configure:17213: $? = 0
configure:17213: /opt/lede-toolchain-ramips-mt7621_gcc-5.4.0_musl-1.1.24.Linux-x86_64/toolchain-mipsel_24kc_gcc-5.4.0_musl-1.1.24/bin/mipsel-openwrt-linux-musl-gcc -c -DRTAX53U -DRTAX53U -DRTAX53U -DMUSL_LIBC -DRTAX53U -DBCM_EVENTD -DEXT_ACS -D__CONFIG_EMF__ -D__CONFIG_WPS__ -DMUSL_LIBC -DRTAX53U -DBCM_EVENTD -DEXT_ACS -D__CONFIG_EMF__ -D__CONFIG_WPS__ -Wall  conftest.c >&5
configure:17213: $? = 0
configure:17213: /opt/lede-toolchain-ramips-mt7621_gcc-5.4.0_musl-1.1.24.Linux-x86_64/toolchain-mipsel_24kc_gcc-5.4.0_musl-1.1.24/bin/mipsel-openwrt-linux-musl-gcc -c -DRTAX53U -DRTAX53U -DRTAX53U -DMUSL_LIBC -DRTAX53U -DBCM_EVENTD -DEXT_ACS -D__CONFIG_EMF__ -D__CONFIG_WPS__ -DMUSL_LIBC -DRTAX53U -DBCM_EVENTD -DEXT_ACS -D__CONFIG_EMF__ -D__CONFIG_WPS__ -Wextra  conftest.c >&5
configure:17213: $? = 0
configure:17213: /opt/lede-toolchain-ramips-mt7621_gcc-5.4.0_musl-1.1.24.Linux-x86_64/toolchain-mipsel_24kc_gcc-5.4.0_musl-1.1.24/bin/mipsel-openwrt-linux-musl-gcc -c -DRTAX53U -DRTAX53U -DRTAX53U -DMUSL_LIBC -DRTAX53U -DBCM_EVENTD -DEXT_ACS -D__CONFIG_EMF__ -D__CONFIG_WPS__ -DMUSL_LIBC -DRTAX53U -DBCM_EVENTD -DEXT_ACS -D__CONFIG_EMF__ -D__CONFIG_WPS__ -Wmissing-declarations  conftest.c >&5
configure:17213: $? = 0
configure:17213: /opt/lede-toolchain-ramips-mt7621_gcc-5.4.0_musl-1.1.24.Linux-x86_64/toolchain-mipsel_24kc_gcc-5.4.0_musl-1.1.24/bin/mipsel-openwrt-linux-musl-gcc -c -DRTAX53U -DRTAX53U -DRTAX53U -DMUSL_LIBC -DRTAX53U -DBCM_EVENTD -DEXT_ACS -D__CONFIG_EMF__ -D__CONFIG_WPS__ -DMUSL_LIBC -DRTAX53U -DBCM_EVENTD -DEXT_ACS -D__CONFIG_EMF__ -D__CONFIG_WPS__ -Wredundant-decls  conftest.c >&5
configure:17213: $? = 0
configure:17213: /opt/lede-toolchain-ramips-mt7621_gcc-5.4.0_musl-1.1.24.Linux-x86_64/toolchain-mipsel_24kc_gcc-5.4.0_musl-1.1.24/bin/mipsel-openwrt-linux-musl-gcc -c -DRTAX53U -DRTAX53U -DRTAX53U -DMUSL_LIBC -DRTAX53U -DBCM_EVENTD -DEXT_ACS -D__CONFIG_EMF__ -D__CONFIG_WPS__ -DMUSL_LIBC -DRTAX53U -DBCM_EVENTD -DEXT_ACS -D__CONFIG_EMF__ -D__CONFIG_WPS__ -Wshadow  conftest.c >&5
configure:17213: $? = 0
configure:17213: /opt/lede-toolchain-ramips-mt7621_gcc-5.4.0_musl-1.1.24.Linux-x86_64/toolchain-mipsel_24kc_gcc-5.4.0_musl-1.1.24/bin/mipsel-openwrt-linux-musl-gcc -c -DRTAX53U -DRTAX53U -DRTAX53U -DMUSL_LIBC -DRTAX53U -DBCM_EVENTD -DEXT_ACS -D__CONFIG_EMF__ -D__CONFIG_WPS__ -DMUSL_LIBC -DRTAX53U -DBCM_EVENTD -DEXT_ACS -D__CONFIG_EMF__ -D__CONFIG_WPS__ -Wpointer-arith  conftest.c >&5
configure:17213: $? = 0
configure:17213: /opt/lede-toolchain-ramips-mt7621_gcc-5.4.0_musl-1.1.24.Linux-x86_64/toolchain-mipsel_24kc_gcc-5.4.0_musl-1.1.24/bin/mipsel-openwrt-linux-musl-gcc -c -DRTAX53U -DRTAX53U -DRTAX53U -DMUSL_LIBC -DRTAX53U -DBCM_EVENTD -DEXT_ACS -D__CONFIG_EMF__ -D__CONFIG_WPS__ -DMUSL_LIBC -DRTAX53U -DBCM_EVENTD -DEXT_ACS -D__CONFIG_EMF__ -D__CONFIG_WPS__ -Wwrite-strings  conftest.c >&5
configure:17213: $? = 0
configure:17213: /opt/lede-toolchain-ramips-mt7621_gcc-5.4.0_musl-1.1.24.Linux-x86_64/toolchain-mipsel_24kc_gcc-5.4.0_musl-1.1.24/bin/mipsel-openwrt-linux-musl-gcc -c -DRTAX53U -DRTAX53U -DRTAX53U -DMUSL_LIBC -DRTAX53U -DBCM_EVENTD -DEXT_ACS -D__CONFIG_EMF__ -D__CONFIG_WPS__ -DMUSL_LIBC -DRTAX53U -DBCM_EVENTD -DEXT_ACS -D__CONFIG_EMF__ -D__CONFIG_WPS__ -Wswitch-default  conftest.c >&5
configure:17213: $? = 0
configure:17213: /opt/lede-toolchain-ramips-mt7621_gcc-5.4.0_musl-1.1.24.Linux-x86_64/toolchain-mipsel_24kc_gcc-5.4.0_musl-1.1.24/bin/mipsel-openwrt-linux-musl-gcc -c -DRTAX53U -DRTAX53U -DRTAX53U -DMUSL_LIBC -DRTAX53U -DBCM_EVENTD -DEXT_ACS -D__CONFIG_EMF__ -D__CONFIG_WPS__ -DMUSL_LIBC -DRTAX53U -DBCM_EVENTD -DEXT_ACS -D__CONFIG_EMF__ -D__CONFIG_WPS__ -Wno-unused-parameter  conftest.c >&5
configure:17213: $? = 0
configure:17227: result:  -g -Wall -Wextra -Wmissing-declarations -Wredundant-decls -Wshadow -Wpointer-arith -Wwrite-strings -Wswitch-default -Wno-unused-parameter
configure:17248: checking whether make supports nested variables
configure:17265: result: yes
configure:17388: checking that generated files are newer than configure
configure:17394: result: done
configure:17429: creating ./config.status

## ---------------------- ##
## Running config.status. ##
## ---------------------- ##

This file was extended by usbmuxd config.status 1.1.1, which was
generated by GNU Autoconf 2.69.  Invocation command line was

  CONFIG_FILES    = 
  CONFIG_HEADERS  = 
  CONFIG_LINKS    = 
  CONFIG_COMMANDS = 
  $ ./config.status 

on fd69b6f2cff8

config.status:1201: creating Makefile
config.status:1201: creating src/Makefile
config.status:1201: creating udev/Makefile
config.status:1201: creating systemd/Makefile
config.status:1201: creating docs/Makefile
config.status:1201: creating config.h
config.status:1430: executing depfiles commands
config.status:1430: executing libtool commands

## ---------------- ##
## Cache variables. ##
## ---------------- ##

ac_cv_build=x86_64-pc-linux-gnu
ac_cv_c_compiler_gnu=yes
ac_cv_c_const=yes
ac_cv_c_uint16_t=yes
ac_cv_c_uint32_t=yes
ac_cv_c_uint8_t=yes
ac_cv_cxx_compiler_gnu=yes
ac_cv_enum_idevice_connection_type=yes
ac_cv_env_CCC_set=
ac_cv_env_CCC_value=
ac_cv_env_CC_set=set
ac_cv_env_CC_value=/opt/lede-toolchain-ramips-mt7621_gcc-5.4.0_musl-1.1.24.Linux-x86_64/toolchain-mipsel_24kc_gcc-5.4.0_musl-1.1.24/bin/mipsel-openwrt-linux-musl-gcc
ac_cv_env_CFLAGS_set=set
ac_cv_env_CFLAGS_value='-DRTAX53U -DRTAX53U -DRTAX53U -DMUSL_LIBC -DRTAX53U -DBCM_EVENTD -DEXT_ACS -D__CONFIG_EMF__ -D__CONFIG_WPS__ -DMUSL_LIBC -DRTAX53U -DBCM_EVENTD -DEXT_ACS -D__CONFIG_EMF__ -D__CONFIG_WPS__'
ac_cv_env_CPPFLAGS_set=
ac_cv_env_CPPFLAGS_value=
ac_cv_env_CPP_set=
ac_cv_env_CPP_value=
ac_cv_env_CXXCPP_set=
ac_cv_env_CXXCPP_value=
ac_cv_env_CXXFLAGS_set=
ac_cv_env_CXXFLAGS_value=
ac_cv_env_CXX_set=set
ac_cv_env_CXX_value=/opt/lede-toolchain-ramips-mt7621_gcc-5.4.0_musl-1.1.24.Linux-x86_64/toolchain-mipsel_24kc_gcc-5.4.0_musl-1.1.24/bin/mipsel-openwrt-linux-musl-g++
ac_cv_env_LDFLAGS_set=
ac_cv_env_LDFLAGS_value=
ac_cv_env_LIBS_set=
ac_cv_env_LIBS_value=
ac_cv_env_LT_SYS_LIBRARY_PATH_set=
ac_cv_env_LT_SYS_LIBRARY_PATH_value=
ac_cv_env_PKG_CONFIG_LIBDIR_set=set
ac_cv_env_PKG_CONFIG_LIBDIR_value=/repo/Fail_GPL/asuswrt/release/src-ra-openwrt-4210/router/mipsel-musl/stage/usr/lib/pkgconfig:/repo/Fail_GPL/asuswrt/release/src-ra-openwrt-4210/router/mipsel-musl/stage/usr/local/lib/pkgconfig:/repo/Fail_GPL/asuswrt/release/src-ra-openwrt-4210/router/mipsel-musl/stage/etc/lib/pkgconfig
ac_cv_env_PKG_CONFIG_PATH_set=set
ac_cv_env_PKG_CONFIG_PATH_value=/repo/Fail_GPL/asuswrt/release/src-ra-openwrt-4210/router/mipsel-musl/stage/usr/lib/pkgconfig:/repo/Fail_GPL/asuswrt/release/src-ra-openwrt-4210/router/mipsel-musl/stage/etc/lib/pkgconfig
ac_cv_env_PKG_CONFIG_set=
ac_cv_env_PKG_CONFIG_value=
ac_cv_env_build_alias_set=set
ac_cv_env_build_alias_value=x86_64-linux-gnu
ac_cv_env_host_alias_set=set
ac_cv_env_host_alias_value=mipsel-linux
ac_cv_env_libimobiledevice_CFLAGS_set=set
ac_cv_env_libimobiledevice_CFLAGS_value=-I/repo/Fail_GPL/asuswrt/release/src-ra-openwrt-4210/router/libimobiledevice-1.3.0/include
ac_cv_env_libimobiledevice_LIBS_set=set
ac_cv_env_libimobiledevice_LIBS_value='-L/repo/Fail_GPL/asuswrt/release/src-ra-openwrt-4210/router/libimobiledevice-1.3.0/src/.libs -limobiledevice-1.0'
ac_cv_env_libplist_CFLAGS_set=set
ac_cv_env_libplist_CFLAGS_value=-I/repo/Fail_GPL/asuswrt/release/src-ra-openwrt-4210/router/libplist-2.2.0/include
ac_cv_env_libplist_LIBS_set=set
ac_cv_env_libplist_LIBS_value='-L/repo/Fail_GPL/asuswrt/release/src-ra-openwrt-4210/router/libplist-2.2.0/src/.libs -lplist-2.0'
ac_cv_env_libusb_CFLAGS_set=set
ac_cv_env_libusb_CFLAGS_value=-I/repo/Fail_GPL/asuswrt/release/src-ra-openwrt-4210/router/libusb10/libusb
ac_cv_env_libusb_LIBS_set=set
ac_cv_env_libusb_LIBS_value='-L/repo/Fail_GPL/asuswrt/release/src-ra-openwrt-4210/router/libusb10/libusb/.libs -lusb-1.0'
ac_cv_env_target_alias_set=
ac_cv_env_target_alias_value=
ac_cv_func_clock_gettime=yes
ac_cv_func_localtime_r=yes
ac_cv_func_malloc_0_nonnull=yes
ac_cv_func_ppoll=yes
ac_cv_func_realloc_0_nonnull=yes
ac_cv_func_stpcpy=yes
ac_cv_func_strcasecmp=yes
ac_cv_func_strdup=yes
ac_cv_func_strerror=yes
ac_cv_func_strndup=yes
ac_cv_header_dlfcn_h=yes
ac_cv_header_inttypes_h=yes
ac_cv_header_memory_h=yes
ac_cv_header_stdc=yes
ac_cv_header_stdint_h=yes
ac_cv_header_stdlib_h=yes
ac_cv_header_string_h=yes
ac_cv_header_strings_h=yes
ac_cv_header_sys_stat_h=yes
ac_cv_header_sys_types_h=yes
ac_cv_header_unistd_h=yes
ac_cv_host=mipsel-unknown-linux-gnu
ac_cv_lib_pthread_pthread_create__pthread_mutex_lock=yes
ac_cv_objext=o
ac_cv_path_EGREP='/bin/grep -E'
ac_cv_path_FGREP='/bin/grep -F'
ac_cv_path_GREP=/bin/grep
ac_cv_path_SED=/bin/sed
ac_cv_path_ac_pt_PKG_CONFIG=/usr/bin/pkg-config
ac_cv_path_install='/usr/bin/install -c'
ac_cv_path_lt_DD=/bin/dd
ac_cv_path_mkdir=/bin/mkdir
ac_cv_prog_AR=/opt/lede-toolchain-ramips-mt7621_gcc-5.4.0_musl-1.1.24.Linux-x86_64/toolchain-mipsel_24kc_gcc-5.4.0_musl-1.1.24/bin/mipsel-openwrt-linux-musl-ar
ac_cv_prog_AWK=gawk
ac_cv_prog_CC=/opt/lede-toolchain-ramips-mt7621_gcc-5.4.0_musl-1.1.24.Linux-x86_64/toolchain-mipsel_24kc_gcc-5.4.0_musl-1.1.24/bin/mipsel-openwrt-linux-musl-gcc
ac_cv_prog_CPP='/opt/lede-toolchain-ramips-mt7621_gcc-5.4.0_musl-1.1.24.Linux-x86_64/toolchain-mipsel_24kc_gcc-5.4.0_musl-1.1.24/bin/mipsel-openwrt-linux-musl-gcc -E'
ac_cv_prog_CXXCPP='/opt/lede-toolchain-ramips-mt7621_gcc-5.4.0_musl-1.1.24.Linux-x86_64/toolchain-mipsel_24kc_gcc-5.4.0_musl-1.1.24/bin/mipsel-openwrt-linux-musl-g++ -E'
ac_cv_prog_OBJDUMP=/opt/lede-toolchain-ramips-mt7621_gcc-5.4.0_musl-1.1.24.Linux-x86_64/toolchain-mipsel_24kc_gcc-5.4.0_musl-1.1.24/bin/mipsel-openwrt-linux-musl-objdump
ac_cv_prog_RANLIB=/opt/lede-toolchain-ramips-mt7621_gcc-5.4.0_musl-1.1.24.Linux-x86_64/toolchain-mipsel_24kc_gcc-5.4.0_musl-1.1.24/bin/mipsel-openwrt-linux-musl-ranlib
ac_cv_prog_STRIP='/opt/lede-toolchain-ramips-mt7621_gcc-5.4.0_musl-1.1.24.Linux-x86_64/toolchain-mipsel_24kc_gcc-5.4.0_musl-1.1.24/bin/mipsel-openwrt-linux-musl-strip -R .note -R .comment'
ac_cv_prog_cc_c89=
ac_cv_prog_cc_g=yes
ac_cv_prog_cxx_g=yes
ac_cv_prog_make_make_set=yes
ac_cv_search_clock_gettime='none required'
ac_cv_type_size_t=yes
ac_cv_type_ssize_t=yes
am_cv_CC_dependencies_compiler_type=gcc3
am_cv_CXX_dependencies_compiler_type=gcc3
am_cv_make_support_nested_variables=yes
am_cv_prog_cc_c_o=yes
lt_cv_ar_at_file=@
lt_cv_deplibs_check_method=pass_all
lt_cv_file_magic_cmd='$MAGIC_CMD'
lt_cv_file_magic_test_file=
lt_cv_ld_reload_flag=-r
lt_cv_nm_interface='BSD nm'
lt_cv_objdir=.libs
lt_cv_path_LD=/opt/lede-toolchain-ramips-mt7621_gcc-5.4.0_musl-1.1.24.Linux-x86_64/toolchain-mipsel_24kc_gcc-5.4.0_musl-1.1.24/bin/mipsel-openwrt-linux-musl-ld
lt_cv_path_LDCXX=/opt/lede-toolchain-ramips-mt7621_gcc-5.4.0_musl-1.1.24.Linux-x86_64/toolchain-mipsel_24kc_gcc-5.4.0_musl-1.1.24/bin/mipsel-openwrt-linux-musl-ld
lt_cv_path_NM=/opt/lede-toolchain-ramips-mt7621_gcc-5.4.0_musl-1.1.24.Linux-x86_64/toolchain-mipsel_24kc_gcc-5.4.0_musl-1.1.24/bin/mipsel-openwrt-linux-musl-nm
lt_cv_path_mainfest_tool=no
lt_cv_prog_compiler_c_o=yes
lt_cv_prog_compiler_c_o_CXX=yes
lt_cv_prog_compiler_pic='-fPIC -DPIC'
lt_cv_prog_compiler_pic_CXX='-fPIC -DPIC'
lt_cv_prog_compiler_pic_works=yes
lt_cv_prog_compiler_pic_works_CXX=yes
lt_cv_prog_compiler_rtti_exceptions=no
lt_cv_prog_compiler_static_works=yes
lt_cv_prog_compiler_static_works_CXX=yes
lt_cv_prog_gnu_ld=yes
lt_cv_prog_gnu_ldcxx=yes
lt_cv_sharedlib_from_linklib_cmd='printf %s\n'
lt_cv_shlibpath_overrides_runpath=no
lt_cv_sys_global_symbol_pipe='sed -n -e '\''s/^.*[	 ]\([ABCDGIRSTW][ABCDGIRSTW]*\)[	 ][	 ]*\([_A-Za-z][_A-Za-z0-9]*\)$/\1 \2 \2/p'\'' | sed '\''/ __gnu_lto/d'\'''
lt_cv_sys_global_symbol_to_c_name_address='sed -n -e '\''s/^: \(.*\) .*$/  {"\1", (void *) 0},/p'\'' -e '\''s/^[ABCDGIRSTW][ABCDGIRSTW]* .* \(.*\)$/  {"\1", (void *) \&\1},/p'\'''
lt_cv_sys_global_symbol_to_c_name_address_lib_prefix='sed -n -e '\''s/^: \(.*\) .*$/  {"\1", (void *) 0},/p'\'' -e '\''s/^[ABCDGIRSTW][ABCDGIRSTW]* .* \(lib.*\)$/  {"\1", (void *) \&\1},/p'\'' -e '\''s/^[ABCDGIRSTW][ABCDGIRSTW]* .* \(.*\)$/  {"lib\1", (void *) \&\1},/p'\'''
lt_cv_sys_global_symbol_to_cdecl='sed -n -e '\''s/^T .* \(.*\)$/extern int \1();/p'\'' -e '\''s/^[ABCDGIRSTW][ABCDGIRSTW]* .* \(.*\)$/extern char \1;/p'\'''
lt_cv_sys_global_symbol_to_import=
lt_cv_sys_max_cmd_len=1572864
lt_cv_to_host_file_cmd=func_convert_file_noop
lt_cv_to_tool_file_cmd=func_convert_file_noop
lt_cv_truncate_bin='/bin/dd bs=4096 count=1'
pkg_cv_libimobiledevice_CFLAGS=-I/repo/Fail_GPL/asuswrt/release/src-ra-openwrt-4210/router/libimobiledevice-1.3.0/include
pkg_cv_libimobiledevice_LIBS='-L/repo/Fail_GPL/asuswrt/release/src-ra-openwrt-4210/router/libimobiledevice-1.3.0/src/.libs -limobiledevice-1.0'
pkg_cv_libplist_CFLAGS=-I/repo/Fail_GPL/asuswrt/release/src-ra-openwrt-4210/router/libplist-2.2.0/include
pkg_cv_libplist_LIBS='-L/repo/Fail_GPL/asuswrt/release/src-ra-openwrt-4210/router/libplist-2.2.0/src/.libs -lplist-2.0'
pkg_cv_libusb_CFLAGS=-I/repo/Fail_GPL/asuswrt/release/src-ra-openwrt-4210/router/libusb10/libusb
pkg_cv_libusb_LIBS='-L/repo/Fail_GPL/asuswrt/release/src-ra-openwrt-4210/router/libusb10/libusb/.libs -lusb-1.0'

## ----------------- ##
## Output variables. ##
## ----------------- ##

ACLOCAL='${SHELL} /repo/Fail_GPL/asuswrt/release/src/router/usbmuxd-1.1.1/missing aclocal-1.15'
AMDEPBACKSLASH='\'
AMDEP_FALSE='#'
AMDEP_TRUE=''
AMTAR='$${TAR-tar}'
AM_BACKSLASH='\'
AM_DEFAULT_V='$(AM_DEFAULT_VERBOSITY)'
AM_DEFAULT_VERBOSITY='0'
AM_V='$(V)'
AR='/opt/lede-toolchain-ramips-mt7621_gcc-5.4.0_musl-1.1.24.Linux-x86_64/toolchain-mipsel_24kc_gcc-5.4.0_musl-1.1.24/bin/mipsel-openwrt-linux-musl-ar'
AUTOCONF='${SHELL} /repo/Fail_GPL/asuswrt/release/src/router/usbmuxd-1.1.1/missing autoconf'
AUTOHEADER='${SHELL} /repo/Fail_GPL/asuswrt/release/src/router/usbmuxd-1.1.1/missing autoheader'
AUTOMAKE='${SHELL} /repo/Fail_GPL/asuswrt/release/src/router/usbmuxd-1.1.1/missing automake-1.15'
AWK='gawk'
CC='/opt/lede-toolchain-ramips-mt7621_gcc-5.4.0_musl-1.1.24.Linux-x86_64/toolchain-mipsel_24kc_gcc-5.4.0_musl-1.1.24/bin/mipsel-openwrt-linux-musl-gcc'
CCDEPMODE='depmode=gcc3'
CFLAGS='-DRTAX53U -DRTAX53U -DRTAX53U -DMUSL_LIBC -DRTAX53U -DBCM_EVENTD -DEXT_ACS -D__CONFIG_EMF__ -D__CONFIG_WPS__ -DMUSL_LIBC -DRTAX53U -DBCM_EVENTD -DEXT_ACS -D__CONFIG_EMF__ -D__CONFIG_WPS__'
CPP='/opt/lede-toolchain-ramips-mt7621_gcc-5.4.0_musl-1.1.24.Linux-x86_64/toolchain-mipsel_24kc_gcc-5.4.0_musl-1.1.24/bin/mipsel-openwrt-linux-musl-gcc -E'
CPPFLAGS=''
CXX='/opt/lede-toolchain-ramips-mt7621_gcc-5.4.0_musl-1.1.24.Linux-x86_64/toolchain-mipsel_24kc_gcc-5.4.0_musl-1.1.24/bin/mipsel-openwrt-linux-musl-g++'
CXXCPP='/opt/lede-toolchain-ramips-mt7621_gcc-5.4.0_musl-1.1.24.Linux-x86_64/toolchain-mipsel_24kc_gcc-5.4.0_musl-1.1.24/bin/mipsel-openwrt-linux-musl-g++ -E'
CXXDEPMODE='depmode=gcc3'
CXXFLAGS='-g -O2'
CYGPATH_W='echo'
DEFS='-DHAVE_CONFIG_H'
DEPDIR='.deps'
DLLTOOL='false'
DSYMUTIL=''
DUMPBIN=''
ECHO_C=''
ECHO_N='-n'
ECHO_T=''
EGREP='/bin/grep -E'
EXEEXT=''
FGREP='/bin/grep -F'
GLOBAL_CFLAGS='  -g -Wall -Wextra -Wmissing-declarations -Wredundant-decls -Wshadow -Wpointer-arith -Wwrite-strings -Wswitch-default -Wno-unused-parameter'
GREP='/bin/grep'
INSTALL_DATA='${INSTALL} -m 644'
INSTALL_PROGRAM='${INSTALL}'
INSTALL_SCRIPT='${INSTALL}'
INSTALL_STRIP_PROGRAM='$(install_sh) -c -s'
LD='/opt/lede-toolchain-ramips-mt7621_gcc-5.4.0_musl-1.1.24.Linux-x86_64/toolchain-mipsel_24kc_gcc-5.4.0_musl-1.1.24/bin/mipsel-openwrt-linux-musl-ld'
LDFLAGS=''
LIBOBJS=''
LIBS=''
LIBTOOL='$(SHELL) $(top_builddir)/libtool'
LIPO=''
LN_S='ln -s'
LTLIBOBJS=''
LT_SYS_LIBRARY_PATH=''
MAKEINFO='${SHELL} /repo/Fail_GPL/asuswrt/release/src/router/usbmuxd-1.1.1/missing makeinfo'
MANIFEST_TOOL=':'
MKDIR_P='/bin/mkdir -p'
NM='/opt/lede-toolchain-ramips-mt7621_gcc-5.4.0_musl-1.1.24.Linux-x86_64/toolchain-mipsel_24kc_gcc-5.4.0_musl-1.1.24/bin/mipsel-openwrt-linux-musl-nm'
NMEDIT=''
OBJDUMP='/opt/lede-toolchain-ramips-mt7621_gcc-5.4.0_musl-1.1.24.Linux-x86_64/toolchain-mipsel_24kc_gcc-5.4.0_musl-1.1.24/bin/mipsel-openwrt-linux-musl-objdump'
OBJEXT='o'
OTOOL64=''
OTOOL=''
PACKAGE='usbmuxd'
PACKAGE_BUGREPORT='https://github.com/libimobiledevice/usbmuxd/issues'
PACKAGE_NAME='usbmuxd'
PACKAGE_STRING='usbmuxd 1.1.1'
PACKAGE_TARNAME='usbmuxd'
PACKAGE_URL='https://libimobiledevice.org'
PACKAGE_VERSION='1.1.1'
PATH_SEPARATOR=':'
PKG_CONFIG='/usr/bin/pkg-config'
PKG_CONFIG_LIBDIR='/repo/Fail_GPL/asuswrt/release/src-ra-openwrt-4210/router/mipsel-musl/stage/usr/lib/pkgconfig:/repo/Fail_GPL/asuswrt/release/src-ra-openwrt-4210/router/mipsel-musl/stage/usr/local/lib/pkgconfig:/repo/Fail_GPL/asuswrt/release/src-ra-openwrt-4210/router/mipsel-musl/stage/etc/lib/pkgconfig'
PKG_CONFIG_PATH='/repo/Fail_GPL/asuswrt/release/src-ra-openwrt-4210/router/mipsel-musl/stage/usr/lib/pkgconfig:/repo/Fail_GPL/asuswrt/release/src-ra-openwrt-4210/router/mipsel-musl/stage/etc/lib/pkgconfig'
RANLIB='/opt/lede-toolchain-ramips-mt7621_gcc-5.4.0_musl-1.1.24.Linux-x86_64/toolchain-mipsel_24kc_gcc-5.4.0_musl-1.1.24/bin/mipsel-openwrt-linux-musl-ranlib'
SED='/bin/sed'
SET_MAKE=''
SHELL='/bin/sh'
STRIP='/opt/lede-toolchain-ramips-mt7621_gcc-5.4.0_musl-1.1.24.Linux-x86_64/toolchain-mipsel_24kc_gcc-5.4.0_musl-1.1.24/bin/mipsel-openwrt-linux-musl-strip -R .note -R .comment'
SYSTEMD_SUB='systemd'
UDEV_SUB='udev'
VERSION='1.1.1'
WANT_SYSTEMD_FALSE=''
WANT_SYSTEMD_TRUE='#'
WIN32_FALSE=''
WIN32_TRUE='#'
WINDRES=''
ac_ct_AR=''
ac_ct_CC=''
ac_ct_CXX=''
ac_ct_DUMPBIN=''
am__EXEEXT_FALSE=''
am__EXEEXT_TRUE='#'
am__fastdepCC_FALSE='#'
am__fastdepCC_TRUE=''
am__fastdepCXX_FALSE='#'
am__fastdepCXX_TRUE=''
am__include='include'
am__isrc=''
am__leading_dot='.'
am__nodep='_no'
am__quote=''
am__tar='$${TAR-tar} chof - "$$tardir"'
am__untar='$${TAR-tar} xf -'
bindir='${exec_prefix}/bin'
build='x86_64-pc-linux-gnu'
build_alias='x86_64-linux-gnu'
build_cpu='x86_64'
build_os='linux-gnu'
build_vendor='pc'
datadir='${datarootdir}'
datarootdir='${prefix}/share'
docdir='${datarootdir}/doc/${PACKAGE_TARNAME}'
dvidir='${docdir}'
exec_prefix='${prefix}'
host='mipsel-unknown-linux-gnu'
host_alias='mipsel-linux'
host_cpu='mipsel'
host_os='linux-gnu'
host_vendor='unknown'
htmldir='${docdir}'
includedir='${prefix}/include'
infodir='${datarootdir}/info'
install_sh='${SHELL} /repo/Fail_GPL/asuswrt/release/src/router/usbmuxd-1.1.1/install-sh'
libdir='${exec_prefix}/lib'
libexecdir='${exec_prefix}/libexec'
libimobiledevice_CFLAGS='-I/repo/Fail_GPL/asuswrt/release/src-ra-openwrt-4210/router/libimobiledevice-1.3.0/include'
libimobiledevice_LIBS='-L/repo/Fail_GPL/asuswrt/release/src-ra-openwrt-4210/router/libimobiledevice-1.3.0/src/.libs -limobiledevice-1.0'
libplist_CFLAGS='-I/repo/Fail_GPL/asuswrt/release/src-ra-openwrt-4210/router/libplist-2.2.0/include'
libplist_LIBS='-L/repo/Fail_GPL/asuswrt/release/src-ra-openwrt-4210/router/libplist-2.2.0/src/.libs -lplist-2.0'
libpthread_LIBS='-lpthread'
libusb_CFLAGS='-I/repo/Fail_GPL/asuswrt/release/src-ra-openwrt-4210/router/libusb10/libusb'
libusb_LIBS='-L/repo/Fail_GPL/asuswrt/release/src-ra-openwrt-4210/router/libusb10/libusb/.libs -lusb-1.0'
localedir='${datarootdir}/locale'
localstatedir='${prefix}/var'
mandir='${datarootdir}/man'
mkdir_p='$(MKDIR_P)'
oldincludedir='/usr/include'
pdfdir='${docdir}'
prefix='/usr/local'
program_transform_name='s,x,x,'
psdir='${docdir}'
runstatedir='${localstatedir}/run'
sbindir='${exec_prefix}/sbin'
sharedstatedir='${prefix}/com'
sysconfdir='${prefix}/etc'
systemdsystemunitdir=''
target_alias=''
udev_activation_rule='ENV{SYSTEMD_WANTS}="usbmuxd.service"'
udevrulesdir='NONE/lib/udev/rules.d'

## ----------- ##
## confdefs.h. ##
## ----------- ##

/* confdefs.h */
#define PACKAGE_NAME "usbmuxd"
#define PACKAGE_TARNAME "usbmuxd"
#define PACKAGE_VERSION "1.1.1"
#define PACKAGE_STRING "usbmuxd 1.1.1"
#define PACKAGE_BUGREPORT "https://github.com/libimobiledevice/usbmuxd/issues"
#define PACKAGE_URL "https://libimobiledevice.org"
#define PACKAGE "usbmuxd"
#define VERSION "1.1.1"
#define STDC_HEADERS 1
#define HAVE_SYS_TYPES_H 1
#define HAVE_SYS_STAT_H 1
#define HAVE_STDLIB_H 1
#define HAVE_STRING_H 1
#define HAVE_MEMORY_H 1
#define HAVE_STRINGS_H 1
#define HAVE_INTTYPES_H 1
#define HAVE_STDINT_H 1
#define HAVE_UNISTD_H 1
#define HAVE_DLFCN_H 1
#define LT_OBJDIR ".libs/"
#define HAVE_LIBIMOBILEDEVICE 1
#define HAVE_ENUM_IDEVICE_CONNECTION_TYPE 1
#define STDC_HEADERS 1
#define HAVE_STDINT_H 1
#define HAVE_STDLIB_H 1
#define HAVE_STRING_H 1
#define HAVE_STDLIB_H 1
#define HAVE_MALLOC 1
#define HAVE_STDLIB_H 1
#define HAVE_REALLOC 1
#define HAVE_STRCASECMP 1
#define HAVE_STRDUP 1
#define HAVE_STRERROR 1
#define HAVE_STRNDUP 1
#define HAVE_STPCPY 1
#define HAVE_PPOLL 1
#define HAVE_CLOCK_GETTIME 1
#define HAVE_LOCALTIME_R 1
#define HAVE_UDEV 1
#define HAVE_SYSTEMD 1

configure: exit 0
