终端机在文法中未使用

    ERROR


语法

    0 $accept: input $end

    1 input: %empty
    2      | expr
    3      | expr error

    4 expr: match
    5     | match relation expr

    6 match: invert ATTRIBUTE '(' args ')'
    7      | invert '(' expr ')'

    8 args: ATTRIBUTE
    9     | ATTRIBUTE args

   10 relation: AND
   11         | OR

   12 invert: %empty
   13       | NOT


终结语词，附有它们出现处的规则

    $end (0) 0
    '(' (40) 6 7
    ')' (41) 6 7
    error (256) 3
    ERROR <i> (258)
    ATTRIBUTE <b> (259) 6 8 9
    AND <i> (260) 10
    OR <i> (261) 11
    NOT <i> (262) 13


非终结语词，附有它们出现处的规则

    $accept (10)
        on left: 0
    input (11)
        on left: 1 2 3
        on right: 0
    expr <e> (12)
        on left: 4 5
        on right: 2 3 5 7
    match <e> (13)
        on left: 6 7
        on right: 4 5
    args <b> (14)
        on left: 8 9
        on right: 6 9
    relation <i> (15)
        on left: 10 11
        on right: 5
    invert <i> (16)
        on left: 12 13
        on right: 6 7


状态 0

    0 $accept: . input $end

    NOT  偏移，并进入状态 1

    $end      使用规则 1 以归约 (input)
    $default  使用规则 12 以归约 (invert)

    input   转到状态 2
    expr    转到状态 3
    match   转到状态 4
    invert  转到状态 5


状态 1

   13 invert: NOT .

    $default  使用规则 13 以归约 (invert)


状态 2

    0 $accept: input . $end

    $end  偏移，并进入状态 6


状态 3

    2 input: expr .
    3      | expr . error

    error  偏移，并进入状态 7

    $end  使用规则 2 以归约 (input)


状态 4

    4 expr: match .
    5     | match . relation expr

    AND  偏移，并进入状态 8
    OR   偏移，并进入状态 9

    $default  使用规则 4 以归约 (expr)

    relation  转到状态 10


状态 5

    6 match: invert . ATTRIBUTE '(' args ')'
    7      | invert . '(' expr ')'

    ATTRIBUTE  偏移，并进入状态 11
    '('        偏移，并进入状态 12


状态 6

    0 $accept: input $end .

    $default  接受


状态 7

    3 input: expr error .

    $default  使用规则 3 以归约 (input)


状态 8

   10 relation: AND .

    $default  使用规则 10 以归约 (relation)


状态 9

   11 relation: OR .

    $default  使用规则 11 以归约 (relation)


状态 10

    5 expr: match relation . expr

    NOT  偏移，并进入状态 1

    $default  使用规则 12 以归约 (invert)

    expr    转到状态 13
    match   转到状态 4
    invert  转到状态 5


状态 11

    6 match: invert ATTRIBUTE . '(' args ')'

    '('  偏移，并进入状态 14


状态 12

    7 match: invert '(' . expr ')'

    NOT  偏移，并进入状态 1

    $default  使用规则 12 以归约 (invert)

    expr    转到状态 15
    match   转到状态 4
    invert  转到状态 5


状态 13

    5 expr: match relation expr .

    $default  使用规则 5 以归约 (expr)


状态 14

    6 match: invert ATTRIBUTE '(' . args ')'

    ATTRIBUTE  偏移，并进入状态 16

    args  转到状态 17


状态 15

    7 match: invert '(' expr . ')'

    ')'  偏移，并进入状态 18


状态 16

    8 args: ATTRIBUTE .
    9     | ATTRIBUTE . args

    ATTRIBUTE  偏移，并进入状态 16

    $default  使用规则 8 以归约 (args)

    args  转到状态 19


状态 17

    6 match: invert ATTRIBUTE '(' args . ')'

    ')'  偏移，并进入状态 20


状态 18

    7 match: invert '(' expr ')' .

    $default  使用规则 7 以归约 (match)


状态 19

    9 args: ATTRIBUTE args .

    $default  使用规则 9 以归约 (args)


状态 20

    6 match: invert ATTRIBUTE '(' args ')' .

    $default  使用规则 6 以归约 (match)
