This file contains any messages produced by compilers while
running configure, to aid debugging if configure makes a mistake.

It was created by configure, which was
generated by GNU Autoconf 2.61.  Invocation command line was

  $ ./configure --host=mipsel-linux --build=x86_64-linux-gnu --prefix=/usr --bindir=/usr/sbin --libdir=/usr/lib --enable-bcrelay KDIR=/repo/Pass_GPL/asuswrt/release/src-ra-openwrt-4210/router/kernel_header PPPDIR=/repo/Pass_GPL/asuswrt/release/src-ra-openwrt-4210/router/pppd

## --------- ##
## Platform. ##
## --------- ##

hostname = 820a0eb7ac91
uname -m = x86_64
uname -r = 6.8.0-137-generic
uname -s = Linux
uname -v = #137-Ubuntu SMP PREEMPT_DYNAMIC Fri Jul 17 20:28:23 UTC 2026

/usr/bin/uname -p = unknown
/bin/uname -X     = unknown

/bin/arch              = unknown
/usr/bin/arch -k       = unknown
/usr/convex/getsysinfo = unknown
/usr/bin/hostinfo      = unknown
/bin/machine           = unknown
/usr/bin/oslevel       = unknown
/bin/universe          = unknown

PATH: /repo/Pass_GPL/asuswrt/release/tools
PATH: /repo/Pass_GPL/asuswrt/release/src-ra-openwrt-4210/ctools
PATH: /repo/Pass_GPL/asuswrt/release/tools
PATH: /repo/Pass_GPL/asuswrt/release/src-ra-openwrt-4210/ctools
PATH: /repo/Pass_GPL/asuswrt/release/tools
PATH: /repo/Pass_GPL/asuswrt/release/src-ra-openwrt-4210/ctools
PATH: /usr/local/sbin
PATH: /usr/local/bin
PATH: /usr/sbin
PATH: /usr/bin
PATH: /sbin
PATH: /bin
PATH: /home/asuswrt/bin
PATH: /home/asuswrt/mybash
PATH: /opt/buildroot-gcc342/bin
PATH: /opt/buildroot-gcc463/bin
PATH: /opt/brcm/hndtools-mipsel-linux/bin
PATH: /opt/brcm/hndtools-mipsel-uclibc/bin
PATH: /opt/projects/hnd/tools/linux/hndtools-arm-linux-2.6.36-uclibc-4.5.3/bin
PATH: /opt/projects/hnd/tools/linux/hndtools-arm-linux-2.6.36-uclibc-4.5.3/arm-linux/bin
PATH: /opt/projects/hnd/tools/linux/hndtools-arm-linux-2.6.36-uclibc-4.5.3/usr/bin
PATH: /opt/toolchains/crosstools-arm-gcc-5.3-linux-4.1-glibc-2.22-binutils-2.25/usr/bin
PATH: /opt/toolchains/crosstools-aarch64-gcc-5.3-linux-4.1-glibc-2.22-binutils-2.25/usr/bin
PATH: /opt/toolchains/crosstools-arm-gcc-9.2-linux-4.19-glibc-2.30-binutils-2.32/usr/lib
PATH: /opt/toolchains/crosstools-aarch64-gcc-9.2-linux-4.19-glibc-2.30-binutils-2.32/bin
PATH: /opt/toolchains/crosstools-arm-gcc-10.3-linux-4.19-glibc-2.32-binutils-2.36.1/bin
PATH: /opt/toolchains/crosstools-aarch64-gcc-10.3-linux-4.19-glibc-2.32-binutils-2.36.1/bin
PATH: /opt/openwrt-gcc463.arm/bin
PATH: /opt/openwrt-gcc463.mips.mesh/bin
PATH: /opt/openwrt-gcc520_musl.aarch64/bin
PATH: /opt/openwrt-gcc840_musl.aarch64/bin


## ----------- ##
## Core tests. ##
## ----------- ##

configure:1774: checking for a BSD-compatible install
configure:1830: result: /usr/bin/install -c
configure:1841: checking whether build environment is sane
configure:1884: result: yes
configure:1949: checking for gawk
configure:1965: found /usr/bin/gawk
configure:1976: result: gawk
configure:1987: checking whether make sets $(MAKE)
configure:2008: result: yes
configure:2084: checking for mipsel-linux-strip
configure:2111: result: /opt/lede-toolchain-ramips-mt7621_gcc-5.4.0_musl-1.1.24.Linux-x86_64/toolchain-mipsel_24kc_gcc-5.4.0_musl-1.1.24/bin/mipsel-openwrt-linux-musl-strip -R .note -R .comment
configure:2223: checking command line for syslog facility name
configure:2237: result: default LOG_DAEMON
configure:2247: checking command line for bcrelay build
configure:2254: result: yes
configure:2289: checking for mipsel-linux-gcc
configure:2316: result: /opt/lede-toolchain-ramips-mt7621_gcc-5.4.0_musl-1.1.24.Linux-x86_64/toolchain-mipsel_24kc_gcc-5.4.0_musl-1.1.24/bin/mipsel-openwrt-linux-musl-gcc
configure:2594: checking for C compiler version
configure:2601: /opt/lede-toolchain-ramips-mt7621_gcc-5.4.0_musl-1.1.24.Linux-x86_64/toolchain-mipsel_24kc_gcc-5.4.0_musl-1.1.24/bin/mipsel-openwrt-linux-musl-gcc --version >&5
mipsel-openwrt-linux-musl-gcc.bin (LEDE GCC 5.4.0 unknown) 5.4.0
Copyright (C) 2015 Free Software Foundation, Inc.
This is free software; see the source for copying conditions.  There is NO
warranty; not even for MERCHANTABILITY or FITNESS FOR A PARTICULAR PURPOSE.

configure:2604: $? = 0
configure:2611: /opt/lede-toolchain-ramips-mt7621_gcc-5.4.0_musl-1.1.24.Linux-x86_64/toolchain-mipsel_24kc_gcc-5.4.0_musl-1.1.24/bin/mipsel-openwrt-linux-musl-gcc -v >&5
Reading specs from /opt/lede-toolchain-ramips-mt7621_gcc-5.4.0_musl-1.1.24.Linux-x86_64/toolchain-mipsel_24kc_gcc-5.4.0_musl-1.1.24/bin/../lib/gcc/mipsel-openwrt-linux-musl/5.4.0/specs
COLLECT_GCC=mipsel-openwrt-linux-musl-gcc.bin
COLLECT_LTO_WRAPPER=/opt/lede-toolchain-ramips-mt7621_gcc-5.4.0_musl-1.1.24.Linux-x86_64/toolchain-mipsel_24kc_gcc-5.4.0_musl-1.1.24/bin/../libexec/gcc/mipsel-openwrt-linux-musl/5.4.0/lto-wrapper
Target: mipsel-openwrt-linux-musl
Configured with: /data2/heidi_wen/SW4_git/OpenWRT_4210_20230308/mtk-openwrt-lede-4.2.1.0/build_dir/toolchain-mipsel_24kc_gcc-5.4.0_musl-1.1.24/gcc-5.4.0/configure --with-bugurl=http://www.lede-project.org/bugs/ --with-pkgversion='LEDE GCC 5.4.0 unknown' --prefix=/data2/heidi_wen/SW4_git/OpenWRT_4210_20230308/mtk-openwrt-lede-4.2.1.0/staging_dir/toolchain-mipsel_24kc_gcc-5.4.0_musl-1.1.24 --build=x86_64-linux-gnu --host=x86_64-linux-gnu --target=mipsel-openwrt-linux-musl --with-gnu-ld --enable-target-optspace --disable-libgomp --disable-libmudflap --disable-multilib --disable-libmpx --disable-nls --without-isl --without-cloog --with-host-libstdcxx=-lstdc++ --with-float=soft --with-gmp=/data2/heidi_wen/SW4_git/OpenWRT_4210_20230308/mtk-openwrt-lede-4.2.1.0/staging_dir/host --with-mpfr=/data2/heidi_wen/SW4_git/OpenWRT_4210_20230308/mtk-openwrt-lede-4.2.1.0/staging_dir/host --with-mpc=/data2/heidi_wen/SW4_git/OpenWRT_4210_20230308/mtk-openwrt-lede-4.2.1.0/staging_dir/host --disable-decimal-float --with-mips-plt --with-diagnostics-color=auto-if-env --disable-libssp --enable-__cxa_atexit --with-headers=/data2/heidi_wen/SW4_git/OpenWRT_4210_20230308/mtk-openwrt-lede-4.2.1.0/staging_dir/toolchain-mipsel_24kc_gcc-5.4.0_musl-1.1.24/include --disable-libsanitizer --enable-languages=c,c++ --enable-shared --enable-threads --with-slibdir=/data2/heidi_wen/SW4_git/OpenWRT_4210_20230308/mtk-openwrt-lede-4.2.1.0/staging_dir/toolchain-mipsel_24kc_gcc-5.4.0_musl-1.1.24/lib --enable-lto --with-libelf=/data2/heidi_wen/SW4_git/OpenWRT_4210_20230308/mtk-openwrt-lede-4.2.1.0/staging_dir/host
Thread model: posix
gcc version 5.4.0 (LEDE GCC 5.4.0 unknown) 
COMPILER_PATH=/opt/lede-toolchain-ramips-mt7621_gcc-5.4.0_musl-1.1.24.Linux-x86_64/toolchain-mipsel_24kc_gcc-5.4.0_musl-1.1.24/bin/../libexec/gcc/mipsel-openwrt-linux-musl/5.4.0/:/opt/lede-toolchain-ramips-mt7621_gcc-5.4.0_musl-1.1.24.Linux-x86_64/toolchain-mipsel_24kc_gcc-5.4.0_musl-1.1.24/bin/../libexec/gcc/:/opt/lede-toolchain-ramips-mt7621_gcc-5.4.0_musl-1.1.24.Linux-x86_64/toolchain-mipsel_24kc_gcc-5.4.0_musl-1.1.24/bin/../lib/gcc/mipsel-openwrt-linux-musl/5.4.0/../../../../mipsel-openwrt-linux-musl/bin/
LIBRARY_PATH=/opt/lede-toolchain-ramips-mt7621_gcc-5.4.0_musl-1.1.24.Linux-x86_64/toolchain-mipsel_24kc_gcc-5.4.0_musl-1.1.24/bin/../lib/gcc/mipsel-openwrt-linux-musl/5.4.0/:/opt/lede-toolchain-ramips-mt7621_gcc-5.4.0_musl-1.1.24.Linux-x86_64/toolchain-mipsel_24kc_gcc-5.4.0_musl-1.1.24/bin/../lib/gcc/:/opt/lede-toolchain-ramips-mt7621_gcc-5.4.0_musl-1.1.24.Linux-x86_64/toolchain-mipsel_24kc_gcc-5.4.0_musl-1.1.24/bin/../lib/gcc/mipsel-openwrt-linux-musl/5.4.0/../../../../mipsel-openwrt-linux-musl/lib/
COLLECT_GCC_OPTIONS='-v' '-msoft-float' '-mllsc' '-mplt' '-mno-shared' '-EL' '-mabi=32'
 /opt/lede-toolchain-ramips-mt7621_gcc-5.4.0_musl-1.1.24.Linux-x86_64/toolchain-mipsel_24kc_gcc-5.4.0_musl-1.1.24/bin/../libexec/gcc/mipsel-openwrt-linux-musl/5.4.0/collect2 -plugin /opt/lede-toolchain-ramips-mt7621_gcc-5.4.0_musl-1.1.24.Linux-x86_64/toolchain-mipsel_24kc_gcc-5.4.0_musl-1.1.24/bin/../libexec/gcc/mipsel-openwrt-linux-musl/5.4.0/liblto_plugin.so -plugin-opt=/opt/lede-toolchain-ramips-mt7621_gcc-5.4.0_musl-1.1.24.Linux-x86_64/toolchain-mipsel_24kc_gcc-5.4.0_musl-1.1.24/bin/../libexec/gcc/mipsel-openwrt-linux-musl/5.4.0/lto-wrapper -plugin-opt=-fresolution=/tmp/ccpwGSvS.res -plugin-opt=-pass-through=-lgcc_s -plugin-opt=-pass-through=-lc -plugin-opt=-pass-through=-lgcc_s --sysroot=/opt/lede-toolchain-ramips-mt7621_gcc-5.4.0_musl-1.1.24.Linux-x86_64/toolchain-mipsel_24kc_gcc-5.4.0_musl-1.1.24/bin//../.. --eh-frame-hdr -EL -dynamic-linker /lib/ld-musl-mipsel-sf.so.1 -melf32ltsmip /opt/lede-toolchain-ramips-mt7621_gcc-5.4.0_musl-1.1.24.Linux-x86_64/toolchain-mipsel_24kc_gcc-5.4.0_musl-1.1.24/bin/../lib/gcc/mipsel-openwrt-linux-musl/5.4.0/../../../../mipsel-openwrt-linux-musl/lib/crt1.o /opt/lede-toolchain-ramips-mt7621_gcc-5.4.0_musl-1.1.24.Linux-x86_64/toolchain-mipsel_24kc_gcc-5.4.0_musl-1.1.24/bin/../lib/gcc/mipsel-openwrt-linux-musl/5.4.0/../../../../mipsel-openwrt-linux-musl/lib/crti.o /opt/lede-toolchain-ramips-mt7621_gcc-5.4.0_musl-1.1.24.Linux-x86_64/toolchain-mipsel_24kc_gcc-5.4.0_musl-1.1.24/bin/../lib/gcc/mipsel-openwrt-linux-musl/5.4.0/crtbegin.o -L /opt/lede-toolchain-ramips-mt7621_gcc-5.4.0_musl-1.1.24.Linux-x86_64/toolchain-mipsel_24kc_gcc-5.4.0_musl-1.1.24/usr/lib -rpath-link /opt/lede-toolchain-ramips-mt7621_gcc-5.4.0_musl-1.1.24.Linux-x86_64/toolchain-mipsel_24kc_gcc-5.4.0_musl-1.1.24/usr/lib -L/opt/lede-toolchain-ramips-mt7621_gcc-5.4.0_musl-1.1.24.Linux-x86_64/toolchain-mipsel_24kc_gcc-5.4.0_musl-1.1.24/bin/../lib/gcc/mipsel-openwrt-linux-musl/5.4.0 -L/opt/lede-toolchain-ramips-mt7621_gcc-5.4.0_musl-1.1.24.Linux-x86_64/toolchain-mipsel_24kc_gcc-5.4.0_musl-1.1.24/bin/../lib/gcc -L/opt/lede-toolchain-ramips-mt7621_gcc-5.4.0_musl-1.1.24.Linux-x86_64/toolchain-mipsel_24kc_gcc-5.4.0_musl-1.1.24/bin/../lib/gcc/mipsel-openwrt-linux-musl/5.4.0/../../../../mipsel-openwrt-linux-musl/lib -rpath=/opt/lede-toolchain-ramips-mt7621_gcc-5.4.0_musl-1.1.24.Linux-x86_64/toolchain-mipsel_24kc_gcc-5.4.0_musl-1.1.24/bin//../../lib:/opt/lede-toolchain-ramips-mt7621_gcc-5.4.0_musl-1.1.24.Linux-x86_64/toolchain-mipsel_24kc_gcc-5.4.0_musl-1.1.24/bin//../../usr/lib -lssp_nonshared -lgcc_s -lc -lgcc_s /opt/lede-toolchain-ramips-mt7621_gcc-5.4.0_musl-1.1.24.Linux-x86_64/toolchain-mipsel_24kc_gcc-5.4.0_musl-1.1.24/bin/../lib/gcc/mipsel-openwrt-linux-musl/5.4.0/crtend.o /opt/lede-toolchain-ramips-mt7621_gcc-5.4.0_musl-1.1.24.Linux-x86_64/toolchain-mipsel_24kc_gcc-5.4.0_musl-1.1.24/bin/../lib/gcc/mipsel-openwrt-linux-musl/5.4.0/../../../../mipsel-openwrt-linux-musl/lib/crtn.o
/opt/lede-toolchain-ramips-mt7621_gcc-5.4.0_musl-1.1.24.Linux-x86_64/toolchain-mipsel_24kc_gcc-5.4.0_musl-1.1.24/bin/../lib/gcc/mipsel-openwrt-linux-musl/5.4.0/../../../../mipsel-openwrt-linux-musl/lib/crt1.o: In function `_start_c':
/data2/heidi_wen/SW4_git/OpenWRT_4210_20230308/mtk-openwrt-lede-4.2.1.0/build_dir/toolchain-mipsel_24kc_gcc-5.4.0_musl-1.1.24/musl-1.1.24/crt/crt1.c:18: undefined reference to `main'
/data2/heidi_wen/SW4_git/OpenWRT_4210_20230308/mtk-openwrt-lede-4.2.1.0/build_dir/toolchain-mipsel_24kc_gcc-5.4.0_musl-1.1.24/musl-1.1.24/crt/crt1.c:18: undefined reference to `main'
collect2: error: ld returned 1 exit status
configure:2614: $? = 1
configure:2621: /opt/lede-toolchain-ramips-mt7621_gcc-5.4.0_musl-1.1.24.Linux-x86_64/toolchain-mipsel_24kc_gcc-5.4.0_musl-1.1.24/bin/mipsel-openwrt-linux-musl-gcc -V >&5
mipsel-openwrt-linux-musl-gcc.bin: error: unrecognized command line option '-V'
configure:2624: $? = 1
configure:2647: checking for C compiler default output file name
configure:2674: /opt/lede-toolchain-ramips-mt7621_gcc-5.4.0_musl-1.1.24.Linux-x86_64/toolchain-mipsel_24kc_gcc-5.4.0_musl-1.1.24/bin/mipsel-openwrt-linux-musl-gcc -DRTAX53U -DRTAX53U -DRTAX53U -DMUSL_LIBC -DRTAX53U -DBCM_EVENTD -DEXT_ACS -D__CONFIG_EMF__ -D__CONFIG_WPS__ -g -O2 -DLINUX26 -DCONFIG_RALINK -DMUSL_LIBC -DDEBUG_NOISY -DDEBUG_RCTEST -D_GNU_SOURCE -D__UAPI_DEF_ETHHDR -DRALINK_DBDC_MODE -pipe -funit-at-a-time -Wno-pointer-sign -mtune=mips32 -mips32 -DLINUX_KERNEL_VERSION=263366 --sysroot=/opt/lede-toolchain-ramips-mt7621_gcc-5.4.0_musl-1.1.24.Linux-x86_64/toolchain-mipsel_24kc_gcc-5.4.0_musl-1.1.24  -idirafter /repo/Pass_GPL/asuswrt/release/src-ra-openwrt-4210/router/kernel_header/include   conftest.c  >&5
conftest.c:14:0: warning: "PPTP_FACILITY" redefined
 #define PPTP_FACILITY LOG_DAEMON
 ^
conftest.c:11:0: note: this is the location of the previous definition
 #define PPTP_FACILITY
 ^
conftest.c:15:0: warning: "BCRELAY" redefined
 #define BCRELAY 1
 ^
conftest.c:9:0: note: this is the location of the previous definition
 #define BCRELAY
 ^
configure:2677: $? = 0
configure:2715: result: a.out
configure:2732: checking whether the C compiler works
configure:2762: result: yes
configure:2769: checking whether we are cross compiling
configure:2771: result: yes
configure:2774: checking for suffix of executables
configure:2781: /opt/lede-toolchain-ramips-mt7621_gcc-5.4.0_musl-1.1.24.Linux-x86_64/toolchain-mipsel_24kc_gcc-5.4.0_musl-1.1.24/bin/mipsel-openwrt-linux-musl-gcc -o conftest -DRTAX53U -DRTAX53U -DRTAX53U -DMUSL_LIBC -DRTAX53U -DBCM_EVENTD -DEXT_ACS -D__CONFIG_EMF__ -D__CONFIG_WPS__ -g -O2 -DLINUX26 -DCONFIG_RALINK -DMUSL_LIBC -DDEBUG_NOISY -DDEBUG_RCTEST -D_GNU_SOURCE -D__UAPI_DEF_ETHHDR -DRALINK_DBDC_MODE -pipe -funit-at-a-time -Wno-pointer-sign -mtune=mips32 -mips32 -DLINUX_KERNEL_VERSION=263366 --sysroot=/opt/lede-toolchain-ramips-mt7621_gcc-5.4.0_musl-1.1.24.Linux-x86_64/toolchain-mipsel_24kc_gcc-5.4.0_musl-1.1.24  -idirafter /repo/Pass_GPL/asuswrt/release/src-ra-openwrt-4210/router/kernel_header/include   conftest.c  >&5
conftest.c:14:0: warning: "PPTP_FACILITY" redefined
 #define PPTP_FACILITY LOG_DAEMON
 ^
conftest.c:11:0: note: this is the location of the previous definition
 #define PPTP_FACILITY
 ^
conftest.c:15:0: warning: "BCRELAY" redefined
 #define BCRELAY 1
 ^
conftest.c:9:0: note: this is the location of the previous definition
 #define BCRELAY
 ^
configure:2784: $? = 0
configure:2808: result: 
configure:2814: checking for suffix of object files
configure:2840: /opt/lede-toolchain-ramips-mt7621_gcc-5.4.0_musl-1.1.24.Linux-x86_64/toolchain-mipsel_24kc_gcc-5.4.0_musl-1.1.24/bin/mipsel-openwrt-linux-musl-gcc -c -DRTAX53U -DRTAX53U -DRTAX53U -DMUSL_LIBC -DRTAX53U -DBCM_EVENTD -DEXT_ACS -D__CONFIG_EMF__ -D__CONFIG_WPS__ -g -O2 -DLINUX26 -DCONFIG_RALINK -DMUSL_LIBC -DDEBUG_NOISY -DDEBUG_RCTEST -D_GNU_SOURCE -D__UAPI_DEF_ETHHDR -DRALINK_DBDC_MODE -pipe -funit-at-a-time -Wno-pointer-sign -mtune=mips32 -mips32 -DLINUX_KERNEL_VERSION=263366 --sysroot=/opt/lede-toolchain-ramips-mt7621_gcc-5.4.0_musl-1.1.24.Linux-x86_64/toolchain-mipsel_24kc_gcc-5.4.0_musl-1.1.24  -idirafter /repo/Pass_GPL/asuswrt/release/src-ra-openwrt-4210/router/kernel_header/include  conftest.c >&5
conftest.c:14:0: warning: "PPTP_FACILITY" redefined
 #define PPTP_FACILITY LOG_DAEMON
 ^
conftest.c:11:0: note: this is the location of the previous definition
 #define PPTP_FACILITY
 ^
conftest.c:15:0: warning: "BCRELAY" redefined
 #define BCRELAY 1
 ^
conftest.c:9:0: note: this is the location of the previous definition
 #define BCRELAY
 ^
configure:2843: $? = 0
configure:2866: result: o
configure:2870: checking whether we are using the GNU C compiler
configure:2899: /opt/lede-toolchain-ramips-mt7621_gcc-5.4.0_musl-1.1.24.Linux-x86_64/toolchain-mipsel_24kc_gcc-5.4.0_musl-1.1.24/bin/mipsel-openwrt-linux-musl-gcc -c -DRTAX53U -DRTAX53U -DRTAX53U -DMUSL_LIBC -DRTAX53U -DBCM_EVENTD -DEXT_ACS -D__CONFIG_EMF__ -D__CONFIG_WPS__ -g -O2 -DLINUX26 -DCONFIG_RALINK -DMUSL_LIBC -DDEBUG_NOISY -DDEBUG_RCTEST -D_GNU_SOURCE -D__UAPI_DEF_ETHHDR -DRALINK_DBDC_MODE -pipe -funit-at-a-time -Wno-pointer-sign -mtune=mips32 -mips32 -DLINUX_KERNEL_VERSION=263366 --sysroot=/opt/lede-toolchain-ramips-mt7621_gcc-5.4.0_musl-1.1.24.Linux-x86_64/toolchain-mipsel_24kc_gcc-5.4.0_musl-1.1.24  -idirafter /repo/Pass_GPL/asuswrt/release/src-ra-openwrt-4210/router/kernel_header/include  conftest.c >&5
conftest.c:14:0: warning: "PPTP_FACILITY" redefined
 #define PPTP_FACILITY LOG_DAEMON
 ^
conftest.c:11:0: note: this is the location of the previous definition
 #define PPTP_FACILITY
 ^
conftest.c:15:0: warning: "BCRELAY" redefined
 #define BCRELAY 1
 ^
conftest.c:9:0: note: this is the location of the previous definition
 #define BCRELAY
 ^
configure:2905: $? = 0
configure:2922: result: yes
configure:2927: checking whether /opt/lede-toolchain-ramips-mt7621_gcc-5.4.0_musl-1.1.24.Linux-x86_64/toolchain-mipsel_24kc_gcc-5.4.0_musl-1.1.24/bin/mipsel-openwrt-linux-musl-gcc accepts -g
configure:2957: /opt/lede-toolchain-ramips-mt7621_gcc-5.4.0_musl-1.1.24.Linux-x86_64/toolchain-mipsel_24kc_gcc-5.4.0_musl-1.1.24/bin/mipsel-openwrt-linux-musl-gcc -c -g  conftest.c >&5
conftest.c:14:0: warning: "PPTP_FACILITY" redefined
 #define PPTP_FACILITY LOG_DAEMON
 ^
conftest.c:11:0: note: this is the location of the previous definition
 #define PPTP_FACILITY
 ^
conftest.c:15:0: warning: "BCRELAY" redefined
 #define BCRELAY 1
 ^
conftest.c:9:0: note: this is the location of the previous definition
 #define BCRELAY
 ^
configure:2963: $? = 0
configure: failed program was:
| /* confdefs.h.  */
| #define PACKAGE_NAME ""
| #define PACKAGE_TARNAME ""
| #define PACKAGE_VERSION ""
| #define PACKAGE_STRING ""
| #define PACKAGE_BUGREPORT ""
| #define PACKAGE "pptpd"
| #define VERSION "0.8.5"
| #define BCRELAY
| #define PPPD_VERSION
| #define PPTP_FACILITY
| #define PPP_BINARY "/usr/sbin/pppd"
| #define KERNELVERSION
| #define PPTP_FACILITY LOG_DAEMON
| #define BCRELAY 1
| /* end confdefs.h.  */
| 
| int
| main ()
| {
| 
|   ;
|   return 0;
| }
configure:2995: /opt/lede-toolchain-ramips-mt7621_gcc-5.4.0_musl-1.1.24.Linux-x86_64/toolchain-mipsel_24kc_gcc-5.4.0_musl-1.1.24/bin/mipsel-openwrt-linux-musl-gcc -c   conftest.c >&5
conftest.c:14:0: warning: "PPTP_FACILITY" redefined
 #define PPTP_FACILITY LOG_DAEMON
 ^
conftest.c:11:0: note: this is the location of the previous definition
 #define PPTP_FACILITY
 ^
conftest.c:15:0: warning: "BCRELAY" redefined
 #define BCRELAY 1
 ^
conftest.c:9:0: note: this is the location of the previous definition
 #define BCRELAY
 ^
configure:3001: $? = 0
configure: failed program was:
| /* confdefs.h.  */
| #define PACKAGE_NAME ""
| #define PACKAGE_TARNAME ""
| #define PACKAGE_VERSION ""
| #define PACKAGE_STRING ""
| #define PACKAGE_BUGREPORT ""
| #define PACKAGE "pptpd"
| #define VERSION "0.8.5"
| #define BCRELAY
| #define PPPD_VERSION
| #define PPTP_FACILITY
| #define PPP_BINARY "/usr/sbin/pppd"
| #define KERNELVERSION
| #define PPTP_FACILITY LOG_DAEMON
| #define BCRELAY 1
| /* end confdefs.h.  */
| 
| int
| main ()
| {
| 
|   ;
|   return 0;
| }
configure:3034: /opt/lede-toolchain-ramips-mt7621_gcc-5.4.0_musl-1.1.24.Linux-x86_64/toolchain-mipsel_24kc_gcc-5.4.0_musl-1.1.24/bin/mipsel-openwrt-linux-musl-gcc -c -g  conftest.c >&5
conftest.c:14:0: warning: "PPTP_FACILITY" redefined
 #define PPTP_FACILITY LOG_DAEMON
 ^
conftest.c:11:0: note: this is the location of the previous definition
 #define PPTP_FACILITY
 ^
conftest.c:15:0: warning: "BCRELAY" redefined
 #define BCRELAY 1
 ^
conftest.c:9:0: note: this is the location of the previous definition
 #define BCRELAY
 ^
configure:3040: $? = 0
configure:3062: result: yes
configure:3079: checking for /opt/lede-toolchain-ramips-mt7621_gcc-5.4.0_musl-1.1.24.Linux-x86_64/toolchain-mipsel_24kc_gcc-5.4.0_musl-1.1.24/bin/mipsel-openwrt-linux-musl-gcc option to accept ISO C89
configure:3153: /opt/lede-toolchain-ramips-mt7621_gcc-5.4.0_musl-1.1.24.Linux-x86_64/toolchain-mipsel_24kc_gcc-5.4.0_musl-1.1.24/bin/mipsel-openwrt-linux-musl-gcc  -c -DRTAX53U -DRTAX53U -DRTAX53U -DMUSL_LIBC -DRTAX53U -DBCM_EVENTD -DEXT_ACS -D__CONFIG_EMF__ -D__CONFIG_WPS__ -g -O2 -DLINUX26 -DCONFIG_RALINK -DMUSL_LIBC -DDEBUG_NOISY -DDEBUG_RCTEST -D_GNU_SOURCE -D__UAPI_DEF_ETHHDR -DRALINK_DBDC_MODE -pipe -funit-at-a-time -Wno-pointer-sign -mtune=mips32 -mips32 -DLINUX_KERNEL_VERSION=263366 --sysroot=/opt/lede-toolchain-ramips-mt7621_gcc-5.4.0_musl-1.1.24.Linux-x86_64/toolchain-mipsel_24kc_gcc-5.4.0_musl-1.1.24  -idirafter /repo/Pass_GPL/asuswrt/release/src-ra-openwrt-4210/router/kernel_header/include  conftest.c >&5
conftest.c:14:0: warning: "PPTP_FACILITY" redefined
 #define PPTP_FACILITY LOG_DAEMON
 ^
conftest.c:11:0: note: this is the location of the previous definition
 #define PPTP_FACILITY
 ^
conftest.c:15:0: warning: "BCRELAY" redefined
 #define BCRELAY 1
 ^
conftest.c:9:0: note: this is the location of the previous definition
 #define BCRELAY
 ^
configure:3159: $? = 0
configure:3182: result: none needed
configure:3211: checking for style of include used by make
configure:3239: result: GNU
configure:3267: checking dependency style of /opt/lede-toolchain-ramips-mt7621_gcc-5.4.0_musl-1.1.24.Linux-x86_64/toolchain-mipsel_24kc_gcc-5.4.0_musl-1.1.24/bin/mipsel-openwrt-linux-musl-gcc
configure:3357: result: none
configure:3377: checking for mipsel-linux-ranlib
configure:3404: result: /opt/lede-toolchain-ramips-mt7621_gcc-5.4.0_musl-1.1.24.Linux-x86_64/toolchain-mipsel_24kc_gcc-5.4.0_musl-1.1.24/bin/mipsel-openwrt-linux-musl-ranlib
configure:3483: checking for a BSD-compatible install
configure:3539: result: /usr/bin/install -c
configure:3550: checking whether ln -s works
configure:3554: result: yes
configure:3561: checking whether make sets $(MAKE)
configure:3582: result: yes
configure:3593: checking for an ANSI C-conforming const
configure:3668: /opt/lede-toolchain-ramips-mt7621_gcc-5.4.0_musl-1.1.24.Linux-x86_64/toolchain-mipsel_24kc_gcc-5.4.0_musl-1.1.24/bin/mipsel-openwrt-linux-musl-gcc -c -DRTAX53U -DRTAX53U -DRTAX53U -DMUSL_LIBC -DRTAX53U -DBCM_EVENTD -DEXT_ACS -D__CONFIG_EMF__ -D__CONFIG_WPS__ -g -O2 -DLINUX26 -DCONFIG_RALINK -DMUSL_LIBC -DDEBUG_NOISY -DDEBUG_RCTEST -D_GNU_SOURCE -D__UAPI_DEF_ETHHDR -DRALINK_DBDC_MODE -pipe -funit-at-a-time -Wno-pointer-sign -mtune=mips32 -mips32 -DLINUX_KERNEL_VERSION=263366 --sysroot=/opt/lede-toolchain-ramips-mt7621_gcc-5.4.0_musl-1.1.24.Linux-x86_64/toolchain-mipsel_24kc_gcc-5.4.0_musl-1.1.24  -idirafter /repo/Pass_GPL/asuswrt/release/src-ra-openwrt-4210/router/kernel_header/include  conftest.c >&5
conftest.c:14:0: warning: "PPTP_FACILITY" redefined
 #define PPTP_FACILITY LOG_DAEMON
 ^
conftest.c:11:0: note: this is the location of the previous definition
 #define PPTP_FACILITY
 ^
conftest.c:15:0: warning: "BCRELAY" redefined
 #define BCRELAY 1
 ^
conftest.c:9:0: note: this is the location of the previous definition
 #define BCRELAY
 ^
configure:3674: $? = 0
configure:3689: result: yes
configure:3699: checking for inline
configure:3725: /opt/lede-toolchain-ramips-mt7621_gcc-5.4.0_musl-1.1.24.Linux-x86_64/toolchain-mipsel_24kc_gcc-5.4.0_musl-1.1.24/bin/mipsel-openwrt-linux-musl-gcc -c -DRTAX53U -DRTAX53U -DRTAX53U -DMUSL_LIBC -DRTAX53U -DBCM_EVENTD -DEXT_ACS -D__CONFIG_EMF__ -D__CONFIG_WPS__ -g -O2 -DLINUX26 -DCONFIG_RALINK -DMUSL_LIBC -DDEBUG_NOISY -DDEBUG_RCTEST -D_GNU_SOURCE -D__UAPI_DEF_ETHHDR -DRALINK_DBDC_MODE -pipe -funit-at-a-time -Wno-pointer-sign -mtune=mips32 -mips32 -DLINUX_KERNEL_VERSION=263366 --sysroot=/opt/lede-toolchain-ramips-mt7621_gcc-5.4.0_musl-1.1.24.Linux-x86_64/toolchain-mipsel_24kc_gcc-5.4.0_musl-1.1.24  -idirafter /repo/Pass_GPL/asuswrt/release/src-ra-openwrt-4210/router/kernel_header/include  conftest.c >&5
conftest.c:14:0: warning: "PPTP_FACILITY" redefined
 #define PPTP_FACILITY LOG_DAEMON
 ^
conftest.c:11:0: note: this is the location of the previous definition
 #define PPTP_FACILITY
 ^
conftest.c:15:0: warning: "BCRELAY" redefined
 #define BCRELAY 1
 ^
conftest.c:9:0: note: this is the location of the previous definition
 #define BCRELAY
 ^
configure:3731: $? = 0
configure:3749: result: inline
configure:3771: checking whether #! works in shell scripts
configure:3788: result: yes
configure:3805: checking for setsid
configure:3861: /opt/lede-toolchain-ramips-mt7621_gcc-5.4.0_musl-1.1.24.Linux-x86_64/toolchain-mipsel_24kc_gcc-5.4.0_musl-1.1.24/bin/mipsel-openwrt-linux-musl-gcc -o conftest -DRTAX53U -DRTAX53U -DRTAX53U -DMUSL_LIBC -DRTAX53U -DBCM_EVENTD -DEXT_ACS -D__CONFIG_EMF__ -D__CONFIG_WPS__ -g -O2 -DLINUX26 -DCONFIG_RALINK -DMUSL_LIBC -DDEBUG_NOISY -DDEBUG_RCTEST -D_GNU_SOURCE -D__UAPI_DEF_ETHHDR -DRALINK_DBDC_MODE -pipe -funit-at-a-time -Wno-pointer-sign -mtune=mips32 -mips32 -DLINUX_KERNEL_VERSION=263366 --sysroot=/opt/lede-toolchain-ramips-mt7621_gcc-5.4.0_musl-1.1.24.Linux-x86_64/toolchain-mipsel_24kc_gcc-5.4.0_musl-1.1.24  -idirafter /repo/Pass_GPL/asuswrt/release/src-ra-openwrt-4210/router/kernel_header/include   conftest.c  >&5
conftest.c:14:0: warning: "PPTP_FACILITY" redefined
 #define PPTP_FACILITY LOG_DAEMON
 ^
conftest.c:11:0: note: this is the location of the previous definition
 #define PPTP_FACILITY
 ^
conftest.c:15:0: warning: "BCRELAY" redefined
 #define BCRELAY 1
 ^
conftest.c:9:0: note: this is the location of the previous definition
 #define BCRELAY
 ^
configure:3867: $? = 0
configure:3885: result: yes
configure:3805: checking for daemon
configure:3861: /opt/lede-toolchain-ramips-mt7621_gcc-5.4.0_musl-1.1.24.Linux-x86_64/toolchain-mipsel_24kc_gcc-5.4.0_musl-1.1.24/bin/mipsel-openwrt-linux-musl-gcc -o conftest -DRTAX53U -DRTAX53U -DRTAX53U -DMUSL_LIBC -DRTAX53U -DBCM_EVENTD -DEXT_ACS -D__CONFIG_EMF__ -D__CONFIG_WPS__ -g -O2 -DLINUX26 -DCONFIG_RALINK -DMUSL_LIBC -DDEBUG_NOISY -DDEBUG_RCTEST -D_GNU_SOURCE -D__UAPI_DEF_ETHHDR -DRALINK_DBDC_MODE -pipe -funit-at-a-time -Wno-pointer-sign -mtune=mips32 -mips32 -DLINUX_KERNEL_VERSION=263366 --sysroot=/opt/lede-toolchain-ramips-mt7621_gcc-5.4.0_musl-1.1.24.Linux-x86_64/toolchain-mipsel_24kc_gcc-5.4.0_musl-1.1.24  -idirafter /repo/Pass_GPL/asuswrt/release/src-ra-openwrt-4210/router/kernel_header/include   conftest.c  >&5
conftest.c:14:0: warning: "PPTP_FACILITY" redefined
 #define PPTP_FACILITY LOG_DAEMON
 ^
conftest.c:11:0: note: this is the location of the previous definition
 #define PPTP_FACILITY
 ^
conftest.c:15:0: warning: "BCRELAY" redefined
 #define BCRELAY 1
 ^
conftest.c:9:0: note: this is the location of the previous definition
 #define BCRELAY
 ^
configure:3867: $? = 0
configure:3885: result: yes
configure:3805: checking for setproctitle
configure:3861: /opt/lede-toolchain-ramips-mt7621_gcc-5.4.0_musl-1.1.24.Linux-x86_64/toolchain-mipsel_24kc_gcc-5.4.0_musl-1.1.24/bin/mipsel-openwrt-linux-musl-gcc -o conftest -DRTAX53U -DRTAX53U -DRTAX53U -DMUSL_LIBC -DRTAX53U -DBCM_EVENTD -DEXT_ACS -D__CONFIG_EMF__ -D__CONFIG_WPS__ -g -O2 -DLINUX26 -DCONFIG_RALINK -DMUSL_LIBC -DDEBUG_NOISY -DDEBUG_RCTEST -D_GNU_SOURCE -D__UAPI_DEF_ETHHDR -DRALINK_DBDC_MODE -pipe -funit-at-a-time -Wno-pointer-sign -mtune=mips32 -mips32 -DLINUX_KERNEL_VERSION=263366 --sysroot=/opt/lede-toolchain-ramips-mt7621_gcc-5.4.0_musl-1.1.24.Linux-x86_64/toolchain-mipsel_24kc_gcc-5.4.0_musl-1.1.24  -idirafter /repo/Pass_GPL/asuswrt/release/src-ra-openwrt-4210/router/kernel_header/include   conftest.c  >&5
conftest.c:14:0: warning: "PPTP_FACILITY" redefined
 #define PPTP_FACILITY LOG_DAEMON
 ^
conftest.c:11:0: note: this is the location of the previous definition
 #define PPTP_FACILITY
 ^
conftest.c:15:0: warning: "BCRELAY" redefined
 #define BCRELAY 1
 ^
conftest.c:9:0: note: this is the location of the previous definition
 #define BCRELAY
 ^
/tmp/ccjDMfyX.o: In function `main':
/repo/Pass_GPL/asuswrt/release/src/router/accel-pptpd/pptpd-1.3.3/conftest.c:53: undefined reference to `setproctitle'
collect2: error: ld returned 1 exit status
configure:3867: $? = 1
configure: failed program was:
| /* confdefs.h.  */
| #define PACKAGE_NAME ""
| #define PACKAGE_TARNAME ""
| #define PACKAGE_VERSION ""
| #define PACKAGE_STRING ""
| #define PACKAGE_BUGREPORT ""
| #define PACKAGE "pptpd"
| #define VERSION "0.8.5"
| #define BCRELAY
| #define PPPD_VERSION
| #define PPTP_FACILITY
| #define PPP_BINARY "/usr/sbin/pppd"
| #define KERNELVERSION
| #define PPTP_FACILITY LOG_DAEMON
| #define BCRELAY 1
| #define HAVE_SETSID 1
| #define HAVE_DAEMON 1
| /* end confdefs.h.  */
| /* Define setproctitle to an innocuous variant, in case <limits.h> declares setproctitle.
|    For example, HP-UX 11i <limits.h> declares gettimeofday.  */
| #define setproctitle innocuous_setproctitle
| 
| /* System header to define __stub macros and hopefully few prototypes,
|     which can conflict with char setproctitle (); below.
|     Prefer <limits.h> to <assert.h> if __STDC__ is defined, since
|     <limits.h> exists even on freestanding compilers.  */
| 
| #ifdef __STDC__
| # include <limits.h>
| #else
| # include <assert.h>
| #endif
| 
| #undef setproctitle
| 
| /* Override any GCC internal prototype to avoid an error.
|    Use char because int might match the return type of a GCC
|    builtin and then its argument prototype would still apply.  */
| #ifdef __cplusplus
| extern "C"
| #endif
| char setproctitle ();
| /* The GNU C library defines this for functions which it implements
|     to always fail with ENOSYS.  Some functions are actually named
|     something starting with __ and the normal name is an alias.  */
| #if defined __stub_setproctitle || defined __stub___setproctitle
| choke me
| #endif
| 
| int
| main ()
| {
| return setproctitle ();
|   ;
|   return 0;
| }
configure:3885: result: no
configure:3805: checking for getservbyname
configure:3861: /opt/lede-toolchain-ramips-mt7621_gcc-5.4.0_musl-1.1.24.Linux-x86_64/toolchain-mipsel_24kc_gcc-5.4.0_musl-1.1.24/bin/mipsel-openwrt-linux-musl-gcc -o conftest -DRTAX53U -DRTAX53U -DRTAX53U -DMUSL_LIBC -DRTAX53U -DBCM_EVENTD -DEXT_ACS -D__CONFIG_EMF__ -D__CONFIG_WPS__ -g -O2 -DLINUX26 -DCONFIG_RALINK -DMUSL_LIBC -DDEBUG_NOISY -DDEBUG_RCTEST -D_GNU_SOURCE -D__UAPI_DEF_ETHHDR -DRALINK_DBDC_MODE -pipe -funit-at-a-time -Wno-pointer-sign -mtune=mips32 -mips32 -DLINUX_KERNEL_VERSION=263366 --sysroot=/opt/lede-toolchain-ramips-mt7621_gcc-5.4.0_musl-1.1.24.Linux-x86_64/toolchain-mipsel_24kc_gcc-5.4.0_musl-1.1.24  -idirafter /repo/Pass_GPL/asuswrt/release/src-ra-openwrt-4210/router/kernel_header/include   conftest.c  >&5
conftest.c:14:0: warning: "PPTP_FACILITY" redefined
 #define PPTP_FACILITY LOG_DAEMON
 ^
conftest.c:11:0: note: this is the location of the previous definition
 #define PPTP_FACILITY
 ^
conftest.c:15:0: warning: "BCRELAY" redefined
 #define BCRELAY 1
 ^
conftest.c:9:0: note: this is the location of the previous definition
 #define BCRELAY
 ^
configure:3867: $? = 0
configure:3885: result: yes
configure:3805: checking for strlcpy
configure:3861: /opt/lede-toolchain-ramips-mt7621_gcc-5.4.0_musl-1.1.24.Linux-x86_64/toolchain-mipsel_24kc_gcc-5.4.0_musl-1.1.24/bin/mipsel-openwrt-linux-musl-gcc -o conftest -DRTAX53U -DRTAX53U -DRTAX53U -DMUSL_LIBC -DRTAX53U -DBCM_EVENTD -DEXT_ACS -D__CONFIG_EMF__ -D__CONFIG_WPS__ -g -O2 -DLINUX26 -DCONFIG_RALINK -DMUSL_LIBC -DDEBUG_NOISY -DDEBUG_RCTEST -D_GNU_SOURCE -D__UAPI_DEF_ETHHDR -DRALINK_DBDC_MODE -pipe -funit-at-a-time -Wno-pointer-sign -mtune=mips32 -mips32 -DLINUX_KERNEL_VERSION=263366 --sysroot=/opt/lede-toolchain-ramips-mt7621_gcc-5.4.0_musl-1.1.24.Linux-x86_64/toolchain-mipsel_24kc_gcc-5.4.0_musl-1.1.24  -idirafter /repo/Pass_GPL/asuswrt/release/src-ra-openwrt-4210/router/kernel_header/include   conftest.c  >&5
conftest.c:14:0: warning: "PPTP_FACILITY" redefined
 #define PPTP_FACILITY LOG_DAEMON
 ^
conftest.c:11:0: note: this is the location of the previous definition
 #define PPTP_FACILITY
 ^
conftest.c:15:0: warning: "BCRELAY" redefined
 #define BCRELAY 1
 ^
conftest.c:9:0: note: this is the location of the previous definition
 #define BCRELAY
 ^
configure:3867: $? = 0
configure:3885: result: yes
configure:3805: checking for fork
configure:3861: /opt/lede-toolchain-ramips-mt7621_gcc-5.4.0_musl-1.1.24.Linux-x86_64/toolchain-mipsel_24kc_gcc-5.4.0_musl-1.1.24/bin/mipsel-openwrt-linux-musl-gcc -o conftest -DRTAX53U -DRTAX53U -DRTAX53U -DMUSL_LIBC -DRTAX53U -DBCM_EVENTD -DEXT_ACS -D__CONFIG_EMF__ -D__CONFIG_WPS__ -g -O2 -DLINUX26 -DCONFIG_RALINK -DMUSL_LIBC -DDEBUG_NOISY -DDEBUG_RCTEST -D_GNU_SOURCE -D__UAPI_DEF_ETHHDR -DRALINK_DBDC_MODE -pipe -funit-at-a-time -Wno-pointer-sign -mtune=mips32 -mips32 -DLINUX_KERNEL_VERSION=263366 --sysroot=/opt/lede-toolchain-ramips-mt7621_gcc-5.4.0_musl-1.1.24.Linux-x86_64/toolchain-mipsel_24kc_gcc-5.4.0_musl-1.1.24  -idirafter /repo/Pass_GPL/asuswrt/release/src-ra-openwrt-4210/router/kernel_header/include   conftest.c  >&5
conftest.c:14:0: warning: "PPTP_FACILITY" redefined
 #define PPTP_FACILITY LOG_DAEMON
 ^
conftest.c:11:0: note: this is the location of the previous definition
 #define PPTP_FACILITY
 ^
conftest.c:15:0: warning: "BCRELAY" redefined
 #define BCRELAY 1
 ^
conftest.c:9:0: note: this is the location of the previous definition
 #define BCRELAY
 ^
conftest.c:44:6: warning: conflicting types for built-in function 'fork'
 char fork ();
      ^
configure:3867: $? = 0
configure:3885: result: yes
configure:3805: checking for memmove
configure:3861: /opt/lede-toolchain-ramips-mt7621_gcc-5.4.0_musl-1.1.24.Linux-x86_64/toolchain-mipsel_24kc_gcc-5.4.0_musl-1.1.24/bin/mipsel-openwrt-linux-musl-gcc -o conftest -DRTAX53U -DRTAX53U -DRTAX53U -DMUSL_LIBC -DRTAX53U -DBCM_EVENTD -DEXT_ACS -D__CONFIG_EMF__ -D__CONFIG_WPS__ -g -O2 -DLINUX26 -DCONFIG_RALINK -DMUSL_LIBC -DDEBUG_NOISY -DDEBUG_RCTEST -D_GNU_SOURCE -D__UAPI_DEF_ETHHDR -DRALINK_DBDC_MODE -pipe -funit-at-a-time -Wno-pointer-sign -mtune=mips32 -mips32 -DLINUX_KERNEL_VERSION=263366 --sysroot=/opt/lede-toolchain-ramips-mt7621_gcc-5.4.0_musl-1.1.24.Linux-x86_64/toolchain-mipsel_24kc_gcc-5.4.0_musl-1.1.24  -idirafter /repo/Pass_GPL/asuswrt/release/src-ra-openwrt-4210/router/kernel_header/include   conftest.c  >&5
conftest.c:14:0: warning: "PPTP_FACILITY" redefined
 #define PPTP_FACILITY LOG_DAEMON
 ^
conftest.c:11:0: note: this is the location of the previous definition
 #define PPTP_FACILITY
 ^
conftest.c:15:0: warning: "BCRELAY" redefined
 #define BCRELAY 1
 ^
conftest.c:9:0: note: this is the location of the previous definition
 #define BCRELAY
 ^
conftest.c:45:6: warning: conflicting types for built-in function 'memmove'
 char memmove ();
      ^
configure:3867: $? = 0
configure:3885: result: yes
configure:3805: checking for strerror
configure:3861: /opt/lede-toolchain-ramips-mt7621_gcc-5.4.0_musl-1.1.24.Linux-x86_64/toolchain-mipsel_24kc_gcc-5.4.0_musl-1.1.24/bin/mipsel-openwrt-linux-musl-gcc -o conftest -DRTAX53U -DRTAX53U -DRTAX53U -DMUSL_LIBC -DRTAX53U -DBCM_EVENTD -DEXT_ACS -D__CONFIG_EMF__ -D__CONFIG_WPS__ -g -O2 -DLINUX26 -DCONFIG_RALINK -DMUSL_LIBC -DDEBUG_NOISY -DDEBUG_RCTEST -D_GNU_SOURCE -D__UAPI_DEF_ETHHDR -DRALINK_DBDC_MODE -pipe -funit-at-a-time -Wno-pointer-sign -mtune=mips32 -mips32 -DLINUX_KERNEL_VERSION=263366 --sysroot=/opt/lede-toolchain-ramips-mt7621_gcc-5.4.0_musl-1.1.24.Linux-x86_64/toolchain-mipsel_24kc_gcc-5.4.0_musl-1.1.24  -idirafter /repo/Pass_GPL/asuswrt/release/src-ra-openwrt-4210/router/kernel_header/include   conftest.c  >&5
conftest.c:14:0: warning: "PPTP_FACILITY" redefined
 #define PPTP_FACILITY LOG_DAEMON
 ^
conftest.c:11:0: note: this is the location of the previous definition
 #define PPTP_FACILITY
 ^
conftest.c:15:0: warning: "BCRELAY" redefined
 #define BCRELAY 1
 ^
conftest.c:9:0: note: this is the location of the previous definition
 #define BCRELAY
 ^
configure:3867: $? = 0
configure:3885: result: yes
configure:3805: checking for writev
configure:3861: /opt/lede-toolchain-ramips-mt7621_gcc-5.4.0_musl-1.1.24.Linux-x86_64/toolchain-mipsel_24kc_gcc-5.4.0_musl-1.1.24/bin/mipsel-openwrt-linux-musl-gcc -o conftest -DRTAX53U -DRTAX53U -DRTAX53U -DMUSL_LIBC -DRTAX53U -DBCM_EVENTD -DEXT_ACS -D__CONFIG_EMF__ -D__CONFIG_WPS__ -g -O2 -DLINUX26 -DCONFIG_RALINK -DMUSL_LIBC -DDEBUG_NOISY -DDEBUG_RCTEST -D_GNU_SOURCE -D__UAPI_DEF_ETHHDR -DRALINK_DBDC_MODE -pipe -funit-at-a-time -Wno-pointer-sign -mtune=mips32 -mips32 -DLINUX_KERNEL_VERSION=263366 --sysroot=/opt/lede-toolchain-ramips-mt7621_gcc-5.4.0_musl-1.1.24.Linux-x86_64/toolchain-mipsel_24kc_gcc-5.4.0_musl-1.1.24  -idirafter /repo/Pass_GPL/asuswrt/release/src-ra-openwrt-4210/router/kernel_header/include   conftest.c  >&5
conftest.c:14:0: warning: "PPTP_FACILITY" redefined
 #define PPTP_FACILITY LOG_DAEMON
 ^
conftest.c:11:0: note: this is the location of the previous definition
 #define PPTP_FACILITY
 ^
conftest.c:15:0: warning: "BCRELAY" redefined
 #define BCRELAY 1
 ^
conftest.c:9:0: note: this is the location of the previous definition
 #define BCRELAY
 ^
configure:3867: $? = 0
configure:3885: result: yes
configure:3901: checking how to run the C preprocessor
configure:3941: /opt/lede-toolchain-ramips-mt7621_gcc-5.4.0_musl-1.1.24.Linux-x86_64/toolchain-mipsel_24kc_gcc-5.4.0_musl-1.1.24/bin/mipsel-openwrt-linux-musl-gcc -E  conftest.c
conftest.c:14:0: warning: "PPTP_FACILITY" redefined
 #define PPTP_FACILITY LOG_DAEMON
 ^
conftest.c:11:0: note: this is the location of the previous definition
 #define PPTP_FACILITY
 ^
conftest.c:15:0: warning: "BCRELAY" redefined
 #define BCRELAY 1
 ^
conftest.c:9:0: note: this is the location of the previous definition
 #define BCRELAY
 ^
configure:3947: $? = 0
configure:3978: /opt/lede-toolchain-ramips-mt7621_gcc-5.4.0_musl-1.1.24.Linux-x86_64/toolchain-mipsel_24kc_gcc-5.4.0_musl-1.1.24/bin/mipsel-openwrt-linux-musl-gcc -E  conftest.c
conftest.c:14:0: warning: "PPTP_FACILITY" redefined
 #define PPTP_FACILITY LOG_DAEMON
 ^
conftest.c:11:0: note: this is the location of the previous definition
 #define PPTP_FACILITY
 ^
conftest.c:15:0: warning: "BCRELAY" redefined
 #define BCRELAY 1
 ^
conftest.c:9:0: note: this is the location of the previous definition
 #define BCRELAY
 ^
conftest.c:25:28: fatal error: ac_nonexistent.h: No such file or directory
compilation terminated.
configure:3984: $? = 1
configure: failed program was:
| /* confdefs.h.  */
| #define PACKAGE_NAME ""
| #define PACKAGE_TARNAME ""
| #define PACKAGE_VERSION ""
| #define PACKAGE_STRING ""
| #define PACKAGE_BUGREPORT ""
| #define PACKAGE "pptpd"
| #define VERSION "0.8.5"
| #define BCRELAY
| #define PPPD_VERSION
| #define PPTP_FACILITY
| #define PPP_BINARY "/usr/sbin/pppd"
| #define KERNELVERSION
| #define PPTP_FACILITY LOG_DAEMON
| #define BCRELAY 1
| #define HAVE_SETSID 1
| #define HAVE_DAEMON 1
| #define HAVE_GETSERVBYNAME 1
| #define HAVE_STRLCPY 1
| #define HAVE_FORK 1
| #define HAVE_MEMMOVE 1
| #define HAVE_STRERROR 1
| #define HAVE_WRITEV 1
| /* end confdefs.h.  */
| #include <ac_nonexistent.h>
configure:4017: result: /opt/lede-toolchain-ramips-mt7621_gcc-5.4.0_musl-1.1.24.Linux-x86_64/toolchain-mipsel_24kc_gcc-5.4.0_musl-1.1.24/bin/mipsel-openwrt-linux-musl-gcc -E
configure:4046: /opt/lede-toolchain-ramips-mt7621_gcc-5.4.0_musl-1.1.24.Linux-x86_64/toolchain-mipsel_24kc_gcc-5.4.0_musl-1.1.24/bin/mipsel-openwrt-linux-musl-gcc -E  conftest.c
conftest.c:14:0: warning: "PPTP_FACILITY" redefined
 #define PPTP_FACILITY LOG_DAEMON
 ^
conftest.c:11:0: note: this is the location of the previous definition
 #define PPTP_FACILITY
 ^
conftest.c:15:0: warning: "BCRELAY" redefined
 #define BCRELAY 1
 ^
conftest.c:9:0: note: this is the location of the previous definition
 #define BCRELAY
 ^
configure:4052: $? = 0
configure:4083: /opt/lede-toolchain-ramips-mt7621_gcc-5.4.0_musl-1.1.24.Linux-x86_64/toolchain-mipsel_24kc_gcc-5.4.0_musl-1.1.24/bin/mipsel-openwrt-linux-musl-gcc -E  conftest.c
conftest.c:14:0: warning: "PPTP_FACILITY" redefined
 #define PPTP_FACILITY LOG_DAEMON
 ^
conftest.c:11:0: note: this is the location of the previous definition
 #define PPTP_FACILITY
 ^
conftest.c:15:0: warning: "BCRELAY" redefined
 #define BCRELAY 1
 ^
conftest.c:9:0: note: this is the location of the previous definition
 #define BCRELAY
 ^
conftest.c:25:28: fatal error: ac_nonexistent.h: No such file or directory
compilation terminated.
configure:4089: $? = 1
configure: failed program was:
| /* confdefs.h.  */
| #define PACKAGE_NAME ""
| #define PACKAGE_TARNAME ""
| #define PACKAGE_VERSION ""
| #define PACKAGE_STRING ""
| #define PACKAGE_BUGREPORT ""
| #define PACKAGE "pptpd"
| #define VERSION "0.8.5"
| #define BCRELAY
| #define PPPD_VERSION
| #define PPTP_FACILITY
| #define PPP_BINARY "/usr/sbin/pppd"
| #define KERNELVERSION
| #define PPTP_FACILITY LOG_DAEMON
| #define BCRELAY 1
| #define HAVE_SETSID 1
| #define HAVE_DAEMON 1
| #define HAVE_GETSERVBYNAME 1
| #define HAVE_STRLCPY 1
| #define HAVE_FORK 1
| #define HAVE_MEMMOVE 1
| #define HAVE_STRERROR 1
| #define HAVE_WRITEV 1
| /* end confdefs.h.  */
| #include <ac_nonexistent.h>
configure:4127: checking for grep that handles long lines and -e
configure:4201: result: /bin/grep
configure:4206: checking for egrep
configure:4284: result: /bin/grep -E
configure:4289: checking for ANSI C header files
configure:4319: /opt/lede-toolchain-ramips-mt7621_gcc-5.4.0_musl-1.1.24.Linux-x86_64/toolchain-mipsel_24kc_gcc-5.4.0_musl-1.1.24/bin/mipsel-openwrt-linux-musl-gcc -c -DRTAX53U -DRTAX53U -DRTAX53U -DMUSL_LIBC -DRTAX53U -DBCM_EVENTD -DEXT_ACS -D__CONFIG_EMF__ -D__CONFIG_WPS__ -g -O2 -DLINUX26 -DCONFIG_RALINK -DMUSL_LIBC -DDEBUG_NOISY -DDEBUG_RCTEST -D_GNU_SOURCE -D__UAPI_DEF_ETHHDR -DRALINK_DBDC_MODE -pipe -funit-at-a-time -Wno-pointer-sign -mtune=mips32 -mips32 -DLINUX_KERNEL_VERSION=263366 --sysroot=/opt/lede-toolchain-ramips-mt7621_gcc-5.4.0_musl-1.1.24.Linux-x86_64/toolchain-mipsel_24kc_gcc-5.4.0_musl-1.1.24  -idirafter /repo/Pass_GPL/asuswrt/release/src-ra-openwrt-4210/router/kernel_header/include  conftest.c >&5
conftest.c:14:0: warning: "PPTP_FACILITY" redefined
 #define PPTP_FACILITY LOG_DAEMON
 ^
conftest.c:11:0: note: this is the location of the previous definition
 #define PPTP_FACILITY
 ^
conftest.c:15:0: warning: "BCRELAY" redefined
 #define BCRELAY 1
 ^
conftest.c:9:0: note: this is the location of the previous definition
 #define BCRELAY
 ^
configure:4325: $? = 0
conftest.c:14:0: warning: "PPTP_FACILITY" redefined
 #define PPTP_FACILITY LOG_DAEMON
 ^
conftest.c:11:0: note: this is the location of the previous definition
 #define PPTP_FACILITY
 ^
conftest.c:15:0: warning: "BCRELAY" redefined
 #define BCRELAY 1
 ^
conftest.c:9:0: note: this is the location of the previous definition
 #define BCRELAY
 ^
conftest.c:14:0: warning: "PPTP_FACILITY" redefined
 #define PPTP_FACILITY LOG_DAEMON
 ^
conftest.c:11:0: note: this is the location of the previous definition
 #define PPTP_FACILITY
 ^
conftest.c:15:0: warning: "BCRELAY" redefined
 #define BCRELAY 1
 ^
conftest.c:9:0: note: this is the location of the previous definition
 #define BCRELAY
 ^
configure:4453: result: yes
configure:4477: checking for sys/types.h
configure:4498: /opt/lede-toolchain-ramips-mt7621_gcc-5.4.0_musl-1.1.24.Linux-x86_64/toolchain-mipsel_24kc_gcc-5.4.0_musl-1.1.24/bin/mipsel-openwrt-linux-musl-gcc -c -DRTAX53U -DRTAX53U -DRTAX53U -DMUSL_LIBC -DRTAX53U -DBCM_EVENTD -DEXT_ACS -D__CONFIG_EMF__ -D__CONFIG_WPS__ -g -O2 -DLINUX26 -DCONFIG_RALINK -DMUSL_LIBC -DDEBUG_NOISY -DDEBUG_RCTEST -D_GNU_SOURCE -D__UAPI_DEF_ETHHDR -DRALINK_DBDC_MODE -pipe -funit-at-a-time -Wno-pointer-sign -mtune=mips32 -mips32 -DLINUX_KERNEL_VERSION=263366 --sysroot=/opt/lede-toolchain-ramips-mt7621_gcc-5.4.0_musl-1.1.24.Linux-x86_64/toolchain-mipsel_24kc_gcc-5.4.0_musl-1.1.24  -idirafter /repo/Pass_GPL/asuswrt/release/src-ra-openwrt-4210/router/kernel_header/include  conftest.c >&5
conftest.c:14:0: warning: "PPTP_FACILITY" redefined
 #define PPTP_FACILITY LOG_DAEMON
 ^
conftest.c:11:0: note: this is the location of the previous definition
 #define PPTP_FACILITY
 ^
conftest.c:15:0: warning: "BCRELAY" redefined
 #define BCRELAY 1
 ^
conftest.c:9:0: note: this is the location of the previous definition
 #define BCRELAY
 ^
configure:4504: $? = 0
configure:4520: result: yes
configure:4477: checking for sys/stat.h
configure:4498: /opt/lede-toolchain-ramips-mt7621_gcc-5.4.0_musl-1.1.24.Linux-x86_64/toolchain-mipsel_24kc_gcc-5.4.0_musl-1.1.24/bin/mipsel-openwrt-linux-musl-gcc -c -DRTAX53U -DRTAX53U -DRTAX53U -DMUSL_LIBC -DRTAX53U -DBCM_EVENTD -DEXT_ACS -D__CONFIG_EMF__ -D__CONFIG_WPS__ -g -O2 -DLINUX26 -DCONFIG_RALINK -DMUSL_LIBC -DDEBUG_NOISY -DDEBUG_RCTEST -D_GNU_SOURCE -D__UAPI_DEF_ETHHDR -DRALINK_DBDC_MODE -pipe -funit-at-a-time -Wno-pointer-sign -mtune=mips32 -mips32 -DLINUX_KERNEL_VERSION=263366 --sysroot=/opt/lede-toolchain-ramips-mt7621_gcc-5.4.0_musl-1.1.24.Linux-x86_64/toolchain-mipsel_24kc_gcc-5.4.0_musl-1.1.24  -idirafter /repo/Pass_GPL/asuswrt/release/src-ra-openwrt-4210/router/kernel_header/include  conftest.c >&5
conftest.c:14:0: warning: "PPTP_FACILITY" redefined
 #define PPTP_FACILITY LOG_DAEMON
 ^
conftest.c:11:0: note: this is the location of the previous definition
 #define PPTP_FACILITY
 ^
conftest.c:15:0: warning: "BCRELAY" redefined
 #define BCRELAY 1
 ^
conftest.c:9:0: note: this is the location of the previous definition
 #define BCRELAY
 ^
configure:4504: $? = 0
configure:4520: result: yes
configure:4477: checking for stdlib.h
configure:4498: /opt/lede-toolchain-ramips-mt7621_gcc-5.4.0_musl-1.1.24.Linux-x86_64/toolchain-mipsel_24kc_gcc-5.4.0_musl-1.1.24/bin/mipsel-openwrt-linux-musl-gcc -c -DRTAX53U -DRTAX53U -DRTAX53U -DMUSL_LIBC -DRTAX53U -DBCM_EVENTD -DEXT_ACS -D__CONFIG_EMF__ -D__CONFIG_WPS__ -g -O2 -DLINUX26 -DCONFIG_RALINK -DMUSL_LIBC -DDEBUG_NOISY -DDEBUG_RCTEST -D_GNU_SOURCE -D__UAPI_DEF_ETHHDR -DRALINK_DBDC_MODE -pipe -funit-at-a-time -Wno-pointer-sign -mtune=mips32 -mips32 -DLINUX_KERNEL_VERSION=263366 --sysroot=/opt/lede-toolchain-ramips-mt7621_gcc-5.4.0_musl-1.1.24.Linux-x86_64/toolchain-mipsel_24kc_gcc-5.4.0_musl-1.1.24  -idirafter /repo/Pass_GPL/asuswrt/release/src-ra-openwrt-4210/router/kernel_header/include  conftest.c >&5
conftest.c:14:0: warning: "PPTP_FACILITY" redefined
 #define PPTP_FACILITY LOG_DAEMON
 ^
conftest.c:11:0: note: this is the location of the previous definition
 #define PPTP_FACILITY
 ^
conftest.c:15:0: warning: "BCRELAY" redefined
 #define BCRELAY 1
 ^
conftest.c:9:0: note: this is the location of the previous definition
 #define BCRELAY
 ^
configure:4504: $? = 0
configure:4520: result: yes
configure:4477: checking for string.h
configure:4498: /opt/lede-toolchain-ramips-mt7621_gcc-5.4.0_musl-1.1.24.Linux-x86_64/toolchain-mipsel_24kc_gcc-5.4.0_musl-1.1.24/bin/mipsel-openwrt-linux-musl-gcc -c -DRTAX53U -DRTAX53U -DRTAX53U -DMUSL_LIBC -DRTAX53U -DBCM_EVENTD -DEXT_ACS -D__CONFIG_EMF__ -D__CONFIG_WPS__ -g -O2 -DLINUX26 -DCONFIG_RALINK -DMUSL_LIBC -DDEBUG_NOISY -DDEBUG_RCTEST -D_GNU_SOURCE -D__UAPI_DEF_ETHHDR -DRALINK_DBDC_MODE -pipe -funit-at-a-time -Wno-pointer-sign -mtune=mips32 -mips32 -DLINUX_KERNEL_VERSION=263366 --sysroot=/opt/lede-toolchain-ramips-mt7621_gcc-5.4.0_musl-1.1.24.Linux-x86_64/toolchain-mipsel_24kc_gcc-5.4.0_musl-1.1.24  -idirafter /repo/Pass_GPL/asuswrt/release/src-ra-openwrt-4210/router/kernel_header/include  conftest.c >&5
conftest.c:14:0: warning: "PPTP_FACILITY" redefined
 #define PPTP_FACILITY LOG_DAEMON
 ^
conftest.c:11:0: note: this is the location of the previous definition
 #define PPTP_FACILITY
 ^
conftest.c:15:0: warning: "BCRELAY" redefined
 #define BCRELAY 1
 ^
conftest.c:9:0: note: this is the location of the previous definition
 #define BCRELAY
 ^
configure:4504: $? = 0
configure:4520: result: yes
configure:4477: checking for memory.h
configure:4498: /opt/lede-toolchain-ramips-mt7621_gcc-5.4.0_musl-1.1.24.Linux-x86_64/toolchain-mipsel_24kc_gcc-5.4.0_musl-1.1.24/bin/mipsel-openwrt-linux-musl-gcc -c -DRTAX53U -DRTAX53U -DRTAX53U -DMUSL_LIBC -DRTAX53U -DBCM_EVENTD -DEXT_ACS -D__CONFIG_EMF__ -D__CONFIG_WPS__ -g -O2 -DLINUX26 -DCONFIG_RALINK -DMUSL_LIBC -DDEBUG_NOISY -DDEBUG_RCTEST -D_GNU_SOURCE -D__UAPI_DEF_ETHHDR -DRALINK_DBDC_MODE -pipe -funit-at-a-time -Wno-pointer-sign -mtune=mips32 -mips32 -DLINUX_KERNEL_VERSION=263366 --sysroot=/opt/lede-toolchain-ramips-mt7621_gcc-5.4.0_musl-1.1.24.Linux-x86_64/toolchain-mipsel_24kc_gcc-5.4.0_musl-1.1.24  -idirafter /repo/Pass_GPL/asuswrt/release/src-ra-openwrt-4210/router/kernel_header/include  conftest.c >&5
conftest.c:14:0: warning: "PPTP_FACILITY" redefined
 #define PPTP_FACILITY LOG_DAEMON
 ^
conftest.c:11:0: note: this is the location of the previous definition
 #define PPTP_FACILITY
 ^
conftest.c:15:0: warning: "BCRELAY" redefined
 #define BCRELAY 1
 ^
conftest.c:9:0: note: this is the location of the previous definition
 #define BCRELAY
 ^
configure:4504: $? = 0
configure:4520: result: yes
configure:4477: checking for strings.h
configure:4498: /opt/lede-toolchain-ramips-mt7621_gcc-5.4.0_musl-1.1.24.Linux-x86_64/toolchain-mipsel_24kc_gcc-5.4.0_musl-1.1.24/bin/mipsel-openwrt-linux-musl-gcc -c -DRTAX53U -DRTAX53U -DRTAX53U -DMUSL_LIBC -DRTAX53U -DBCM_EVENTD -DEXT_ACS -D__CONFIG_EMF__ -D__CONFIG_WPS__ -g -O2 -DLINUX26 -DCONFIG_RALINK -DMUSL_LIBC -DDEBUG_NOISY -DDEBUG_RCTEST -D_GNU_SOURCE -D__UAPI_DEF_ETHHDR -DRALINK_DBDC_MODE -pipe -funit-at-a-time -Wno-pointer-sign -mtune=mips32 -mips32 -DLINUX_KERNEL_VERSION=263366 --sysroot=/opt/lede-toolchain-ramips-mt7621_gcc-5.4.0_musl-1.1.24.Linux-x86_64/toolchain-mipsel_24kc_gcc-5.4.0_musl-1.1.24  -idirafter /repo/Pass_GPL/asuswrt/release/src-ra-openwrt-4210/router/kernel_header/include  conftest.c >&5
conftest.c:14:0: warning: "PPTP_FACILITY" redefined
 #define PPTP_FACILITY LOG_DAEMON
 ^
conftest.c:11:0: note: this is the location of the previous definition
 #define PPTP_FACILITY
 ^
conftest.c:15:0: warning: "BCRELAY" redefined
 #define BCRELAY 1
 ^
conftest.c:9:0: note: this is the location of the previous definition
 #define BCRELAY
 ^
configure:4504: $? = 0
configure:4520: result: yes
configure:4477: checking for inttypes.h
configure:4498: /opt/lede-toolchain-ramips-mt7621_gcc-5.4.0_musl-1.1.24.Linux-x86_64/toolchain-mipsel_24kc_gcc-5.4.0_musl-1.1.24/bin/mipsel-openwrt-linux-musl-gcc -c -DRTAX53U -DRTAX53U -DRTAX53U -DMUSL_LIBC -DRTAX53U -DBCM_EVENTD -DEXT_ACS -D__CONFIG_EMF__ -D__CONFIG_WPS__ -g -O2 -DLINUX26 -DCONFIG_RALINK -DMUSL_LIBC -DDEBUG_NOISY -DDEBUG_RCTEST -D_GNU_SOURCE -D__UAPI_DEF_ETHHDR -DRALINK_DBDC_MODE -pipe -funit-at-a-time -Wno-pointer-sign -mtune=mips32 -mips32 -DLINUX_KERNEL_VERSION=263366 --sysroot=/opt/lede-toolchain-ramips-mt7621_gcc-5.4.0_musl-1.1.24.Linux-x86_64/toolchain-mipsel_24kc_gcc-5.4.0_musl-1.1.24  -idirafter /repo/Pass_GPL/asuswrt/release/src-ra-openwrt-4210/router/kernel_header/include  conftest.c >&5
conftest.c:14:0: warning: "PPTP_FACILITY" redefined
 #define PPTP_FACILITY LOG_DAEMON
 ^
conftest.c:11:0: note: this is the location of the previous definition
 #define PPTP_FACILITY
 ^
conftest.c:15:0: warning: "BCRELAY" redefined
 #define BCRELAY 1
 ^
conftest.c:9:0: note: this is the location of the previous definition
 #define BCRELAY
 ^
configure:4504: $? = 0
configure:4520: result: yes
configure:4477: checking for stdint.h
configure:4498: /opt/lede-toolchain-ramips-mt7621_gcc-5.4.0_musl-1.1.24.Linux-x86_64/toolchain-mipsel_24kc_gcc-5.4.0_musl-1.1.24/bin/mipsel-openwrt-linux-musl-gcc -c -DRTAX53U -DRTAX53U -DRTAX53U -DMUSL_LIBC -DRTAX53U -DBCM_EVENTD -DEXT_ACS -D__CONFIG_EMF__ -D__CONFIG_WPS__ -g -O2 -DLINUX26 -DCONFIG_RALINK -DMUSL_LIBC -DDEBUG_NOISY -DDEBUG_RCTEST -D_GNU_SOURCE -D__UAPI_DEF_ETHHDR -DRALINK_DBDC_MODE -pipe -funit-at-a-time -Wno-pointer-sign -mtune=mips32 -mips32 -DLINUX_KERNEL_VERSION=263366 --sysroot=/opt/lede-toolchain-ramips-mt7621_gcc-5.4.0_musl-1.1.24.Linux-x86_64/toolchain-mipsel_24kc_gcc-5.4.0_musl-1.1.24  -idirafter /repo/Pass_GPL/asuswrt/release/src-ra-openwrt-4210/router/kernel_header/include  conftest.c >&5
conftest.c:14:0: warning: "PPTP_FACILITY" redefined
 #define PPTP_FACILITY LOG_DAEMON
 ^
conftest.c:11:0: note: this is the location of the previous definition
 #define PPTP_FACILITY
 ^
conftest.c:15:0: warning: "BCRELAY" redefined
 #define BCRELAY 1
 ^
conftest.c:9:0: note: this is the location of the previous definition
 #define BCRELAY
 ^
configure:4504: $? = 0
configure:4520: result: yes
configure:4477: checking for unistd.h
configure:4498: /opt/lede-toolchain-ramips-mt7621_gcc-5.4.0_musl-1.1.24.Linux-x86_64/toolchain-mipsel_24kc_gcc-5.4.0_musl-1.1.24/bin/mipsel-openwrt-linux-musl-gcc -c -DRTAX53U -DRTAX53U -DRTAX53U -DMUSL_LIBC -DRTAX53U -DBCM_EVENTD -DEXT_ACS -D__CONFIG_EMF__ -D__CONFIG_WPS__ -g -O2 -DLINUX26 -DCONFIG_RALINK -DMUSL_LIBC -DDEBUG_NOISY -DDEBUG_RCTEST -D_GNU_SOURCE -D__UAPI_DEF_ETHHDR -DRALINK_DBDC_MODE -pipe -funit-at-a-time -Wno-pointer-sign -mtune=mips32 -mips32 -DLINUX_KERNEL_VERSION=263366 --sysroot=/opt/lede-toolchain-ramips-mt7621_gcc-5.4.0_musl-1.1.24.Linux-x86_64/toolchain-mipsel_24kc_gcc-5.4.0_musl-1.1.24  -idirafter /repo/Pass_GPL/asuswrt/release/src-ra-openwrt-4210/router/kernel_header/include  conftest.c >&5
conftest.c:14:0: warning: "PPTP_FACILITY" redefined
 #define PPTP_FACILITY LOG_DAEMON
 ^
conftest.c:11:0: note: this is the location of the previous definition
 #define PPTP_FACILITY
 ^
conftest.c:15:0: warning: "BCRELAY" redefined
 #define BCRELAY 1
 ^
conftest.c:9:0: note: this is the location of the previous definition
 #define BCRELAY
 ^
configure:4504: $? = 0
configure:4520: result: yes
configure:4537: checking for string.h
configure:4543: result: yes
configure:4687: checking syslog.h usability
configure:4704: /opt/lede-toolchain-ramips-mt7621_gcc-5.4.0_musl-1.1.24.Linux-x86_64/toolchain-mipsel_24kc_gcc-5.4.0_musl-1.1.24/bin/mipsel-openwrt-linux-musl-gcc -c -DRTAX53U -DRTAX53U -DRTAX53U -DMUSL_LIBC -DRTAX53U -DBCM_EVENTD -DEXT_ACS -D__CONFIG_EMF__ -D__CONFIG_WPS__ -g -O2 -DLINUX26 -DCONFIG_RALINK -DMUSL_LIBC -DDEBUG_NOISY -DDEBUG_RCTEST -D_GNU_SOURCE -D__UAPI_DEF_ETHHDR -DRALINK_DBDC_MODE -pipe -funit-at-a-time -Wno-pointer-sign -mtune=mips32 -mips32 -DLINUX_KERNEL_VERSION=263366 --sysroot=/opt/lede-toolchain-ramips-mt7621_gcc-5.4.0_musl-1.1.24.Linux-x86_64/toolchain-mipsel_24kc_gcc-5.4.0_musl-1.1.24  -idirafter /repo/Pass_GPL/asuswrt/release/src-ra-openwrt-4210/router/kernel_header/include  conftest.c >&5
conftest.c:14:0: warning: "PPTP_FACILITY" redefined
 #define PPTP_FACILITY LOG_DAEMON
 ^
conftest.c:11:0: note: this is the location of the previous definition
 #define PPTP_FACILITY
 ^
conftest.c:15:0: warning: "BCRELAY" redefined
 #define BCRELAY 1
 ^
conftest.c:9:0: note: this is the location of the previous definition
 #define BCRELAY
 ^
configure:4710: $? = 0
configure:4724: result: yes
configure:4728: checking syslog.h presence
configure:4743: /opt/lede-toolchain-ramips-mt7621_gcc-5.4.0_musl-1.1.24.Linux-x86_64/toolchain-mipsel_24kc_gcc-5.4.0_musl-1.1.24/bin/mipsel-openwrt-linux-musl-gcc -E  conftest.c
conftest.c:14:0: warning: "PPTP_FACILITY" redefined
 #define PPTP_FACILITY LOG_DAEMON
 ^
conftest.c:11:0: note: this is the location of the previous definition
 #define PPTP_FACILITY
 ^
conftest.c:15:0: warning: "BCRELAY" redefined
 #define BCRELAY 1
 ^
conftest.c:9:0: note: this is the location of the previous definition
 #define BCRELAY
 ^
configure:4749: $? = 0
configure:4763: result: yes
configure:4791: checking for syslog.h
configure:4799: result: yes
configure:4827: checking libintl.h usability
configure:4844: /opt/lede-toolchain-ramips-mt7621_gcc-5.4.0_musl-1.1.24.Linux-x86_64/toolchain-mipsel_24kc_gcc-5.4.0_musl-1.1.24/bin/mipsel-openwrt-linux-musl-gcc -c -DRTAX53U -DRTAX53U -DRTAX53U -DMUSL_LIBC -DRTAX53U -DBCM_EVENTD -DEXT_ACS -D__CONFIG_EMF__ -D__CONFIG_WPS__ -g -O2 -DLINUX26 -DCONFIG_RALINK -DMUSL_LIBC -DDEBUG_NOISY -DDEBUG_RCTEST -D_GNU_SOURCE -D__UAPI_DEF_ETHHDR -DRALINK_DBDC_MODE -pipe -funit-at-a-time -Wno-pointer-sign -mtune=mips32 -mips32 -DLINUX_KERNEL_VERSION=263366 --sysroot=/opt/lede-toolchain-ramips-mt7621_gcc-5.4.0_musl-1.1.24.Linux-x86_64/toolchain-mipsel_24kc_gcc-5.4.0_musl-1.1.24  -idirafter /repo/Pass_GPL/asuswrt/release/src-ra-openwrt-4210/router/kernel_header/include  conftest.c >&5
conftest.c:14:0: warning: "PPTP_FACILITY" redefined
 #define PPTP_FACILITY LOG_DAEMON
 ^
conftest.c:11:0: note: this is the location of the previous definition
 #define PPTP_FACILITY
 ^
conftest.c:15:0: warning: "BCRELAY" redefined
 #define BCRELAY 1
 ^
conftest.c:9:0: note: this is the location of the previous definition
 #define BCRELAY
 ^
configure:4850: $? = 0
configure:4864: result: yes
configure:4868: checking libintl.h presence
configure:4883: /opt/lede-toolchain-ramips-mt7621_gcc-5.4.0_musl-1.1.24.Linux-x86_64/toolchain-mipsel_24kc_gcc-5.4.0_musl-1.1.24/bin/mipsel-openwrt-linux-musl-gcc -E  conftest.c
conftest.c:14:0: warning: "PPTP_FACILITY" redefined
 #define PPTP_FACILITY LOG_DAEMON
 ^
conftest.c:11:0: note: this is the location of the previous definition
 #define PPTP_FACILITY
 ^
conftest.c:15:0: warning: "BCRELAY" redefined
 #define BCRELAY 1
 ^
conftest.c:9:0: note: this is the location of the previous definition
 #define BCRELAY
 ^
configure:4889: $? = 0
configure:4903: result: yes
configure:4931: checking for libintl.h
configure:4939: result: yes
configure:4967: checking libutil.h usability
configure:4984: /opt/lede-toolchain-ramips-mt7621_gcc-5.4.0_musl-1.1.24.Linux-x86_64/toolchain-mipsel_24kc_gcc-5.4.0_musl-1.1.24/bin/mipsel-openwrt-linux-musl-gcc -c -DRTAX53U -DRTAX53U -DRTAX53U -DMUSL_LIBC -DRTAX53U -DBCM_EVENTD -DEXT_ACS -D__CONFIG_EMF__ -D__CONFIG_WPS__ -g -O2 -DLINUX26 -DCONFIG_RALINK -DMUSL_LIBC -DDEBUG_NOISY -DDEBUG_RCTEST -D_GNU_SOURCE -D__UAPI_DEF_ETHHDR -DRALINK_DBDC_MODE -pipe -funit-at-a-time -Wno-pointer-sign -mtune=mips32 -mips32 -DLINUX_KERNEL_VERSION=263366 --sysroot=/opt/lede-toolchain-ramips-mt7621_gcc-5.4.0_musl-1.1.24.Linux-x86_64/toolchain-mipsel_24kc_gcc-5.4.0_musl-1.1.24  -idirafter /repo/Pass_GPL/asuswrt/release/src-ra-openwrt-4210/router/kernel_header/include  conftest.c >&5
conftest.c:14:0: warning: "PPTP_FACILITY" redefined
 #define PPTP_FACILITY LOG_DAEMON
 ^
conftest.c:11:0: note: this is the location of the previous definition
 #define PPTP_FACILITY
 ^
conftest.c:15:0: warning: "BCRELAY" redefined
 #define BCRELAY 1
 ^
conftest.c:9:0: note: this is the location of the previous definition
 #define BCRELAY
 ^
conftest.c:71:21: fatal error: libutil.h: No such file or directory
compilation terminated.
configure:4990: $? = 1
configure: failed program was:
| /* confdefs.h.  */
| #define PACKAGE_NAME ""
| #define PACKAGE_TARNAME ""
| #define PACKAGE_VERSION ""
| #define PACKAGE_STRING ""
| #define PACKAGE_BUGREPORT ""
| #define PACKAGE "pptpd"
| #define VERSION "0.8.5"
| #define BCRELAY
| #define PPPD_VERSION
| #define PPTP_FACILITY
| #define PPP_BINARY "/usr/sbin/pppd"
| #define KERNELVERSION
| #define PPTP_FACILITY LOG_DAEMON
| #define BCRELAY 1
| #define HAVE_SETSID 1
| #define HAVE_DAEMON 1
| #define HAVE_GETSERVBYNAME 1
| #define HAVE_STRLCPY 1
| #define HAVE_FORK 1
| #define HAVE_MEMMOVE 1
| #define HAVE_STRERROR 1
| #define HAVE_WRITEV 1
| #define STDC_HEADERS 1
| #define HAVE_SYS_TYPES_H 1
| #define HAVE_SYS_STAT_H 1
| #define HAVE_STDLIB_H 1
| #define HAVE_STRING_H 1
| #define HAVE_MEMORY_H 1
| #define HAVE_STRINGS_H 1
| #define HAVE_INTTYPES_H 1
| #define HAVE_STDINT_H 1
| #define HAVE_UNISTD_H 1
| #define HAVE_STRING_H 1
| #define HAVE_SYSLOG_H 1
| #define HAVE_LIBINTL_H 1
| /* end confdefs.h.  */
| #include <stdio.h>
| #ifdef HAVE_SYS_TYPES_H
| # include <sys/types.h>
| #endif
| #ifdef HAVE_SYS_STAT_H
| # include <sys/stat.h>
| #endif
| #ifdef STDC_HEADERS
| # include <stdlib.h>
| # include <stddef.h>
| #else
| # ifdef HAVE_STDLIB_H
| #  include <stdlib.h>
| # endif
| #endif
| #ifdef HAVE_STRING_H
| # if !defined STDC_HEADERS && defined HAVE_MEMORY_H
| #  include <memory.h>
| # endif
| # include <string.h>
| #endif
| #ifdef HAVE_STRINGS_H
| # include <strings.h>
| #endif
| #ifdef HAVE_INTTYPES_H
| # include <inttypes.h>
| #endif
| #ifdef HAVE_STDINT_H
| # include <stdint.h>
| #endif
| #ifdef HAVE_UNISTD_H
| # include <unistd.h>
| #endif
| #include <libutil.h>
configure:5004: result: no
configure:5008: checking libutil.h presence
configure:5023: /opt/lede-toolchain-ramips-mt7621_gcc-5.4.0_musl-1.1.24.Linux-x86_64/toolchain-mipsel_24kc_gcc-5.4.0_musl-1.1.24/bin/mipsel-openwrt-linux-musl-gcc -E  conftest.c
conftest.c:14:0: warning: "PPTP_FACILITY" redefined
 #define PPTP_FACILITY LOG_DAEMON
 ^
conftest.c:11:0: note: this is the location of the previous definition
 #define PPTP_FACILITY
 ^
conftest.c:15:0: warning: "BCRELAY" redefined
 #define BCRELAY 1
 ^
conftest.c:9:0: note: this is the location of the previous definition
 #define BCRELAY
 ^
conftest.c:38:21: fatal error: libutil.h: No such file or directory
compilation terminated.
configure:5029: $? = 1
configure: failed program was:
| /* confdefs.h.  */
| #define PACKAGE_NAME ""
| #define PACKAGE_TARNAME ""
| #define PACKAGE_VERSION ""
| #define PACKAGE_STRING ""
| #define PACKAGE_BUGREPORT ""
| #define PACKAGE "pptpd"
| #define VERSION "0.8.5"
| #define BCRELAY
| #define PPPD_VERSION
| #define PPTP_FACILITY
| #define PPP_BINARY "/usr/sbin/pppd"
| #define KERNELVERSION
| #define PPTP_FACILITY LOG_DAEMON
| #define BCRELAY 1
| #define HAVE_SETSID 1
| #define HAVE_DAEMON 1
| #define HAVE_GETSERVBYNAME 1
| #define HAVE_STRLCPY 1
| #define HAVE_FORK 1
| #define HAVE_MEMMOVE 1
| #define HAVE_STRERROR 1
| #define HAVE_WRITEV 1
| #define STDC_HEADERS 1
| #define HAVE_SYS_TYPES_H 1
| #define HAVE_SYS_STAT_H 1
| #define HAVE_STDLIB_H 1
| #define HAVE_STRING_H 1
| #define HAVE_MEMORY_H 1
| #define HAVE_STRINGS_H 1
| #define HAVE_INTTYPES_H 1
| #define HAVE_STDINT_H 1
| #define HAVE_UNISTD_H 1
| #define HAVE_STRING_H 1
| #define HAVE_SYSLOG_H 1
| #define HAVE_LIBINTL_H 1
| /* end confdefs.h.  */
| #include <libutil.h>
configure:5043: result: no
configure:5071: checking for libutil.h
configure:5079: result: no
configure:5107: checking sys/uio.h usability
configure:5124: /opt/lede-toolchain-ramips-mt7621_gcc-5.4.0_musl-1.1.24.Linux-x86_64/toolchain-mipsel_24kc_gcc-5.4.0_musl-1.1.24/bin/mipsel-openwrt-linux-musl-gcc -c -DRTAX53U -DRTAX53U -DRTAX53U -DMUSL_LIBC -DRTAX53U -DBCM_EVENTD -DEXT_ACS -D__CONFIG_EMF__ -D__CONFIG_WPS__ -g -O2 -DLINUX26 -DCONFIG_RALINK -DMUSL_LIBC -DDEBUG_NOISY -DDEBUG_RCTEST -D_GNU_SOURCE -D__UAPI_DEF_ETHHDR -DRALINK_DBDC_MODE -pipe -funit-at-a-time -Wno-pointer-sign -mtune=mips32 -mips32 -DLINUX_KERNEL_VERSION=263366 --sysroot=/opt/lede-toolchain-ramips-mt7621_gcc-5.4.0_musl-1.1.24.Linux-x86_64/toolchain-mipsel_24kc_gcc-5.4.0_musl-1.1.24  -idirafter /repo/Pass_GPL/asuswrt/release/src-ra-openwrt-4210/router/kernel_header/include  conftest.c >&5
conftest.c:14:0: warning: "PPTP_FACILITY" redefined
 #define PPTP_FACILITY LOG_DAEMON
 ^
conftest.c:11:0: note: this is the location of the previous definition
 #define PPTP_FACILITY
 ^
conftest.c:15:0: warning: "BCRELAY" redefined
 #define BCRELAY 1
 ^
conftest.c:9:0: note: this is the location of the previous definition
 #define BCRELAY
 ^
configure:5130: $? = 0
configure:5144: result: yes
configure:5148: checking sys/uio.h presence
configure:5163: /opt/lede-toolchain-ramips-mt7621_gcc-5.4.0_musl-1.1.24.Linux-x86_64/toolchain-mipsel_24kc_gcc-5.4.0_musl-1.1.24/bin/mipsel-openwrt-linux-musl-gcc -E  conftest.c
conftest.c:14:0: warning: "PPTP_FACILITY" redefined
 #define PPTP_FACILITY LOG_DAEMON
 ^
conftest.c:11:0: note: this is the location of the previous definition
 #define PPTP_FACILITY
 ^
conftest.c:15:0: warning: "BCRELAY" redefined
 #define BCRELAY 1
 ^
conftest.c:9:0: note: this is the location of the previous definition
 #define BCRELAY
 ^
configure:5169: $? = 0
configure:5183: result: yes
configure:5211: checking for sys/uio.h
configure:5219: result: yes
configure:5233: checking for size_t
configure:5263: /opt/lede-toolchain-ramips-mt7621_gcc-5.4.0_musl-1.1.24.Linux-x86_64/toolchain-mipsel_24kc_gcc-5.4.0_musl-1.1.24/bin/mipsel-openwrt-linux-musl-gcc -c -DRTAX53U -DRTAX53U -DRTAX53U -DMUSL_LIBC -DRTAX53U -DBCM_EVENTD -DEXT_ACS -D__CONFIG_EMF__ -D__CONFIG_WPS__ -g -O2 -DLINUX26 -DCONFIG_RALINK -DMUSL_LIBC -DDEBUG_NOISY -DDEBUG_RCTEST -D_GNU_SOURCE -D__UAPI_DEF_ETHHDR -DRALINK_DBDC_MODE -pipe -funit-at-a-time -Wno-pointer-sign -mtune=mips32 -mips32 -DLINUX_KERNEL_VERSION=263366 --sysroot=/opt/lede-toolchain-ramips-mt7621_gcc-5.4.0_musl-1.1.24.Linux-x86_64/toolchain-mipsel_24kc_gcc-5.4.0_musl-1.1.24  -idirafter /repo/Pass_GPL/asuswrt/release/src-ra-openwrt-4210/router/kernel_header/include  conftest.c >&5
conftest.c:14:0: warning: "PPTP_FACILITY" redefined
 #define PPTP_FACILITY LOG_DAEMON
 ^
conftest.c:11:0: note: this is the location of the previous definition
 #define PPTP_FACILITY
 ^
conftest.c:15:0: warning: "BCRELAY" redefined
 #define BCRELAY 1
 ^
conftest.c:9:0: note: this is the location of the previous definition
 #define BCRELAY
 ^
configure:5269: $? = 0
configure:5284: result: yes
configure:5296: checking for ssize_t
configure:5326: /opt/lede-toolchain-ramips-mt7621_gcc-5.4.0_musl-1.1.24.Linux-x86_64/toolchain-mipsel_24kc_gcc-5.4.0_musl-1.1.24/bin/mipsel-openwrt-linux-musl-gcc -c -DRTAX53U -DRTAX53U -DRTAX53U -DMUSL_LIBC -DRTAX53U -DBCM_EVENTD -DEXT_ACS -D__CONFIG_EMF__ -D__CONFIG_WPS__ -g -O2 -DLINUX26 -DCONFIG_RALINK -DMUSL_LIBC -DDEBUG_NOISY -DDEBUG_RCTEST -D_GNU_SOURCE -D__UAPI_DEF_ETHHDR -DRALINK_DBDC_MODE -pipe -funit-at-a-time -Wno-pointer-sign -mtune=mips32 -mips32 -DLINUX_KERNEL_VERSION=263366 --sysroot=/opt/lede-toolchain-ramips-mt7621_gcc-5.4.0_musl-1.1.24.Linux-x86_64/toolchain-mipsel_24kc_gcc-5.4.0_musl-1.1.24  -idirafter /repo/Pass_GPL/asuswrt/release/src-ra-openwrt-4210/router/kernel_header/include  conftest.c >&5
conftest.c:14:0: warning: "PPTP_FACILITY" redefined
 #define PPTP_FACILITY LOG_DAEMON
 ^
conftest.c:11:0: note: this is the location of the previous definition
 #define PPTP_FACILITY
 ^
conftest.c:15:0: warning: "BCRELAY" redefined
 #define BCRELAY 1
 ^
conftest.c:9:0: note: this is the location of the previous definition
 #define BCRELAY
 ^
configure:5332: $? = 0
configure:5347: result: yes
configure:5359: checking for u_int8_t
configure:5389: /opt/lede-toolchain-ramips-mt7621_gcc-5.4.0_musl-1.1.24.Linux-x86_64/toolchain-mipsel_24kc_gcc-5.4.0_musl-1.1.24/bin/mipsel-openwrt-linux-musl-gcc -c -DRTAX53U -DRTAX53U -DRTAX53U -DMUSL_LIBC -DRTAX53U -DBCM_EVENTD -DEXT_ACS -D__CONFIG_EMF__ -D__CONFIG_WPS__ -g -O2 -DLINUX26 -DCONFIG_RALINK -DMUSL_LIBC -DDEBUG_NOISY -DDEBUG_RCTEST -D_GNU_SOURCE -D__UAPI_DEF_ETHHDR -DRALINK_DBDC_MODE -pipe -funit-at-a-time -Wno-pointer-sign -mtune=mips32 -mips32 -DLINUX_KERNEL_VERSION=263366 --sysroot=/opt/lede-toolchain-ramips-mt7621_gcc-5.4.0_musl-1.1.24.Linux-x86_64/toolchain-mipsel_24kc_gcc-5.4.0_musl-1.1.24  -idirafter /repo/Pass_GPL/asuswrt/release/src-ra-openwrt-4210/router/kernel_header/include  conftest.c >&5
conftest.c:14:0: warning: "PPTP_FACILITY" redefined
 #define PPTP_FACILITY LOG_DAEMON
 ^
conftest.c:11:0: note: this is the location of the previous definition
 #define PPTP_FACILITY
 ^
conftest.c:15:0: warning: "BCRELAY" redefined
 #define BCRELAY 1
 ^
conftest.c:9:0: note: this is the location of the previous definition
 #define BCRELAY
 ^
configure:5395: $? = 0
configure:5410: result: yes
configure:5422: checking for u_int16_t
configure:5452: /opt/lede-toolchain-ramips-mt7621_gcc-5.4.0_musl-1.1.24.Linux-x86_64/toolchain-mipsel_24kc_gcc-5.4.0_musl-1.1.24/bin/mipsel-openwrt-linux-musl-gcc -c -DRTAX53U -DRTAX53U -DRTAX53U -DMUSL_LIBC -DRTAX53U -DBCM_EVENTD -DEXT_ACS -D__CONFIG_EMF__ -D__CONFIG_WPS__ -g -O2 -DLINUX26 -DCONFIG_RALINK -DMUSL_LIBC -DDEBUG_NOISY -DDEBUG_RCTEST -D_GNU_SOURCE -D__UAPI_DEF_ETHHDR -DRALINK_DBDC_MODE -pipe -funit-at-a-time -Wno-pointer-sign -mtune=mips32 -mips32 -DLINUX_KERNEL_VERSION=263366 --sysroot=/opt/lede-toolchain-ramips-mt7621_gcc-5.4.0_musl-1.1.24.Linux-x86_64/toolchain-mipsel_24kc_gcc-5.4.0_musl-1.1.24  -idirafter /repo/Pass_GPL/asuswrt/release/src-ra-openwrt-4210/router/kernel_header/include  conftest.c >&5
conftest.c:14:0: warning: "PPTP_FACILITY" redefined
 #define PPTP_FACILITY LOG_DAEMON
 ^
conftest.c:11:0: note: this is the location of the previous definition
 #define PPTP_FACILITY
 ^
conftest.c:15:0: warning: "BCRELAY" redefined
 #define BCRELAY 1
 ^
conftest.c:9:0: note: this is the location of the previous definition
 #define BCRELAY
 ^
configure:5458: $? = 0
configure:5473: result: yes
configure:5485: checking for u_int32_t
configure:5515: /opt/lede-toolchain-ramips-mt7621_gcc-5.4.0_musl-1.1.24.Linux-x86_64/toolchain-mipsel_24kc_gcc-5.4.0_musl-1.1.24/bin/mipsel-openwrt-linux-musl-gcc -c -DRTAX53U -DRTAX53U -DRTAX53U -DMUSL_LIBC -DRTAX53U -DBCM_EVENTD -DEXT_ACS -D__CONFIG_EMF__ -D__CONFIG_WPS__ -g -O2 -DLINUX26 -DCONFIG_RALINK -DMUSL_LIBC -DDEBUG_NOISY -DDEBUG_RCTEST -D_GNU_SOURCE -D__UAPI_DEF_ETHHDR -DRALINK_DBDC_MODE -pipe -funit-at-a-time -Wno-pointer-sign -mtune=mips32 -mips32 -DLINUX_KERNEL_VERSION=263366 --sysroot=/opt/lede-toolchain-ramips-mt7621_gcc-5.4.0_musl-1.1.24.Linux-x86_64/toolchain-mipsel_24kc_gcc-5.4.0_musl-1.1.24  -idirafter /repo/Pass_GPL/asuswrt/release/src-ra-openwrt-4210/router/kernel_header/include  conftest.c >&5
conftest.c:14:0: warning: "PPTP_FACILITY" redefined
 #define PPTP_FACILITY LOG_DAEMON
 ^
conftest.c:11:0: note: this is the location of the previous definition
 #define PPTP_FACILITY
 ^
conftest.c:15:0: warning: "BCRELAY" redefined
 #define BCRELAY 1
 ^
conftest.c:9:0: note: this is the location of the previous definition
 #define BCRELAY
 ^
configure:5521: $? = 0
configure:5536: result: yes
configure:5549: checking for socklen_t
conftest.c:14:0: warning: "PPTP_FACILITY" redefined
 #define PPTP_FACILITY LOG_DAEMON
 ^
conftest.c:11:0: note: this is the location of the previous definition
 #define PPTP_FACILITY
 ^
conftest.c:15:0: warning: "BCRELAY" redefined
 #define BCRELAY 1
 ^
conftest.c:9:0: note: this is the location of the previous definition
 #define BCRELAY
 ^
configure:5578: result: yes
configure:5712: checking for accept in -lc
configure:5747: /opt/lede-toolchain-ramips-mt7621_gcc-5.4.0_musl-1.1.24.Linux-x86_64/toolchain-mipsel_24kc_gcc-5.4.0_musl-1.1.24/bin/mipsel-openwrt-linux-musl-gcc -o conftest -DRTAX53U -DRTAX53U -DRTAX53U -DMUSL_LIBC -DRTAX53U -DBCM_EVENTD -DEXT_ACS -D__CONFIG_EMF__ -D__CONFIG_WPS__ -g -O2 -DLINUX26 -DCONFIG_RALINK -DMUSL_LIBC -DDEBUG_NOISY -DDEBUG_RCTEST -D_GNU_SOURCE -D__UAPI_DEF_ETHHDR -DRALINK_DBDC_MODE -pipe -funit-at-a-time -Wno-pointer-sign -mtune=mips32 -mips32 -DLINUX_KERNEL_VERSION=263366 --sysroot=/opt/lede-toolchain-ramips-mt7621_gcc-5.4.0_musl-1.1.24.Linux-x86_64/toolchain-mipsel_24kc_gcc-5.4.0_musl-1.1.24  -idirafter /repo/Pass_GPL/asuswrt/release/src-ra-openwrt-4210/router/kernel_header/include   conftest.c -lc   >&5
conftest.c:14:0: warning: "PPTP_FACILITY" redefined
 #define PPTP_FACILITY LOG_DAEMON
 ^
conftest.c:11:0: note: this is the location of the previous definition
 #define PPTP_FACILITY
 ^
conftest.c:15:0: warning: "BCRELAY" redefined
 #define BCRELAY 1
 ^
conftest.c:9:0: note: this is the location of the previous definition
 #define BCRELAY
 ^
configure:5753: $? = 0
configure:5771: result: yes
configure:5783: checking for gethostbyname in -lc
configure:5818: /opt/lede-toolchain-ramips-mt7621_gcc-5.4.0_musl-1.1.24.Linux-x86_64/toolchain-mipsel_24kc_gcc-5.4.0_musl-1.1.24/bin/mipsel-openwrt-linux-musl-gcc -o conftest -DRTAX53U -DRTAX53U -DRTAX53U -DMUSL_LIBC -DRTAX53U -DBCM_EVENTD -DEXT_ACS -D__CONFIG_EMF__ -D__CONFIG_WPS__ -g -O2 -DLINUX26 -DCONFIG_RALINK -DMUSL_LIBC -DDEBUG_NOISY -DDEBUG_RCTEST -D_GNU_SOURCE -D__UAPI_DEF_ETHHDR -DRALINK_DBDC_MODE -pipe -funit-at-a-time -Wno-pointer-sign -mtune=mips32 -mips32 -DLINUX_KERNEL_VERSION=263366 --sysroot=/opt/lede-toolchain-ramips-mt7621_gcc-5.4.0_musl-1.1.24.Linux-x86_64/toolchain-mipsel_24kc_gcc-5.4.0_musl-1.1.24  -idirafter /repo/Pass_GPL/asuswrt/release/src-ra-openwrt-4210/router/kernel_header/include   conftest.c -lc  -lc  >&5
conftest.c:14:0: warning: "PPTP_FACILITY" redefined
 #define PPTP_FACILITY LOG_DAEMON
 ^
conftest.c:11:0: note: this is the location of the previous definition
 #define PPTP_FACILITY
 ^
conftest.c:15:0: warning: "BCRELAY" redefined
 #define BCRELAY 1
 ^
conftest.c:9:0: note: this is the location of the previous definition
 #define BCRELAY
 ^
configure:5824: $? = 0
configure:5842: result: yes
configure:5854: checking for gettext in -lc
configure:5889: /opt/lede-toolchain-ramips-mt7621_gcc-5.4.0_musl-1.1.24.Linux-x86_64/toolchain-mipsel_24kc_gcc-5.4.0_musl-1.1.24/bin/mipsel-openwrt-linux-musl-gcc -o conftest -DRTAX53U -DRTAX53U -DRTAX53U -DMUSL_LIBC -DRTAX53U -DBCM_EVENTD -DEXT_ACS -D__CONFIG_EMF__ -D__CONFIG_WPS__ -g -O2 -DLINUX26 -DCONFIG_RALINK -DMUSL_LIBC -DDEBUG_NOISY -DDEBUG_RCTEST -D_GNU_SOURCE -D__UAPI_DEF_ETHHDR -DRALINK_DBDC_MODE -pipe -funit-at-a-time -Wno-pointer-sign -mtune=mips32 -mips32 -DLINUX_KERNEL_VERSION=263366 --sysroot=/opt/lede-toolchain-ramips-mt7621_gcc-5.4.0_musl-1.1.24.Linux-x86_64/toolchain-mipsel_24kc_gcc-5.4.0_musl-1.1.24  -idirafter /repo/Pass_GPL/asuswrt/release/src-ra-openwrt-4210/router/kernel_header/include   conftest.c -lc  -lc -lc  >&5
conftest.c:14:0: warning: "PPTP_FACILITY" redefined
 #define PPTP_FACILITY LOG_DAEMON
 ^
conftest.c:11:0: note: this is the location of the previous definition
 #define PPTP_FACILITY
 ^
conftest.c:15:0: warning: "BCRELAY" redefined
 #define BCRELAY 1
 ^
conftest.c:9:0: note: this is the location of the previous definition
 #define BCRELAY
 ^
conftest.c:48:6: warning: conflicting types for built-in function 'gettext'
 char gettext ();
      ^
configure:5895: $? = 0
configure:5913: result: yes
configure:5925: checking for accept in -lsocket
configure:5960: /opt/lede-toolchain-ramips-mt7621_gcc-5.4.0_musl-1.1.24.Linux-x86_64/toolchain-mipsel_24kc_gcc-5.4.0_musl-1.1.24/bin/mipsel-openwrt-linux-musl-gcc -o conftest -DRTAX53U -DRTAX53U -DRTAX53U -DMUSL_LIBC -DRTAX53U -DBCM_EVENTD -DEXT_ACS -D__CONFIG_EMF__ -D__CONFIG_WPS__ -g -O2 -DLINUX26 -DCONFIG_RALINK -DMUSL_LIBC -DDEBUG_NOISY -DDEBUG_RCTEST -D_GNU_SOURCE -D__UAPI_DEF_ETHHDR -DRALINK_DBDC_MODE -pipe -funit-at-a-time -Wno-pointer-sign -mtune=mips32 -mips32 -DLINUX_KERNEL_VERSION=263366 --sysroot=/opt/lede-toolchain-ramips-mt7621_gcc-5.4.0_musl-1.1.24.Linux-x86_64/toolchain-mipsel_24kc_gcc-5.4.0_musl-1.1.24  -idirafter /repo/Pass_GPL/asuswrt/release/src-ra-openwrt-4210/router/kernel_header/include   conftest.c -lsocket  -lc -lc -lc  >&5
conftest.c:14:0: warning: "PPTP_FACILITY" redefined
 #define PPTP_FACILITY LOG_DAEMON
 ^
conftest.c:11:0: note: this is the location of the previous definition
 #define PPTP_FACILITY
 ^
conftest.c:15:0: warning: "BCRELAY" redefined
 #define BCRELAY 1
 ^
conftest.c:9:0: note: this is the location of the previous definition
 #define BCRELAY
 ^
/opt/lede-toolchain-ramips-mt7621_gcc-5.4.0_musl-1.1.24.Linux-x86_64/toolchain-mipsel_24kc_gcc-5.4.0_musl-1.1.24/bin/../lib/gcc/mipsel-openwrt-linux-musl/5.4.0/../../../../mipsel-openwrt-linux-musl/bin/ld: cannot find -lsocket
collect2: error: ld returned 1 exit status
configure:5966: $? = 1
configure: failed program was:
| /* confdefs.h.  */
| #define PACKAGE_NAME ""
| #define PACKAGE_TARNAME ""
| #define PACKAGE_VERSION ""
| #define PACKAGE_STRING ""
| #define PACKAGE_BUGREPORT ""
| #define PACKAGE "pptpd"
| #define VERSION "0.8.5"
| #define BCRELAY
| #define PPPD_VERSION
| #define PPTP_FACILITY
| #define PPP_BINARY "/usr/sbin/pppd"
| #define KERNELVERSION
| #define PPTP_FACILITY LOG_DAEMON
| #define BCRELAY 1
| #define HAVE_SETSID 1
| #define HAVE_DAEMON 1
| #define HAVE_GETSERVBYNAME 1
| #define HAVE_STRLCPY 1
| #define HAVE_FORK 1
| #define HAVE_MEMMOVE 1
| #define HAVE_STRERROR 1
| #define HAVE_WRITEV 1
| #define STDC_HEADERS 1
| #define HAVE_SYS_TYPES_H 1
| #define HAVE_SYS_STAT_H 1
| #define HAVE_STDLIB_H 1
| #define HAVE_STRING_H 1
| #define HAVE_MEMORY_H 1
| #define HAVE_STRINGS_H 1
| #define HAVE_INTTYPES_H 1
| #define HAVE_STDINT_H 1
| #define HAVE_UNISTD_H 1
| #define HAVE_STRING_H 1
| #define HAVE_SYSLOG_H 1
| #define HAVE_LIBINTL_H 1
| #define HAVE_SYS_UIO_H 1
| #define HAVE_LIBC 1
| #define HAVE_LIBC 1
| #define HAVE_LIBC 1
| /* end confdefs.h.  */
| 
| /* Override any GCC internal prototype to avoid an error.
|    Use char because int might match the return type of a GCC
|    builtin and then its argument prototype would still apply.  */
| #ifdef __cplusplus
| extern "C"
| #endif
| char accept ();
| int
| main ()
| {
| return accept ();
|   ;
|   return 0;
| }
configure:5984: result: no
configure:5996: checking for gethostbyname in -lnsl
configure:6031: /opt/lede-toolchain-ramips-mt7621_gcc-5.4.0_musl-1.1.24.Linux-x86_64/toolchain-mipsel_24kc_gcc-5.4.0_musl-1.1.24/bin/mipsel-openwrt-linux-musl-gcc -o conftest -DRTAX53U -DRTAX53U -DRTAX53U -DMUSL_LIBC -DRTAX53U -DBCM_EVENTD -DEXT_ACS -D__CONFIG_EMF__ -D__CONFIG_WPS__ -g -O2 -DLINUX26 -DCONFIG_RALINK -DMUSL_LIBC -DDEBUG_NOISY -DDEBUG_RCTEST -D_GNU_SOURCE -D__UAPI_DEF_ETHHDR -DRALINK_DBDC_MODE -pipe -funit-at-a-time -Wno-pointer-sign -mtune=mips32 -mips32 -DLINUX_KERNEL_VERSION=263366 --sysroot=/opt/lede-toolchain-ramips-mt7621_gcc-5.4.0_musl-1.1.24.Linux-x86_64/toolchain-mipsel_24kc_gcc-5.4.0_musl-1.1.24  -idirafter /repo/Pass_GPL/asuswrt/release/src-ra-openwrt-4210/router/kernel_header/include   conftest.c -lnsl  -lc -lc -lc  >&5
conftest.c:14:0: warning: "PPTP_FACILITY" redefined
 #define PPTP_FACILITY LOG_DAEMON
 ^
conftest.c:11:0: note: this is the location of the previous definition
 #define PPTP_FACILITY
 ^
conftest.c:15:0: warning: "BCRELAY" redefined
 #define BCRELAY 1
 ^
conftest.c:9:0: note: this is the location of the previous definition
 #define BCRELAY
 ^
/opt/lede-toolchain-ramips-mt7621_gcc-5.4.0_musl-1.1.24.Linux-x86_64/toolchain-mipsel_24kc_gcc-5.4.0_musl-1.1.24/bin/../lib/gcc/mipsel-openwrt-linux-musl/5.4.0/../../../../mipsel-openwrt-linux-musl/bin/ld: cannot find -lnsl
collect2: error: ld returned 1 exit status
configure:6037: $? = 1
configure: failed program was:
| /* confdefs.h.  */
| #define PACKAGE_NAME ""
| #define PACKAGE_TARNAME ""
| #define PACKAGE_VERSION ""
| #define PACKAGE_STRING ""
| #define PACKAGE_BUGREPORT ""
| #define PACKAGE "pptpd"
| #define VERSION "0.8.5"
| #define BCRELAY
| #define PPPD_VERSION
| #define PPTP_FACILITY
| #define PPP_BINARY "/usr/sbin/pppd"
| #define KERNELVERSION
| #define PPTP_FACILITY LOG_DAEMON
| #define BCRELAY 1
| #define HAVE_SETSID 1
| #define HAVE_DAEMON 1
| #define HAVE_GETSERVBYNAME 1
| #define HAVE_STRLCPY 1
| #define HAVE_FORK 1
| #define HAVE_MEMMOVE 1
| #define HAVE_STRERROR 1
| #define HAVE_WRITEV 1
| #define STDC_HEADERS 1
| #define HAVE_SYS_TYPES_H 1
| #define HAVE_SYS_STAT_H 1
| #define HAVE_STDLIB_H 1
| #define HAVE_STRING_H 1
| #define HAVE_MEMORY_H 1
| #define HAVE_STRINGS_H 1
| #define HAVE_INTTYPES_H 1
| #define HAVE_STDINT_H 1
| #define HAVE_UNISTD_H 1
| #define HAVE_STRING_H 1
| #define HAVE_SYSLOG_H 1
| #define HAVE_LIBINTL_H 1
| #define HAVE_SYS_UIO_H 1
| #define HAVE_LIBC 1
| #define HAVE_LIBC 1
| #define HAVE_LIBC 1
| /* end confdefs.h.  */
| 
| /* Override any GCC internal prototype to avoid an error.
|    Use char because int might match the return type of a GCC
|    builtin and then its argument prototype would still apply.  */
| #ifdef __cplusplus
| extern "C"
| #endif
| char gethostbyname ();
| int
| main ()
| {
| return gethostbyname ();
|   ;
|   return 0;
| }
configure:6055: result: no
configure:6067: checking for gettext in -lintl
configure:6102: /opt/lede-toolchain-ramips-mt7621_gcc-5.4.0_musl-1.1.24.Linux-x86_64/toolchain-mipsel_24kc_gcc-5.4.0_musl-1.1.24/bin/mipsel-openwrt-linux-musl-gcc -o conftest -DRTAX53U -DRTAX53U -DRTAX53U -DMUSL_LIBC -DRTAX53U -DBCM_EVENTD -DEXT_ACS -D__CONFIG_EMF__ -D__CONFIG_WPS__ -g -O2 -DLINUX26 -DCONFIG_RALINK -DMUSL_LIBC -DDEBUG_NOISY -DDEBUG_RCTEST -D_GNU_SOURCE -D__UAPI_DEF_ETHHDR -DRALINK_DBDC_MODE -pipe -funit-at-a-time -Wno-pointer-sign -mtune=mips32 -mips32 -DLINUX_KERNEL_VERSION=263366 --sysroot=/opt/lede-toolchain-ramips-mt7621_gcc-5.4.0_musl-1.1.24.Linux-x86_64/toolchain-mipsel_24kc_gcc-5.4.0_musl-1.1.24  -idirafter /repo/Pass_GPL/asuswrt/release/src-ra-openwrt-4210/router/kernel_header/include   conftest.c -lintl  -lc -lc -lc  >&5
conftest.c:14:0: warning: "PPTP_FACILITY" redefined
 #define PPTP_FACILITY LOG_DAEMON
 ^
conftest.c:11:0: note: this is the location of the previous definition
 #define PPTP_FACILITY
 ^
conftest.c:15:0: warning: "BCRELAY" redefined
 #define BCRELAY 1
 ^
conftest.c:9:0: note: this is the location of the previous definition
 #define BCRELAY
 ^
conftest.c:49:6: warning: conflicting types for built-in function 'gettext'
 char gettext ();
      ^
/opt/lede-toolchain-ramips-mt7621_gcc-5.4.0_musl-1.1.24.Linux-x86_64/toolchain-mipsel_24kc_gcc-5.4.0_musl-1.1.24/bin/../lib/gcc/mipsel-openwrt-linux-musl/5.4.0/../../../../mipsel-openwrt-linux-musl/bin/ld: cannot find -lintl
collect2: error: ld returned 1 exit status
configure:6108: $? = 1
configure: failed program was:
| /* confdefs.h.  */
| #define PACKAGE_NAME ""
| #define PACKAGE_TARNAME ""
| #define PACKAGE_VERSION ""
| #define PACKAGE_STRING ""
| #define PACKAGE_BUGREPORT ""
| #define PACKAGE "pptpd"
| #define VERSION "0.8.5"
| #define BCRELAY
| #define PPPD_VERSION
| #define PPTP_FACILITY
| #define PPP_BINARY "/usr/sbin/pppd"
| #define KERNELVERSION
| #define PPTP_FACILITY LOG_DAEMON
| #define BCRELAY 1
| #define HAVE_SETSID 1
| #define HAVE_DAEMON 1
| #define HAVE_GETSERVBYNAME 1
| #define HAVE_STRLCPY 1
| #define HAVE_FORK 1
| #define HAVE_MEMMOVE 1
| #define HAVE_STRERROR 1
| #define HAVE_WRITEV 1
| #define STDC_HEADERS 1
| #define HAVE_SYS_TYPES_H 1
| #define HAVE_SYS_STAT_H 1
| #define HAVE_STDLIB_H 1
| #define HAVE_STRING_H 1
| #define HAVE_MEMORY_H 1
| #define HAVE_STRINGS_H 1
| #define HAVE_INTTYPES_H 1
| #define HAVE_STDINT_H 1
| #define HAVE_UNISTD_H 1
| #define HAVE_STRING_H 1
| #define HAVE_SYSLOG_H 1
| #define HAVE_LIBINTL_H 1
| #define HAVE_SYS_UIO_H 1
| #define HAVE_LIBC 1
| #define HAVE_LIBC 1
| #define HAVE_LIBC 1
| /* end confdefs.h.  */
| 
| /* Override any GCC internal prototype to avoid an error.
|    Use char because int might match the return type of a GCC
|    builtin and then its argument prototype would still apply.  */
| #ifdef __cplusplus
| extern "C"
| #endif
| char gettext ();
| int
| main ()
| {
| return gettext ();
|   ;
|   return 0;
| }
configure:6126: result: no
configure:6182: checking for linux kernel herders
configure:6219: result: found (4.4.198 at /repo/Pass_GPL/asuswrt/release/src-ra-openwrt-4210/router/kernel_header/)
configure:6466: creating ./config.status

## ---------------------- ##
## Running config.status. ##
## ---------------------- ##

This file was extended by config.status, which was
generated by GNU Autoconf 2.61.  Invocation command line was

  CONFIG_FILES    = 
  CONFIG_HEADERS  = 
  CONFIG_LINKS    = 
  CONFIG_COMMANDS = 
  $ ./config.status 

on 820a0eb7ac91

config.status:639: creating Makefile
config.status:639: creating config.h
config.status:927: executing depfiles commands

## ---------------- ##
## Cache variables. ##
## ---------------- ##

ac_cv_c_compiler_gnu=yes
ac_cv_c_const=yes
ac_cv_c_inline=inline
ac_cv_env_CC_set=set
ac_cv_env_CC_value=/opt/lede-toolchain-ramips-mt7621_gcc-5.4.0_musl-1.1.24.Linux-x86_64/toolchain-mipsel_24kc_gcc-5.4.0_musl-1.1.24/bin/mipsel-openwrt-linux-musl-gcc
ac_cv_env_CFLAGS_set=set
ac_cv_env_CFLAGS_value='-DRTAX53U -DRTAX53U -DRTAX53U -DMUSL_LIBC -DRTAX53U -DBCM_EVENTD -DEXT_ACS -D__CONFIG_EMF__ -D__CONFIG_WPS__ -g -O2 -DLINUX26 -DCONFIG_RALINK -DMUSL_LIBC -DDEBUG_NOISY -DDEBUG_RCTEST -D_GNU_SOURCE -D__UAPI_DEF_ETHHDR -DRALINK_DBDC_MODE -pipe -funit-at-a-time -Wno-pointer-sign -mtune=mips32 -mips32 -DLINUX_KERNEL_VERSION=263366 --sysroot=/opt/lede-toolchain-ramips-mt7621_gcc-5.4.0_musl-1.1.24.Linux-x86_64/toolchain-mipsel_24kc_gcc-5.4.0_musl-1.1.24  -idirafter /repo/Pass_GPL/asuswrt/release/src-ra-openwrt-4210/router/kernel_header/include'
ac_cv_env_CPPFLAGS_set=
ac_cv_env_CPPFLAGS_value=
ac_cv_env_CPP_set=
ac_cv_env_CPP_value=
ac_cv_env_LDFLAGS_set=
ac_cv_env_LDFLAGS_value=
ac_cv_env_LIBS_set=
ac_cv_env_LIBS_value=
ac_cv_env_build_alias_set=set
ac_cv_env_build_alias_value=x86_64-linux-gnu
ac_cv_env_host_alias_set=set
ac_cv_env_host_alias_value=mipsel-linux
ac_cv_env_target_alias_set=
ac_cv_env_target_alias_value=
ac_cv_func_daemon=yes
ac_cv_func_fork=yes
ac_cv_func_getservbyname=yes
ac_cv_func_memmove=yes
ac_cv_func_setproctitle=no
ac_cv_func_setsid=yes
ac_cv_func_strerror=yes
ac_cv_func_strlcpy=yes
ac_cv_func_writev=yes
ac_cv_header_inttypes_h=yes
ac_cv_header_libintl_h=yes
ac_cv_header_libutil_h=no
ac_cv_header_memory_h=yes
ac_cv_header_stdc=yes
ac_cv_header_stdint_h=yes
ac_cv_header_stdlib_h=yes
ac_cv_header_string_h=yes
ac_cv_header_strings_h=yes
ac_cv_header_sys_stat_h=yes
ac_cv_header_sys_types_h=yes
ac_cv_header_sys_uio_h=yes
ac_cv_header_syslog_h=yes
ac_cv_header_unistd_h=yes
ac_cv_lib_c_accept=yes
ac_cv_lib_c_gethostbyname=yes
ac_cv_lib_c_gettext=yes
ac_cv_lib_intl_gettext=no
ac_cv_lib_nsl_gethostbyname=no
ac_cv_lib_socket_accept=no
ac_cv_objext=o
ac_cv_path_EGREP='/bin/grep -E'
ac_cv_path_GREP=/bin/grep
ac_cv_path_install='/usr/bin/install -c'
ac_cv_prog_AWK=gawk
ac_cv_prog_CC=/opt/lede-toolchain-ramips-mt7621_gcc-5.4.0_musl-1.1.24.Linux-x86_64/toolchain-mipsel_24kc_gcc-5.4.0_musl-1.1.24/bin/mipsel-openwrt-linux-musl-gcc
ac_cv_prog_CPP='/opt/lede-toolchain-ramips-mt7621_gcc-5.4.0_musl-1.1.24.Linux-x86_64/toolchain-mipsel_24kc_gcc-5.4.0_musl-1.1.24/bin/mipsel-openwrt-linux-musl-gcc -E'
ac_cv_prog_RANLIB=/opt/lede-toolchain-ramips-mt7621_gcc-5.4.0_musl-1.1.24.Linux-x86_64/toolchain-mipsel_24kc_gcc-5.4.0_musl-1.1.24/bin/mipsel-openwrt-linux-musl-ranlib
ac_cv_prog_STRIP='/opt/lede-toolchain-ramips-mt7621_gcc-5.4.0_musl-1.1.24.Linux-x86_64/toolchain-mipsel_24kc_gcc-5.4.0_musl-1.1.24/bin/mipsel-openwrt-linux-musl-strip -R .note -R .comment'
ac_cv_prog_cc_c89=
ac_cv_prog_cc_g=yes
ac_cv_prog_make_make_set=yes
ac_cv_sys_interpreter=yes
ac_cv_type_size_t=yes
ac_cv_type_socklen_t=yes
ac_cv_type_ssize_t=yes
ac_cv_type_u_int16_t=yes
ac_cv_type_u_int32_t=yes
ac_cv_type_u_int8_t=yes
am_cv_CC_dependencies_compiler_type=none

## ----------------- ##
## Output variables. ##
## ----------------- ##

ACLOCAL='${SHELL} /repo/Pass_GPL/asuswrt/release/src/router/accel-pptpd/pptpd-1.3.3/missing --run aclocal-1.9'
AMDEPBACKSLASH='\'
AMDEP_FALSE='#'
AMDEP_TRUE=''
AMTAR='${SHELL} /repo/Pass_GPL/asuswrt/release/src/router/accel-pptpd/pptpd-1.3.3/missing --run tar'
AUTOCONF='${SHELL} /repo/Pass_GPL/asuswrt/release/src/router/accel-pptpd/pptpd-1.3.3/missing --run autoconf'
AUTOHEADER='${SHELL} /repo/Pass_GPL/asuswrt/release/src/router/accel-pptpd/pptpd-1.3.3/missing --run autoheader'
AUTOMAKE='${SHELL} /repo/Pass_GPL/asuswrt/release/src/router/accel-pptpd/pptpd-1.3.3/missing --run automake-1.9'
AWK='gawk'
CC='/opt/lede-toolchain-ramips-mt7621_gcc-5.4.0_musl-1.1.24.Linux-x86_64/toolchain-mipsel_24kc_gcc-5.4.0_musl-1.1.24/bin/mipsel-openwrt-linux-musl-gcc'
CCDEPMODE='depmode=none'
CFLAGS='-DRTAX53U -DRTAX53U -DRTAX53U -DMUSL_LIBC -DRTAX53U -DBCM_EVENTD -DEXT_ACS -D__CONFIG_EMF__ -D__CONFIG_WPS__ -g -O2 -DLINUX26 -DCONFIG_RALINK -DMUSL_LIBC -DDEBUG_NOISY -DDEBUG_RCTEST -D_GNU_SOURCE -D__UAPI_DEF_ETHHDR -DRALINK_DBDC_MODE -pipe -funit-at-a-time -Wno-pointer-sign -mtune=mips32 -mips32 -DLINUX_KERNEL_VERSION=263366 --sysroot=/opt/lede-toolchain-ramips-mt7621_gcc-5.4.0_musl-1.1.24.Linux-x86_64/toolchain-mipsel_24kc_gcc-5.4.0_musl-1.1.24  -idirafter /repo/Pass_GPL/asuswrt/release/src-ra-openwrt-4210/router/kernel_header/include -I. -I/repo/Pass_GPL/asuswrt/release/src-ra-openwrt-4210/router/kernel_header/include'
CPP='/opt/lede-toolchain-ramips-mt7621_gcc-5.4.0_musl-1.1.24.Linux-x86_64/toolchain-mipsel_24kc_gcc-5.4.0_musl-1.1.24/bin/mipsel-openwrt-linux-musl-gcc -E'
CPPFLAGS=''
CYGPATH_W='echo'
DEFS='-DHAVE_CONFIG_H'
DEPDIR='.deps'
ECHO_C=''
ECHO_N='-n'
ECHO_T=''
EGREP='/bin/grep -E'
EXEEXT=''
GREP='/bin/grep'
INSTALL_DATA='${INSTALL} -m 644'
INSTALL_PROGRAM='${INSTALL}'
INSTALL_SCRIPT='${INSTALL}'
INSTALL_STRIP_PROGRAM='${SHELL} $(install_sh) -c -s'
LDFLAGS=''
LIBOBJS=''
LIBS=''
LN_S='ln -s'
LTLIBOBJS=''
MAKEINFO='${SHELL} /repo/Pass_GPL/asuswrt/release/src/router/accel-pptpd/pptpd-1.3.3/missing --run makeinfo'
OBJEXT='o'
PACKAGE='pptpd'
PACKAGE_BUGREPORT=''
PACKAGE_NAME=''
PACKAGE_STRING=''
PACKAGE_TARNAME=''
PACKAGE_VERSION=''
PATH_SEPARATOR=':'
RANLIB='/opt/lede-toolchain-ramips-mt7621_gcc-5.4.0_musl-1.1.24.Linux-x86_64/toolchain-mipsel_24kc_gcc-5.4.0_musl-1.1.24/bin/mipsel-openwrt-linux-musl-ranlib'
SET_MAKE=''
SHELL='/bin/sh'
STRIP='/opt/lede-toolchain-ramips-mt7621_gcc-5.4.0_musl-1.1.24.Linux-x86_64/toolchain-mipsel_24kc_gcc-5.4.0_musl-1.1.24/bin/mipsel-openwrt-linux-musl-strip -R .note -R .comment'
VERSION='4'
XTRALIBS_CTRL=''
XTRALIBS_MGR=''
XTRA_PROG='bcrelay'
ac_ct_CC=''
am__fastdepCC_FALSE=''
am__fastdepCC_TRUE='#'
am__include='include'
am__leading_dot='.'
am__quote=''
am__tar='${AMTAR} chof - "$$tardir"'
am__untar='${AMTAR} xf -'
bindir='/usr/sbin'
build_alias='x86_64-linux-gnu'
datadir='${datarootdir}'
datarootdir='${prefix}/share'
docdir='${datarootdir}/doc/${PACKAGE}'
dvidir='${docdir}'
exec_prefix='${prefix}'
host_alias='mipsel-linux'
htmldir='${docdir}'
includedir='${prefix}/include'
infodir='${datarootdir}/info'
install_sh='/repo/Pass_GPL/asuswrt/release/src/router/accel-pptpd/pptpd-1.3.3/install-sh'
kernel_headers='/repo/Pass_GPL/asuswrt/release/src-ra-openwrt-4210/router/kernel_header/include'
libdir='/usr/lib'
libexecdir='${exec_prefix}/libexec'
localedir='${datarootdir}/locale'
localstatedir='${prefix}/var'
mandir='${datarootdir}/man'
mkdir_p='mkdir -p --'
oldincludedir='/usr/include'
pdfdir='${docdir}'
prefix='/usr'
program_transform_name='s,x,x,'
psdir='${docdir}'
sbindir='${exec_prefix}/sbin'
sharedstatedir='${prefix}/com'
sysconfdir='${prefix}/etc'
target_alias=''

## ----------- ##
## confdefs.h. ##
## ----------- ##

#define PACKAGE_NAME ""
#define PACKAGE_TARNAME ""
#define PACKAGE_VERSION ""
#define PACKAGE_STRING ""
#define PACKAGE_BUGREPORT ""
#define PACKAGE "pptpd"
#define VERSION "0.8.5"
#define BCRELAY
#define PPPD_VERSION
#define PPTP_FACILITY
#define PPP_BINARY "/usr/sbin/pppd"
#define KERNELVERSION
#define PPTP_FACILITY LOG_DAEMON
#define BCRELAY 1
#define HAVE_SETSID 1
#define HAVE_DAEMON 1
#define HAVE_GETSERVBYNAME 1
#define HAVE_STRLCPY 1
#define HAVE_FORK 1
#define HAVE_MEMMOVE 1
#define HAVE_STRERROR 1
#define HAVE_WRITEV 1
#define STDC_HEADERS 1
#define HAVE_SYS_TYPES_H 1
#define HAVE_SYS_STAT_H 1
#define HAVE_STDLIB_H 1
#define HAVE_STRING_H 1
#define HAVE_MEMORY_H 1
#define HAVE_STRINGS_H 1
#define HAVE_INTTYPES_H 1
#define HAVE_STDINT_H 1
#define HAVE_UNISTD_H 1
#define HAVE_STRING_H 1
#define HAVE_SYSLOG_H 1
#define HAVE_LIBINTL_H 1
#define HAVE_SYS_UIO_H 1
#define HAVE_LIBC 1
#define HAVE_LIBC 1
#define HAVE_LIBC 1
#define KERNELVERSION "4.4.198"
#define PPPD_VERSION "2.4.5"

configure: exit 0
