This file contains any messages produced by compilers while
running configure, to aid debugging if configure makes a mistake.

It was created by email configure 3.1.3, which was
generated by GNU Autoconf 2.61.  Invocation command line was

  $ ./configure --host=mipsel-linux --build=x86_64-linux-gnu --with-ssl --sysconfdir=/etc CFLAGS=-Os -Wall -I/repo/Pass_GPL/asuswrt/release/src-ra-openwrt-4210/router/mipsel-musl/stage/usr/include -I/repo/Pass_GPL/asuswrt/release/src-ra-openwrt-4210/router/nt_center/lib -I/repo/Pass_GPL/asuswrt/release/src-ra-openwrt-4210/router/sqlite -DRTCONFIG_NOTIFICATION_CENTER LDFLAGS=-L/repo/Pass_GPL/asuswrt/release/src-ra-openwrt-4210/router/mipsel-musl/stage/usr/lib -L/repo/Pass_GPL/asuswrt/release/src-ra-openwrt-4210/router/nt_center/lib -L/repo/Pass_GPL/asuswrt/release/src-ra-openwrt-4210/router/sqlite/.libs LIBS=-lnt -lsqlite3 -lpthread -lcrypto -lssl 

## --------- ##
## Platform. ##
## --------- ##

hostname = 820a0eb7ac91
uname -m = x86_64
uname -r = 6.8.0-137-generic
uname -s = Linux
uname -v = #137-Ubuntu SMP PREEMPT_DYNAMIC Fri Jul 17 20:28:23 UTC 2026

/usr/bin/uname -p = unknown
/bin/uname -X     = unknown

/bin/arch              = unknown
/usr/bin/arch -k       = unknown
/usr/convex/getsysinfo = unknown
/usr/bin/hostinfo      = unknown
/bin/machine           = unknown
/usr/bin/oslevel       = unknown
/bin/universe          = unknown

PATH: /repo/Pass_GPL/asuswrt/release/tools
PATH: /repo/Pass_GPL/asuswrt/release/src-ra-openwrt-4210/ctools
PATH: /repo/Pass_GPL/asuswrt/release/tools
PATH: /repo/Pass_GPL/asuswrt/release/src-ra-openwrt-4210/ctools
PATH: /repo/Pass_GPL/asuswrt/release/tools
PATH: /repo/Pass_GPL/asuswrt/release/src-ra-openwrt-4210/ctools
PATH: /usr/local/sbin
PATH: /usr/local/bin
PATH: /usr/sbin
PATH: /usr/bin
PATH: /sbin
PATH: /bin
PATH: /home/asuswrt/bin
PATH: /home/asuswrt/mybash
PATH: /opt/buildroot-gcc342/bin
PATH: /opt/buildroot-gcc463/bin
PATH: /opt/brcm/hndtools-mipsel-linux/bin
PATH: /opt/brcm/hndtools-mipsel-uclibc/bin
PATH: /opt/projects/hnd/tools/linux/hndtools-arm-linux-2.6.36-uclibc-4.5.3/bin
PATH: /opt/projects/hnd/tools/linux/hndtools-arm-linux-2.6.36-uclibc-4.5.3/arm-linux/bin
PATH: /opt/projects/hnd/tools/linux/hndtools-arm-linux-2.6.36-uclibc-4.5.3/usr/bin
PATH: /opt/toolchains/crosstools-arm-gcc-5.3-linux-4.1-glibc-2.22-binutils-2.25/usr/bin
PATH: /opt/toolchains/crosstools-aarch64-gcc-5.3-linux-4.1-glibc-2.22-binutils-2.25/usr/bin
PATH: /opt/toolchains/crosstools-arm-gcc-9.2-linux-4.19-glibc-2.30-binutils-2.32/usr/lib
PATH: /opt/toolchains/crosstools-aarch64-gcc-9.2-linux-4.19-glibc-2.30-binutils-2.32/bin
PATH: /opt/toolchains/crosstools-arm-gcc-10.3-linux-4.19-glibc-2.32-binutils-2.36.1/bin
PATH: /opt/toolchains/crosstools-aarch64-gcc-10.3-linux-4.19-glibc-2.32-binutils-2.36.1/bin
PATH: /opt/openwrt-gcc463.arm/bin
PATH: /opt/openwrt-gcc463.mips.mesh/bin
PATH: /opt/openwrt-gcc520_musl.aarch64/bin
PATH: /opt/openwrt-gcc840_musl.aarch64/bin


## ----------- ##
## Core tests. ##
## ----------- ##

configure:1721: checking for mipsel-linux-gcc
configure:1748: result: /opt/lede-toolchain-ramips-mt7621_gcc-5.4.0_musl-1.1.24.Linux-x86_64/toolchain-mipsel_24kc_gcc-5.4.0_musl-1.1.24/bin/mipsel-openwrt-linux-musl-gcc
configure:2026: checking for C compiler version
configure:2033: /opt/lede-toolchain-ramips-mt7621_gcc-5.4.0_musl-1.1.24.Linux-x86_64/toolchain-mipsel_24kc_gcc-5.4.0_musl-1.1.24/bin/mipsel-openwrt-linux-musl-gcc --version >&5
mipsel-openwrt-linux-musl-gcc.bin (LEDE GCC 5.4.0 unknown) 5.4.0
Copyright (C) 2015 Free Software Foundation, Inc.
This is free software; see the source for copying conditions.  There is NO
warranty; not even for MERCHANTABILITY or FITNESS FOR A PARTICULAR PURPOSE.

configure:2036: $? = 0
configure:2043: /opt/lede-toolchain-ramips-mt7621_gcc-5.4.0_musl-1.1.24.Linux-x86_64/toolchain-mipsel_24kc_gcc-5.4.0_musl-1.1.24/bin/mipsel-openwrt-linux-musl-gcc -v >&5
Reading specs from /opt/lede-toolchain-ramips-mt7621_gcc-5.4.0_musl-1.1.24.Linux-x86_64/toolchain-mipsel_24kc_gcc-5.4.0_musl-1.1.24/bin/../lib/gcc/mipsel-openwrt-linux-musl/5.4.0/specs
COLLECT_GCC=mipsel-openwrt-linux-musl-gcc.bin
COLLECT_LTO_WRAPPER=/opt/lede-toolchain-ramips-mt7621_gcc-5.4.0_musl-1.1.24.Linux-x86_64/toolchain-mipsel_24kc_gcc-5.4.0_musl-1.1.24/bin/../libexec/gcc/mipsel-openwrt-linux-musl/5.4.0/lto-wrapper
Target: mipsel-openwrt-linux-musl
Configured with: /data2/heidi_wen/SW4_git/OpenWRT_4210_20230308/mtk-openwrt-lede-4.2.1.0/build_dir/toolchain-mipsel_24kc_gcc-5.4.0_musl-1.1.24/gcc-5.4.0/configure --with-bugurl=http://www.lede-project.org/bugs/ --with-pkgversion='LEDE GCC 5.4.0 unknown' --prefix=/data2/heidi_wen/SW4_git/OpenWRT_4210_20230308/mtk-openwrt-lede-4.2.1.0/staging_dir/toolchain-mipsel_24kc_gcc-5.4.0_musl-1.1.24 --build=x86_64-linux-gnu --host=x86_64-linux-gnu --target=mipsel-openwrt-linux-musl --with-gnu-ld --enable-target-optspace --disable-libgomp --disable-libmudflap --disable-multilib --disable-libmpx --disable-nls --without-isl --without-cloog --with-host-libstdcxx=-lstdc++ --with-float=soft --with-gmp=/data2/heidi_wen/SW4_git/OpenWRT_4210_20230308/mtk-openwrt-lede-4.2.1.0/staging_dir/host --with-mpfr=/data2/heidi_wen/SW4_git/OpenWRT_4210_20230308/mtk-openwrt-lede-4.2.1.0/staging_dir/host --with-mpc=/data2/heidi_wen/SW4_git/OpenWRT_4210_20230308/mtk-openwrt-lede-4.2.1.0/staging_dir/host --disable-decimal-float --with-mips-plt --with-diagnostics-color=auto-if-env --disable-libssp --enable-__cxa_atexit --with-headers=/data2/heidi_wen/SW4_git/OpenWRT_4210_20230308/mtk-openwrt-lede-4.2.1.0/staging_dir/toolchain-mipsel_24kc_gcc-5.4.0_musl-1.1.24/include --disable-libsanitizer --enable-languages=c,c++ --enable-shared --enable-threads --with-slibdir=/data2/heidi_wen/SW4_git/OpenWRT_4210_20230308/mtk-openwrt-lede-4.2.1.0/staging_dir/toolchain-mipsel_24kc_gcc-5.4.0_musl-1.1.24/lib --enable-lto --with-libelf=/data2/heidi_wen/SW4_git/OpenWRT_4210_20230308/mtk-openwrt-lede-4.2.1.0/staging_dir/host
Thread model: posix
gcc version 5.4.0 (LEDE GCC 5.4.0 unknown) 
COMPILER_PATH=/opt/lede-toolchain-ramips-mt7621_gcc-5.4.0_musl-1.1.24.Linux-x86_64/toolchain-mipsel_24kc_gcc-5.4.0_musl-1.1.24/bin/../libexec/gcc/mipsel-openwrt-linux-musl/5.4.0/:/opt/lede-toolchain-ramips-mt7621_gcc-5.4.0_musl-1.1.24.Linux-x86_64/toolchain-mipsel_24kc_gcc-5.4.0_musl-1.1.24/bin/../libexec/gcc/:/opt/lede-toolchain-ramips-mt7621_gcc-5.4.0_musl-1.1.24.Linux-x86_64/toolchain-mipsel_24kc_gcc-5.4.0_musl-1.1.24/bin/../lib/gcc/mipsel-openwrt-linux-musl/5.4.0/../../../../mipsel-openwrt-linux-musl/bin/
LIBRARY_PATH=/opt/lede-toolchain-ramips-mt7621_gcc-5.4.0_musl-1.1.24.Linux-x86_64/toolchain-mipsel_24kc_gcc-5.4.0_musl-1.1.24/bin/../lib/gcc/mipsel-openwrt-linux-musl/5.4.0/:/opt/lede-toolchain-ramips-mt7621_gcc-5.4.0_musl-1.1.24.Linux-x86_64/toolchain-mipsel_24kc_gcc-5.4.0_musl-1.1.24/bin/../lib/gcc/:/opt/lede-toolchain-ramips-mt7621_gcc-5.4.0_musl-1.1.24.Linux-x86_64/toolchain-mipsel_24kc_gcc-5.4.0_musl-1.1.24/bin/../lib/gcc/mipsel-openwrt-linux-musl/5.4.0/../../../../mipsel-openwrt-linux-musl/lib/
COLLECT_GCC_OPTIONS='-v' '-msoft-float' '-mllsc' '-mplt' '-mno-shared' '-EL' '-mabi=32'
 /opt/lede-toolchain-ramips-mt7621_gcc-5.4.0_musl-1.1.24.Linux-x86_64/toolchain-mipsel_24kc_gcc-5.4.0_musl-1.1.24/bin/../libexec/gcc/mipsel-openwrt-linux-musl/5.4.0/collect2 -plugin /opt/lede-toolchain-ramips-mt7621_gcc-5.4.0_musl-1.1.24.Linux-x86_64/toolchain-mipsel_24kc_gcc-5.4.0_musl-1.1.24/bin/../libexec/gcc/mipsel-openwrt-linux-musl/5.4.0/liblto_plugin.so -plugin-opt=/opt/lede-toolchain-ramips-mt7621_gcc-5.4.0_musl-1.1.24.Linux-x86_64/toolchain-mipsel_24kc_gcc-5.4.0_musl-1.1.24/bin/../libexec/gcc/mipsel-openwrt-linux-musl/5.4.0/lto-wrapper -plugin-opt=-fresolution=/tmp/ccY0x9aW.res -plugin-opt=-pass-through=-lgcc_s -plugin-opt=-pass-through=-lc -plugin-opt=-pass-through=-lgcc_s --sysroot=/opt/lede-toolchain-ramips-mt7621_gcc-5.4.0_musl-1.1.24.Linux-x86_64/toolchain-mipsel_24kc_gcc-5.4.0_musl-1.1.24/bin//../.. --eh-frame-hdr -EL -dynamic-linker /lib/ld-musl-mipsel-sf.so.1 -melf32ltsmip /opt/lede-toolchain-ramips-mt7621_gcc-5.4.0_musl-1.1.24.Linux-x86_64/toolchain-mipsel_24kc_gcc-5.4.0_musl-1.1.24/bin/../lib/gcc/mipsel-openwrt-linux-musl/5.4.0/../../../../mipsel-openwrt-linux-musl/lib/crt1.o /opt/lede-toolchain-ramips-mt7621_gcc-5.4.0_musl-1.1.24.Linux-x86_64/toolchain-mipsel_24kc_gcc-5.4.0_musl-1.1.24/bin/../lib/gcc/mipsel-openwrt-linux-musl/5.4.0/../../../../mipsel-openwrt-linux-musl/lib/crti.o /opt/lede-toolchain-ramips-mt7621_gcc-5.4.0_musl-1.1.24.Linux-x86_64/toolchain-mipsel_24kc_gcc-5.4.0_musl-1.1.24/bin/../lib/gcc/mipsel-openwrt-linux-musl/5.4.0/crtbegin.o -L /opt/lede-toolchain-ramips-mt7621_gcc-5.4.0_musl-1.1.24.Linux-x86_64/toolchain-mipsel_24kc_gcc-5.4.0_musl-1.1.24/usr/lib -rpath-link /opt/lede-toolchain-ramips-mt7621_gcc-5.4.0_musl-1.1.24.Linux-x86_64/toolchain-mipsel_24kc_gcc-5.4.0_musl-1.1.24/usr/lib -L/opt/lede-toolchain-ramips-mt7621_gcc-5.4.0_musl-1.1.24.Linux-x86_64/toolchain-mipsel_24kc_gcc-5.4.0_musl-1.1.24/bin/../lib/gcc/mipsel-openwrt-linux-musl/5.4.0 -L/opt/lede-toolchain-ramips-mt7621_gcc-5.4.0_musl-1.1.24.Linux-x86_64/toolchain-mipsel_24kc_gcc-5.4.0_musl-1.1.24/bin/../lib/gcc -L/opt/lede-toolchain-ramips-mt7621_gcc-5.4.0_musl-1.1.24.Linux-x86_64/toolchain-mipsel_24kc_gcc-5.4.0_musl-1.1.24/bin/../lib/gcc/mipsel-openwrt-linux-musl/5.4.0/../../../../mipsel-openwrt-linux-musl/lib -rpath=/opt/lede-toolchain-ramips-mt7621_gcc-5.4.0_musl-1.1.24.Linux-x86_64/toolchain-mipsel_24kc_gcc-5.4.0_musl-1.1.24/bin//../../lib:/opt/lede-toolchain-ramips-mt7621_gcc-5.4.0_musl-1.1.24.Linux-x86_64/toolchain-mipsel_24kc_gcc-5.4.0_musl-1.1.24/bin//../../usr/lib -lssp_nonshared -lgcc_s -lc -lgcc_s /opt/lede-toolchain-ramips-mt7621_gcc-5.4.0_musl-1.1.24.Linux-x86_64/toolchain-mipsel_24kc_gcc-5.4.0_musl-1.1.24/bin/../lib/gcc/mipsel-openwrt-linux-musl/5.4.0/crtend.o /opt/lede-toolchain-ramips-mt7621_gcc-5.4.0_musl-1.1.24.Linux-x86_64/toolchain-mipsel_24kc_gcc-5.4.0_musl-1.1.24/bin/../lib/gcc/mipsel-openwrt-linux-musl/5.4.0/../../../../mipsel-openwrt-linux-musl/lib/crtn.o
/opt/lede-toolchain-ramips-mt7621_gcc-5.4.0_musl-1.1.24.Linux-x86_64/toolchain-mipsel_24kc_gcc-5.4.0_musl-1.1.24/bin/../lib/gcc/mipsel-openwrt-linux-musl/5.4.0/../../../../mipsel-openwrt-linux-musl/lib/crt1.o: In function `_start_c':
/data2/heidi_wen/SW4_git/OpenWRT_4210_20230308/mtk-openwrt-lede-4.2.1.0/build_dir/toolchain-mipsel_24kc_gcc-5.4.0_musl-1.1.24/musl-1.1.24/crt/crt1.c:18: undefined reference to `main'
/data2/heidi_wen/SW4_git/OpenWRT_4210_20230308/mtk-openwrt-lede-4.2.1.0/build_dir/toolchain-mipsel_24kc_gcc-5.4.0_musl-1.1.24/musl-1.1.24/crt/crt1.c:18: undefined reference to `main'
collect2: error: ld returned 1 exit status
configure:2046: $? = 1
configure:2053: /opt/lede-toolchain-ramips-mt7621_gcc-5.4.0_musl-1.1.24.Linux-x86_64/toolchain-mipsel_24kc_gcc-5.4.0_musl-1.1.24/bin/mipsel-openwrt-linux-musl-gcc -V >&5
mipsel-openwrt-linux-musl-gcc.bin: error: unrecognized command line option '-V'
configure:2056: $? = 1
configure:2108: 
configure:2111: $? = 0
configure:2149: result: 
configure: failed program was:
| /* confdefs.h.  */
| #define PACKAGE_NAME "email"
| #define PACKAGE_TARNAME "email"
| #define PACKAGE_VERSION "3.1.3"
| #define PACKAGE_STRING "email 3.1.3"
| #define PACKAGE_BUGREPORT "<deanjones@cleancode.org>"
| #define _GNU_SOURCE 1
| /* end confdefs.h.  */
| 
| int
| main ()
| {
| 
|   ;
|   return 0;
| }
configure:2168: checking whether the C compiler works
configure:2198: result: yes
configure:2205: checking whether we are cross compiling
configure:2207: result: yes
configure:2209: checking for suffix of executables
configure:2216: /opt/lede-toolchain-ramips-mt7621_gcc-5.4.0_musl-1.1.24.Linux-x86_64/toolchain-mipsel_24kc_gcc-5.4.0_musl-1.1.24/bin/mipsel-openwrt-linux-musl-gcc -o conftest -Os -Wall -I/repo/Pass_GPL/asuswrt/release/src-ra-openwrt-4210/router/mipsel-musl/stage/usr/include -I/repo/Pass_GPL/asuswrt/release/src-ra-openwrt-4210/router/nt_center/lib -I/repo/Pass_GPL/asuswrt/release/src-ra-openwrt-4210/router/sqlite -DRTCONFIG_NOTIFICATION_CENTER  -L/repo/Pass_GPL/asuswrt/release/src-ra-openwrt-4210/router/mipsel-musl/stage/usr/lib -L/repo/Pass_GPL/asuswrt/release/src-ra-openwrt-4210/router/nt_center/lib -L/repo/Pass_GPL/asuswrt/release/src-ra-openwrt-4210/router/sqlite/.libs conftest.c -lnt -lsqlite3 -lpthread -lcrypto -lssl  >&5
configure:2219: $? = 0
configure:2246: result: 
configure:2252: checking for suffix of object files
configure:2278: /opt/lede-toolchain-ramips-mt7621_gcc-5.4.0_musl-1.1.24.Linux-x86_64/toolchain-mipsel_24kc_gcc-5.4.0_musl-1.1.24/bin/mipsel-openwrt-linux-musl-gcc -c -Os -Wall -I/repo/Pass_GPL/asuswrt/release/src-ra-openwrt-4210/router/mipsel-musl/stage/usr/include -I/repo/Pass_GPL/asuswrt/release/src-ra-openwrt-4210/router/nt_center/lib -I/repo/Pass_GPL/asuswrt/release/src-ra-openwrt-4210/router/sqlite -DRTCONFIG_NOTIFICATION_CENTER  conftest.c >&5
configure:2281: $? = 0
configure:2304: result: o
configure:2308: checking whether we are using the GNU C compiler
configure:2337: /opt/lede-toolchain-ramips-mt7621_gcc-5.4.0_musl-1.1.24.Linux-x86_64/toolchain-mipsel_24kc_gcc-5.4.0_musl-1.1.24/bin/mipsel-openwrt-linux-musl-gcc -c -Os -Wall -I/repo/Pass_GPL/asuswrt/release/src-ra-openwrt-4210/router/mipsel-musl/stage/usr/include -I/repo/Pass_GPL/asuswrt/release/src-ra-openwrt-4210/router/nt_center/lib -I/repo/Pass_GPL/asuswrt/release/src-ra-openwrt-4210/router/sqlite -DRTCONFIG_NOTIFICATION_CENTER  conftest.c >&5
configure:2343: $? = 0
configure:2360: result: yes
configure:2365: checking whether /opt/lede-toolchain-ramips-mt7621_gcc-5.4.0_musl-1.1.24.Linux-x86_64/toolchain-mipsel_24kc_gcc-5.4.0_musl-1.1.24/bin/mipsel-openwrt-linux-musl-gcc accepts -g
configure:2395: /opt/lede-toolchain-ramips-mt7621_gcc-5.4.0_musl-1.1.24.Linux-x86_64/toolchain-mipsel_24kc_gcc-5.4.0_musl-1.1.24/bin/mipsel-openwrt-linux-musl-gcc -c -g  conftest.c >&5
configure:2401: $? = 0
configure:2500: result: yes
configure:2517: checking for /opt/lede-toolchain-ramips-mt7621_gcc-5.4.0_musl-1.1.24.Linux-x86_64/toolchain-mipsel_24kc_gcc-5.4.0_musl-1.1.24/bin/mipsel-openwrt-linux-musl-gcc option to accept ISO C89
configure:2591: /opt/lede-toolchain-ramips-mt7621_gcc-5.4.0_musl-1.1.24.Linux-x86_64/toolchain-mipsel_24kc_gcc-5.4.0_musl-1.1.24/bin/mipsel-openwrt-linux-musl-gcc  -c -Os -Wall -I/repo/Pass_GPL/asuswrt/release/src-ra-openwrt-4210/router/mipsel-musl/stage/usr/include -I/repo/Pass_GPL/asuswrt/release/src-ra-openwrt-4210/router/nt_center/lib -I/repo/Pass_GPL/asuswrt/release/src-ra-openwrt-4210/router/sqlite -DRTCONFIG_NOTIFICATION_CENTER  conftest.c >&5
configure:2597: $? = 0
configure:2620: result: none needed
configure:2638: checking whether make sets $(MAKE)
configure:2659: result: yes
configure:2693: checking for special C compiler options needed for large files
configure:2786: result: no
configure:2792: checking for _FILE_OFFSET_BITS value needed for large files
configure:2827: /opt/lede-toolchain-ramips-mt7621_gcc-5.4.0_musl-1.1.24.Linux-x86_64/toolchain-mipsel_24kc_gcc-5.4.0_musl-1.1.24/bin/mipsel-openwrt-linux-musl-gcc -c -Os -Wall -I/repo/Pass_GPL/asuswrt/release/src-ra-openwrt-4210/router/mipsel-musl/stage/usr/include -I/repo/Pass_GPL/asuswrt/release/src-ra-openwrt-4210/router/nt_center/lib -I/repo/Pass_GPL/asuswrt/release/src-ra-openwrt-4210/router/sqlite -DRTCONFIG_NOTIFICATION_CENTER  conftest.c >&5
configure:2833: $? = 0
configure:2901: result: no
configure:3042: checking for library containing socket
configure:3083: /opt/lede-toolchain-ramips-mt7621_gcc-5.4.0_musl-1.1.24.Linux-x86_64/toolchain-mipsel_24kc_gcc-5.4.0_musl-1.1.24/bin/mipsel-openwrt-linux-musl-gcc -o conftest -Os -Wall -I/repo/Pass_GPL/asuswrt/release/src-ra-openwrt-4210/router/mipsel-musl/stage/usr/include -I/repo/Pass_GPL/asuswrt/release/src-ra-openwrt-4210/router/nt_center/lib -I/repo/Pass_GPL/asuswrt/release/src-ra-openwrt-4210/router/sqlite -DRTCONFIG_NOTIFICATION_CENTER -Wall -W  -L/repo/Pass_GPL/asuswrt/release/src-ra-openwrt-4210/router/mipsel-musl/stage/usr/lib -L/repo/Pass_GPL/asuswrt/release/src-ra-openwrt-4210/router/nt_center/lib -L/repo/Pass_GPL/asuswrt/release/src-ra-openwrt-4210/router/sqlite/.libs conftest.c -lnt -lsqlite3 -lpthread -lcrypto -lssl  >&5
configure:3089: $? = 0
configure:3117: result: none required
configure:3125: checking for library containing sqrt
configure:3166: /opt/lede-toolchain-ramips-mt7621_gcc-5.4.0_musl-1.1.24.Linux-x86_64/toolchain-mipsel_24kc_gcc-5.4.0_musl-1.1.24/bin/mipsel-openwrt-linux-musl-gcc -o conftest -Os -Wall -I/repo/Pass_GPL/asuswrt/release/src-ra-openwrt-4210/router/mipsel-musl/stage/usr/include -I/repo/Pass_GPL/asuswrt/release/src-ra-openwrt-4210/router/nt_center/lib -I/repo/Pass_GPL/asuswrt/release/src-ra-openwrt-4210/router/sqlite -DRTCONFIG_NOTIFICATION_CENTER -Wall -W  -L/repo/Pass_GPL/asuswrt/release/src-ra-openwrt-4210/router/mipsel-musl/stage/usr/lib -L/repo/Pass_GPL/asuswrt/release/src-ra-openwrt-4210/router/nt_center/lib -L/repo/Pass_GPL/asuswrt/release/src-ra-openwrt-4210/router/sqlite/.libs conftest.c -lnt -lsqlite3 -lpthread -lcrypto -lssl  >&5
conftest.c:16:6: warning: conflicting types for built-in function 'sqrt'
 char sqrt ();
      ^
configure:3172: $? = 0
configure:3200: result: none required
configure:3208: checking for library containing gethostbyname
configure:3249: /opt/lede-toolchain-ramips-mt7621_gcc-5.4.0_musl-1.1.24.Linux-x86_64/toolchain-mipsel_24kc_gcc-5.4.0_musl-1.1.24/bin/mipsel-openwrt-linux-musl-gcc -o conftest -Os -Wall -I/repo/Pass_GPL/asuswrt/release/src-ra-openwrt-4210/router/mipsel-musl/stage/usr/include -I/repo/Pass_GPL/asuswrt/release/src-ra-openwrt-4210/router/nt_center/lib -I/repo/Pass_GPL/asuswrt/release/src-ra-openwrt-4210/router/sqlite -DRTCONFIG_NOTIFICATION_CENTER -Wall -W  -L/repo/Pass_GPL/asuswrt/release/src-ra-openwrt-4210/router/mipsel-musl/stage/usr/lib -L/repo/Pass_GPL/asuswrt/release/src-ra-openwrt-4210/router/nt_center/lib -L/repo/Pass_GPL/asuswrt/release/src-ra-openwrt-4210/router/sqlite/.libs conftest.c -lnt -lsqlite3 -lpthread -lcrypto -lssl  >&5
configure:3255: $? = 0
configure:3283: result: none required
configure:3293: checking for SSL_new in -lssl
configure:3328: /opt/lede-toolchain-ramips-mt7621_gcc-5.4.0_musl-1.1.24.Linux-x86_64/toolchain-mipsel_24kc_gcc-5.4.0_musl-1.1.24/bin/mipsel-openwrt-linux-musl-gcc -o conftest -Os -Wall -I/repo/Pass_GPL/asuswrt/release/src-ra-openwrt-4210/router/mipsel-musl/stage/usr/include -I/repo/Pass_GPL/asuswrt/release/src-ra-openwrt-4210/router/nt_center/lib -I/repo/Pass_GPL/asuswrt/release/src-ra-openwrt-4210/router/sqlite -DRTCONFIG_NOTIFICATION_CENTER -Wall -W  -L/repo/Pass_GPL/asuswrt/release/src-ra-openwrt-4210/router/mipsel-musl/stage/usr/lib -L/repo/Pass_GPL/asuswrt/release/src-ra-openwrt-4210/router/nt_center/lib -L/repo/Pass_GPL/asuswrt/release/src-ra-openwrt-4210/router/sqlite/.libs conftest.c -lssl  -lnt -lsqlite3 -lpthread -lcrypto -lssl  >&5
configure:3334: $? = 0
configure:3355: result: yes
configure:3366: checking for library containing X509_free
configure:3407: /opt/lede-toolchain-ramips-mt7621_gcc-5.4.0_musl-1.1.24.Linux-x86_64/toolchain-mipsel_24kc_gcc-5.4.0_musl-1.1.24/bin/mipsel-openwrt-linux-musl-gcc -o conftest -Os -Wall -I/repo/Pass_GPL/asuswrt/release/src-ra-openwrt-4210/router/mipsel-musl/stage/usr/include -I/repo/Pass_GPL/asuswrt/release/src-ra-openwrt-4210/router/nt_center/lib -I/repo/Pass_GPL/asuswrt/release/src-ra-openwrt-4210/router/sqlite -DRTCONFIG_NOTIFICATION_CENTER -Wall -W  -L/repo/Pass_GPL/asuswrt/release/src-ra-openwrt-4210/router/mipsel-musl/stage/usr/lib -L/repo/Pass_GPL/asuswrt/release/src-ra-openwrt-4210/router/nt_center/lib -L/repo/Pass_GPL/asuswrt/release/src-ra-openwrt-4210/router/sqlite/.libs conftest.c -lnt -lsqlite3 -lpthread -lcrypto -lssl  >&5
configure:3413: $? = 0
configure:3444: result: 
configure:3452: checking for library containing RAND_seed
configure:3493: /opt/lede-toolchain-ramips-mt7621_gcc-5.4.0_musl-1.1.24.Linux-x86_64/toolchain-mipsel_24kc_gcc-5.4.0_musl-1.1.24/bin/mipsel-openwrt-linux-musl-gcc -o conftest -Os -Wall -I/repo/Pass_GPL/asuswrt/release/src-ra-openwrt-4210/router/mipsel-musl/stage/usr/include -I/repo/Pass_GPL/asuswrt/release/src-ra-openwrt-4210/router/nt_center/lib -I/repo/Pass_GPL/asuswrt/release/src-ra-openwrt-4210/router/sqlite -DRTCONFIG_NOTIFICATION_CENTER -Wall -W  -L/repo/Pass_GPL/asuswrt/release/src-ra-openwrt-4210/router/mipsel-musl/stage/usr/lib -L/repo/Pass_GPL/asuswrt/release/src-ra-openwrt-4210/router/nt_center/lib -L/repo/Pass_GPL/asuswrt/release/src-ra-openwrt-4210/router/sqlite/.libs conftest.c  -lnt -lsqlite3 -lpthread -lcrypto -lssl  >&5
configure:3499: $? = 0
configure:3530: result: 
configure:3548: checking how to run the C preprocessor
configure:3588: /opt/lede-toolchain-ramips-mt7621_gcc-5.4.0_musl-1.1.24.Linux-x86_64/toolchain-mipsel_24kc_gcc-5.4.0_musl-1.1.24/bin/mipsel-openwrt-linux-musl-gcc -E  conftest.c
configure:3594: $? = 0
configure:3625: /opt/lede-toolchain-ramips-mt7621_gcc-5.4.0_musl-1.1.24.Linux-x86_64/toolchain-mipsel_24kc_gcc-5.4.0_musl-1.1.24/bin/mipsel-openwrt-linux-musl-gcc -E  conftest.c
conftest.c:10:28: fatal error: ac_nonexistent.h: No such file or directory
compilation terminated.
configure:3631: $? = 1
configure: failed program was:
| /* confdefs.h.  */
| #define PACKAGE_NAME "email"
| #define PACKAGE_TARNAME "email"
| #define PACKAGE_VERSION "3.1.3"
| #define PACKAGE_STRING "email 3.1.3"
| #define PACKAGE_BUGREPORT "<deanjones@cleancode.org>"
| #define _GNU_SOURCE 1
| #define HAVE_LIBSSL 1
| /* end confdefs.h.  */
| #include <ac_nonexistent.h>
configure:3664: result: /opt/lede-toolchain-ramips-mt7621_gcc-5.4.0_musl-1.1.24.Linux-x86_64/toolchain-mipsel_24kc_gcc-5.4.0_musl-1.1.24/bin/mipsel-openwrt-linux-musl-gcc -E
configure:3693: /opt/lede-toolchain-ramips-mt7621_gcc-5.4.0_musl-1.1.24.Linux-x86_64/toolchain-mipsel_24kc_gcc-5.4.0_musl-1.1.24/bin/mipsel-openwrt-linux-musl-gcc -E  conftest.c
configure:3699: $? = 0
configure:3730: /opt/lede-toolchain-ramips-mt7621_gcc-5.4.0_musl-1.1.24.Linux-x86_64/toolchain-mipsel_24kc_gcc-5.4.0_musl-1.1.24/bin/mipsel-openwrt-linux-musl-gcc -E  conftest.c
conftest.c:10:28: fatal error: ac_nonexistent.h: No such file or directory
compilation terminated.
configure:3736: $? = 1
configure: failed program was:
| /* confdefs.h.  */
| #define PACKAGE_NAME "email"
| #define PACKAGE_TARNAME "email"
| #define PACKAGE_VERSION "3.1.3"
| #define PACKAGE_STRING "email 3.1.3"
| #define PACKAGE_BUGREPORT "<deanjones@cleancode.org>"
| #define _GNU_SOURCE 1
| #define HAVE_LIBSSL 1
| /* end confdefs.h.  */
| #include <ac_nonexistent.h>
configure:3774: checking for grep that handles long lines and -e
configure:3848: result: /bin/grep
configure:3853: checking for egrep
configure:3931: result: /bin/grep -E
configure:3936: checking for ANSI C header files
configure:3966: /opt/lede-toolchain-ramips-mt7621_gcc-5.4.0_musl-1.1.24.Linux-x86_64/toolchain-mipsel_24kc_gcc-5.4.0_musl-1.1.24/bin/mipsel-openwrt-linux-musl-gcc -c -Os -Wall -I/repo/Pass_GPL/asuswrt/release/src-ra-openwrt-4210/router/mipsel-musl/stage/usr/include -I/repo/Pass_GPL/asuswrt/release/src-ra-openwrt-4210/router/nt_center/lib -I/repo/Pass_GPL/asuswrt/release/src-ra-openwrt-4210/router/sqlite -DRTCONFIG_NOTIFICATION_CENTER -Wall -W  conftest.c >&5
configure:3972: $? = 0
configure:4100: result: yes
configure:4110: checking for sys/wait.h that is POSIX.1 compatible
configure:4146: /opt/lede-toolchain-ramips-mt7621_gcc-5.4.0_musl-1.1.24.Linux-x86_64/toolchain-mipsel_24kc_gcc-5.4.0_musl-1.1.24/bin/mipsel-openwrt-linux-musl-gcc -c -Os -Wall -I/repo/Pass_GPL/asuswrt/release/src-ra-openwrt-4210/router/mipsel-musl/stage/usr/include -I/repo/Pass_GPL/asuswrt/release/src-ra-openwrt-4210/router/nt_center/lib -I/repo/Pass_GPL/asuswrt/release/src-ra-openwrt-4210/router/sqlite -DRTCONFIG_NOTIFICATION_CENTER -Wall -W  conftest.c >&5
configure:4152: $? = 0
configure:4167: result: yes
configure:4191: checking for sys/types.h
configure:4212: /opt/lede-toolchain-ramips-mt7621_gcc-5.4.0_musl-1.1.24.Linux-x86_64/toolchain-mipsel_24kc_gcc-5.4.0_musl-1.1.24/bin/mipsel-openwrt-linux-musl-gcc -c -Os -Wall -I/repo/Pass_GPL/asuswrt/release/src-ra-openwrt-4210/router/mipsel-musl/stage/usr/include -I/repo/Pass_GPL/asuswrt/release/src-ra-openwrt-4210/router/nt_center/lib -I/repo/Pass_GPL/asuswrt/release/src-ra-openwrt-4210/router/sqlite -DRTCONFIG_NOTIFICATION_CENTER -Wall -W  conftest.c >&5
configure:4218: $? = 0
configure:4234: result: yes
configure:4191: checking for sys/stat.h
configure:4212: /opt/lede-toolchain-ramips-mt7621_gcc-5.4.0_musl-1.1.24.Linux-x86_64/toolchain-mipsel_24kc_gcc-5.4.0_musl-1.1.24/bin/mipsel-openwrt-linux-musl-gcc -c -Os -Wall -I/repo/Pass_GPL/asuswrt/release/src-ra-openwrt-4210/router/mipsel-musl/stage/usr/include -I/repo/Pass_GPL/asuswrt/release/src-ra-openwrt-4210/router/nt_center/lib -I/repo/Pass_GPL/asuswrt/release/src-ra-openwrt-4210/router/sqlite -DRTCONFIG_NOTIFICATION_CENTER -Wall -W  conftest.c >&5
configure:4218: $? = 0
configure:4234: result: yes
configure:4191: checking for stdlib.h
configure:4212: /opt/lede-toolchain-ramips-mt7621_gcc-5.4.0_musl-1.1.24.Linux-x86_64/toolchain-mipsel_24kc_gcc-5.4.0_musl-1.1.24/bin/mipsel-openwrt-linux-musl-gcc -c -Os -Wall -I/repo/Pass_GPL/asuswrt/release/src-ra-openwrt-4210/router/mipsel-musl/stage/usr/include -I/repo/Pass_GPL/asuswrt/release/src-ra-openwrt-4210/router/nt_center/lib -I/repo/Pass_GPL/asuswrt/release/src-ra-openwrt-4210/router/sqlite -DRTCONFIG_NOTIFICATION_CENTER -Wall -W  conftest.c >&5
configure:4218: $? = 0
configure:4234: result: yes
configure:4191: checking for string.h
configure:4212: /opt/lede-toolchain-ramips-mt7621_gcc-5.4.0_musl-1.1.24.Linux-x86_64/toolchain-mipsel_24kc_gcc-5.4.0_musl-1.1.24/bin/mipsel-openwrt-linux-musl-gcc -c -Os -Wall -I/repo/Pass_GPL/asuswrt/release/src-ra-openwrt-4210/router/mipsel-musl/stage/usr/include -I/repo/Pass_GPL/asuswrt/release/src-ra-openwrt-4210/router/nt_center/lib -I/repo/Pass_GPL/asuswrt/release/src-ra-openwrt-4210/router/sqlite -DRTCONFIG_NOTIFICATION_CENTER -Wall -W  conftest.c >&5
configure:4218: $? = 0
configure:4234: result: yes
configure:4191: checking for memory.h
configure:4212: /opt/lede-toolchain-ramips-mt7621_gcc-5.4.0_musl-1.1.24.Linux-x86_64/toolchain-mipsel_24kc_gcc-5.4.0_musl-1.1.24/bin/mipsel-openwrt-linux-musl-gcc -c -Os -Wall -I/repo/Pass_GPL/asuswrt/release/src-ra-openwrt-4210/router/mipsel-musl/stage/usr/include -I/repo/Pass_GPL/asuswrt/release/src-ra-openwrt-4210/router/nt_center/lib -I/repo/Pass_GPL/asuswrt/release/src-ra-openwrt-4210/router/sqlite -DRTCONFIG_NOTIFICATION_CENTER -Wall -W  conftest.c >&5
configure:4218: $? = 0
configure:4234: result: yes
configure:4191: checking for strings.h
configure:4212: /opt/lede-toolchain-ramips-mt7621_gcc-5.4.0_musl-1.1.24.Linux-x86_64/toolchain-mipsel_24kc_gcc-5.4.0_musl-1.1.24/bin/mipsel-openwrt-linux-musl-gcc -c -Os -Wall -I/repo/Pass_GPL/asuswrt/release/src-ra-openwrt-4210/router/mipsel-musl/stage/usr/include -I/repo/Pass_GPL/asuswrt/release/src-ra-openwrt-4210/router/nt_center/lib -I/repo/Pass_GPL/asuswrt/release/src-ra-openwrt-4210/router/sqlite -DRTCONFIG_NOTIFICATION_CENTER -Wall -W  conftest.c >&5
configure:4218: $? = 0
configure:4234: result: yes
configure:4191: checking for inttypes.h
configure:4212: /opt/lede-toolchain-ramips-mt7621_gcc-5.4.0_musl-1.1.24.Linux-x86_64/toolchain-mipsel_24kc_gcc-5.4.0_musl-1.1.24/bin/mipsel-openwrt-linux-musl-gcc -c -Os -Wall -I/repo/Pass_GPL/asuswrt/release/src-ra-openwrt-4210/router/mipsel-musl/stage/usr/include -I/repo/Pass_GPL/asuswrt/release/src-ra-openwrt-4210/router/nt_center/lib -I/repo/Pass_GPL/asuswrt/release/src-ra-openwrt-4210/router/sqlite -DRTCONFIG_NOTIFICATION_CENTER -Wall -W  conftest.c >&5
configure:4218: $? = 0
configure:4234: result: yes
configure:4191: checking for stdint.h
configure:4212: /opt/lede-toolchain-ramips-mt7621_gcc-5.4.0_musl-1.1.24.Linux-x86_64/toolchain-mipsel_24kc_gcc-5.4.0_musl-1.1.24/bin/mipsel-openwrt-linux-musl-gcc -c -Os -Wall -I/repo/Pass_GPL/asuswrt/release/src-ra-openwrt-4210/router/mipsel-musl/stage/usr/include -I/repo/Pass_GPL/asuswrt/release/src-ra-openwrt-4210/router/nt_center/lib -I/repo/Pass_GPL/asuswrt/release/src-ra-openwrt-4210/router/sqlite -DRTCONFIG_NOTIFICATION_CENTER -Wall -W  conftest.c >&5
configure:4218: $? = 0
configure:4234: result: yes
configure:4191: checking for unistd.h
configure:4212: /opt/lede-toolchain-ramips-mt7621_gcc-5.4.0_musl-1.1.24.Linux-x86_64/toolchain-mipsel_24kc_gcc-5.4.0_musl-1.1.24/bin/mipsel-openwrt-linux-musl-gcc -c -Os -Wall -I/repo/Pass_GPL/asuswrt/release/src-ra-openwrt-4210/router/mipsel-musl/stage/usr/include -I/repo/Pass_GPL/asuswrt/release/src-ra-openwrt-4210/router/nt_center/lib -I/repo/Pass_GPL/asuswrt/release/src-ra-openwrt-4210/router/sqlite -DRTCONFIG_NOTIFICATION_CENTER -Wall -W  conftest.c >&5
configure:4218: $? = 0
configure:4234: result: yes
configure:4273: checking arpa/inet.h usability
configure:4290: /opt/lede-toolchain-ramips-mt7621_gcc-5.4.0_musl-1.1.24.Linux-x86_64/toolchain-mipsel_24kc_gcc-5.4.0_musl-1.1.24/bin/mipsel-openwrt-linux-musl-gcc -c -Os -Wall -I/repo/Pass_GPL/asuswrt/release/src-ra-openwrt-4210/router/mipsel-musl/stage/usr/include -I/repo/Pass_GPL/asuswrt/release/src-ra-openwrt-4210/router/nt_center/lib -I/repo/Pass_GPL/asuswrt/release/src-ra-openwrt-4210/router/sqlite -DRTCONFIG_NOTIFICATION_CENTER -Wall -W  conftest.c >&5
configure:4296: $? = 0
configure:4310: result: yes
configure:4314: checking arpa/inet.h presence
configure:4329: /opt/lede-toolchain-ramips-mt7621_gcc-5.4.0_musl-1.1.24.Linux-x86_64/toolchain-mipsel_24kc_gcc-5.4.0_musl-1.1.24/bin/mipsel-openwrt-linux-musl-gcc -E  conftest.c
configure:4335: $? = 0
configure:4349: result: yes
configure:4382: checking for arpa/inet.h
configure:4390: result: yes
configure:4273: checking fcntl.h usability
configure:4290: /opt/lede-toolchain-ramips-mt7621_gcc-5.4.0_musl-1.1.24.Linux-x86_64/toolchain-mipsel_24kc_gcc-5.4.0_musl-1.1.24/bin/mipsel-openwrt-linux-musl-gcc -c -Os -Wall -I/repo/Pass_GPL/asuswrt/release/src-ra-openwrt-4210/router/mipsel-musl/stage/usr/include -I/repo/Pass_GPL/asuswrt/release/src-ra-openwrt-4210/router/nt_center/lib -I/repo/Pass_GPL/asuswrt/release/src-ra-openwrt-4210/router/sqlite -DRTCONFIG_NOTIFICATION_CENTER -Wall -W  conftest.c >&5
configure:4296: $? = 0
configure:4310: result: yes
configure:4314: checking fcntl.h presence
configure:4329: /opt/lede-toolchain-ramips-mt7621_gcc-5.4.0_musl-1.1.24.Linux-x86_64/toolchain-mipsel_24kc_gcc-5.4.0_musl-1.1.24/bin/mipsel-openwrt-linux-musl-gcc -E  conftest.c
configure:4335: $? = 0
configure:4349: result: yes
configure:4382: checking for fcntl.h
configure:4390: result: yes
configure:4273: checking libintl.h usability
configure:4290: /opt/lede-toolchain-ramips-mt7621_gcc-5.4.0_musl-1.1.24.Linux-x86_64/toolchain-mipsel_24kc_gcc-5.4.0_musl-1.1.24/bin/mipsel-openwrt-linux-musl-gcc -c -Os -Wall -I/repo/Pass_GPL/asuswrt/release/src-ra-openwrt-4210/router/mipsel-musl/stage/usr/include -I/repo/Pass_GPL/asuswrt/release/src-ra-openwrt-4210/router/nt_center/lib -I/repo/Pass_GPL/asuswrt/release/src-ra-openwrt-4210/router/sqlite -DRTCONFIG_NOTIFICATION_CENTER -Wall -W  conftest.c >&5
configure:4296: $? = 0
configure:4310: result: yes
configure:4314: checking libintl.h presence
configure:4329: /opt/lede-toolchain-ramips-mt7621_gcc-5.4.0_musl-1.1.24.Linux-x86_64/toolchain-mipsel_24kc_gcc-5.4.0_musl-1.1.24/bin/mipsel-openwrt-linux-musl-gcc -E  conftest.c
configure:4335: $? = 0
configure:4349: result: yes
configure:4382: checking for libintl.h
configure:4390: result: yes
configure:4273: checking netdb.h usability
configure:4290: /opt/lede-toolchain-ramips-mt7621_gcc-5.4.0_musl-1.1.24.Linux-x86_64/toolchain-mipsel_24kc_gcc-5.4.0_musl-1.1.24/bin/mipsel-openwrt-linux-musl-gcc -c -Os -Wall -I/repo/Pass_GPL/asuswrt/release/src-ra-openwrt-4210/router/mipsel-musl/stage/usr/include -I/repo/Pass_GPL/asuswrt/release/src-ra-openwrt-4210/router/nt_center/lib -I/repo/Pass_GPL/asuswrt/release/src-ra-openwrt-4210/router/sqlite -DRTCONFIG_NOTIFICATION_CENTER -Wall -W  conftest.c >&5
configure:4296: $? = 0
configure:4310: result: yes
configure:4314: checking netdb.h presence
configure:4329: /opt/lede-toolchain-ramips-mt7621_gcc-5.4.0_musl-1.1.24.Linux-x86_64/toolchain-mipsel_24kc_gcc-5.4.0_musl-1.1.24/bin/mipsel-openwrt-linux-musl-gcc -E  conftest.c
configure:4335: $? = 0
configure:4349: result: yes
configure:4382: checking for netdb.h
configure:4390: result: yes
configure:4273: checking netinet/in.h usability
configure:4290: /opt/lede-toolchain-ramips-mt7621_gcc-5.4.0_musl-1.1.24.Linux-x86_64/toolchain-mipsel_24kc_gcc-5.4.0_musl-1.1.24/bin/mipsel-openwrt-linux-musl-gcc -c -Os -Wall -I/repo/Pass_GPL/asuswrt/release/src-ra-openwrt-4210/router/mipsel-musl/stage/usr/include -I/repo/Pass_GPL/asuswrt/release/src-ra-openwrt-4210/router/nt_center/lib -I/repo/Pass_GPL/asuswrt/release/src-ra-openwrt-4210/router/sqlite -DRTCONFIG_NOTIFICATION_CENTER -Wall -W  conftest.c >&5
configure:4296: $? = 0
configure:4310: result: yes
configure:4314: checking netinet/in.h presence
configure:4329: /opt/lede-toolchain-ramips-mt7621_gcc-5.4.0_musl-1.1.24.Linux-x86_64/toolchain-mipsel_24kc_gcc-5.4.0_musl-1.1.24/bin/mipsel-openwrt-linux-musl-gcc -E  conftest.c
configure:4335: $? = 0
configure:4349: result: yes
configure:4382: checking for netinet/in.h
configure:4390: result: yes
configure:4263: checking for stdlib.h
configure:4269: result: yes
configure:4263: checking for string.h
configure:4269: result: yes
configure:4263: checking for strings.h
configure:4269: result: yes
configure:4273: checking sys/ioctl.h usability
configure:4290: /opt/lede-toolchain-ramips-mt7621_gcc-5.4.0_musl-1.1.24.Linux-x86_64/toolchain-mipsel_24kc_gcc-5.4.0_musl-1.1.24/bin/mipsel-openwrt-linux-musl-gcc -c -Os -Wall -I/repo/Pass_GPL/asuswrt/release/src-ra-openwrt-4210/router/mipsel-musl/stage/usr/include -I/repo/Pass_GPL/asuswrt/release/src-ra-openwrt-4210/router/nt_center/lib -I/repo/Pass_GPL/asuswrt/release/src-ra-openwrt-4210/router/sqlite -DRTCONFIG_NOTIFICATION_CENTER -Wall -W  conftest.c >&5
configure:4296: $? = 0
configure:4310: result: yes
configure:4314: checking sys/ioctl.h presence
configure:4329: /opt/lede-toolchain-ramips-mt7621_gcc-5.4.0_musl-1.1.24.Linux-x86_64/toolchain-mipsel_24kc_gcc-5.4.0_musl-1.1.24/bin/mipsel-openwrt-linux-musl-gcc -E  conftest.c
configure:4335: $? = 0
configure:4349: result: yes
configure:4382: checking for sys/ioctl.h
configure:4390: result: yes
configure:4273: checking sys/socket.h usability
configure:4290: /opt/lede-toolchain-ramips-mt7621_gcc-5.4.0_musl-1.1.24.Linux-x86_64/toolchain-mipsel_24kc_gcc-5.4.0_musl-1.1.24/bin/mipsel-openwrt-linux-musl-gcc -c -Os -Wall -I/repo/Pass_GPL/asuswrt/release/src-ra-openwrt-4210/router/mipsel-musl/stage/usr/include -I/repo/Pass_GPL/asuswrt/release/src-ra-openwrt-4210/router/nt_center/lib -I/repo/Pass_GPL/asuswrt/release/src-ra-openwrt-4210/router/sqlite -DRTCONFIG_NOTIFICATION_CENTER -Wall -W  conftest.c >&5
configure:4296: $? = 0
configure:4310: result: yes
configure:4314: checking sys/socket.h presence
configure:4329: /opt/lede-toolchain-ramips-mt7621_gcc-5.4.0_musl-1.1.24.Linux-x86_64/toolchain-mipsel_24kc_gcc-5.4.0_musl-1.1.24/bin/mipsel-openwrt-linux-musl-gcc -E  conftest.c
configure:4335: $? = 0
configure:4349: result: yes
configure:4382: checking for sys/socket.h
configure:4390: result: yes
configure:4273: checking sys/time.h usability
configure:4290: /opt/lede-toolchain-ramips-mt7621_gcc-5.4.0_musl-1.1.24.Linux-x86_64/toolchain-mipsel_24kc_gcc-5.4.0_musl-1.1.24/bin/mipsel-openwrt-linux-musl-gcc -c -Os -Wall -I/repo/Pass_GPL/asuswrt/release/src-ra-openwrt-4210/router/mipsel-musl/stage/usr/include -I/repo/Pass_GPL/asuswrt/release/src-ra-openwrt-4210/router/nt_center/lib -I/repo/Pass_GPL/asuswrt/release/src-ra-openwrt-4210/router/sqlite -DRTCONFIG_NOTIFICATION_CENTER -Wall -W  conftest.c >&5
configure:4296: $? = 0
configure:4310: result: yes
configure:4314: checking sys/time.h presence
configure:4329: /opt/lede-toolchain-ramips-mt7621_gcc-5.4.0_musl-1.1.24.Linux-x86_64/toolchain-mipsel_24kc_gcc-5.4.0_musl-1.1.24/bin/mipsel-openwrt-linux-musl-gcc -E  conftest.c
configure:4335: $? = 0
configure:4349: result: yes
configure:4382: checking for sys/time.h
configure:4390: result: yes
configure:4273: checking termios.h usability
configure:4290: /opt/lede-toolchain-ramips-mt7621_gcc-5.4.0_musl-1.1.24.Linux-x86_64/toolchain-mipsel_24kc_gcc-5.4.0_musl-1.1.24/bin/mipsel-openwrt-linux-musl-gcc -c -Os -Wall -I/repo/Pass_GPL/asuswrt/release/src-ra-openwrt-4210/router/mipsel-musl/stage/usr/include -I/repo/Pass_GPL/asuswrt/release/src-ra-openwrt-4210/router/nt_center/lib -I/repo/Pass_GPL/asuswrt/release/src-ra-openwrt-4210/router/sqlite -DRTCONFIG_NOTIFICATION_CENTER -Wall -W  conftest.c >&5
configure:4296: $? = 0
configure:4310: result: yes
configure:4314: checking termios.h presence
configure:4329: /opt/lede-toolchain-ramips-mt7621_gcc-5.4.0_musl-1.1.24.Linux-x86_64/toolchain-mipsel_24kc_gcc-5.4.0_musl-1.1.24/bin/mipsel-openwrt-linux-musl-gcc -E  conftest.c
configure:4335: $? = 0
configure:4349: result: yes
configure:4382: checking for termios.h
configure:4390: result: yes
configure:4263: checking for unistd.h
configure:4269: result: yes
configure:4405: checking whether time.h and sys/time.h may both be included
configure:4435: /opt/lede-toolchain-ramips-mt7621_gcc-5.4.0_musl-1.1.24.Linux-x86_64/toolchain-mipsel_24kc_gcc-5.4.0_musl-1.1.24/bin/mipsel-openwrt-linux-musl-gcc -c -Os -Wall -I/repo/Pass_GPL/asuswrt/release/src-ra-openwrt-4210/router/mipsel-musl/stage/usr/include -I/repo/Pass_GPL/asuswrt/release/src-ra-openwrt-4210/router/nt_center/lib -I/repo/Pass_GPL/asuswrt/release/src-ra-openwrt-4210/router/sqlite -DRTCONFIG_NOTIFICATION_CENTER -Wall -W  conftest.c >&5
configure:4441: $? = 0
configure:4456: result: yes
configure:4466: checking whether struct tm is in sys/time.h or time.h
configure:4496: /opt/lede-toolchain-ramips-mt7621_gcc-5.4.0_musl-1.1.24.Linux-x86_64/toolchain-mipsel_24kc_gcc-5.4.0_musl-1.1.24/bin/mipsel-openwrt-linux-musl-gcc -c -Os -Wall -I/repo/Pass_GPL/asuswrt/release/src-ra-openwrt-4210/router/mipsel-musl/stage/usr/include -I/repo/Pass_GPL/asuswrt/release/src-ra-openwrt-4210/router/nt_center/lib -I/repo/Pass_GPL/asuswrt/release/src-ra-openwrt-4210/router/sqlite -DRTCONFIG_NOTIFICATION_CENTER -Wall -W  conftest.c >&5
configure:4502: $? = 0
configure:4517: result: time.h
configure:4529: checking for pid_t
configure:4559: /opt/lede-toolchain-ramips-mt7621_gcc-5.4.0_musl-1.1.24.Linux-x86_64/toolchain-mipsel_24kc_gcc-5.4.0_musl-1.1.24/bin/mipsel-openwrt-linux-musl-gcc -c -Os -Wall -I/repo/Pass_GPL/asuswrt/release/src-ra-openwrt-4210/router/mipsel-musl/stage/usr/include -I/repo/Pass_GPL/asuswrt/release/src-ra-openwrt-4210/router/nt_center/lib -I/repo/Pass_GPL/asuswrt/release/src-ra-openwrt-4210/router/sqlite -DRTCONFIG_NOTIFICATION_CENTER -Wall -W  conftest.c >&5
configure:4565: $? = 0
configure:4580: result: yes
configure:4607: checking vfork.h usability
configure:4624: /opt/lede-toolchain-ramips-mt7621_gcc-5.4.0_musl-1.1.24.Linux-x86_64/toolchain-mipsel_24kc_gcc-5.4.0_musl-1.1.24/bin/mipsel-openwrt-linux-musl-gcc -c -Os -Wall -I/repo/Pass_GPL/asuswrt/release/src-ra-openwrt-4210/router/mipsel-musl/stage/usr/include -I/repo/Pass_GPL/asuswrt/release/src-ra-openwrt-4210/router/nt_center/lib -I/repo/Pass_GPL/asuswrt/release/src-ra-openwrt-4210/router/sqlite -DRTCONFIG_NOTIFICATION_CENTER -Wall -W  conftest.c >&5
conftest.c:68:19: fatal error: vfork.h: No such file or directory
compilation terminated.
configure:4630: $? = 1
configure: failed program was:
| /* confdefs.h.  */
| #define PACKAGE_NAME "email"
| #define PACKAGE_TARNAME "email"
| #define PACKAGE_VERSION "3.1.3"
| #define PACKAGE_STRING "email 3.1.3"
| #define PACKAGE_BUGREPORT "<deanjones@cleancode.org>"
| #define _GNU_SOURCE 1
| #define HAVE_LIBSSL 1
| #define STDC_HEADERS 1
| #define HAVE_SYS_WAIT_H 1
| #define HAVE_SYS_TYPES_H 1
| #define HAVE_SYS_STAT_H 1
| #define HAVE_STDLIB_H 1
| #define HAVE_STRING_H 1
| #define HAVE_MEMORY_H 1
| #define HAVE_STRINGS_H 1
| #define HAVE_INTTYPES_H 1
| #define HAVE_STDINT_H 1
| #define HAVE_UNISTD_H 1
| #define HAVE_ARPA_INET_H 1
| #define HAVE_FCNTL_H 1
| #define HAVE_LIBINTL_H 1
| #define HAVE_NETDB_H 1
| #define HAVE_NETINET_IN_H 1
| #define HAVE_STDLIB_H 1
| #define HAVE_STRING_H 1
| #define HAVE_STRINGS_H 1
| #define HAVE_SYS_IOCTL_H 1
| #define HAVE_SYS_SOCKET_H 1
| #define HAVE_SYS_TIME_H 1
| #define HAVE_TERMIOS_H 1
| #define HAVE_UNISTD_H 1
| #define TIME_WITH_SYS_TIME 1
| /* end confdefs.h.  */
| #include <stdio.h>
| #ifdef HAVE_SYS_TYPES_H
| # include <sys/types.h>
| #endif
| #ifdef HAVE_SYS_STAT_H
| # include <sys/stat.h>
| #endif
| #ifdef STDC_HEADERS
| # include <stdlib.h>
| # include <stddef.h>
| #else
| # ifdef HAVE_STDLIB_H
| #  include <stdlib.h>
| # endif
| #endif
| #ifdef HAVE_STRING_H
| # if !defined STDC_HEADERS && defined HAVE_MEMORY_H
| #  include <memory.h>
| # endif
| # include <string.h>
| #endif
| #ifdef HAVE_STRINGS_H
| # include <strings.h>
| #endif
| #ifdef HAVE_INTTYPES_H
| # include <inttypes.h>
| #endif
| #ifdef HAVE_STDINT_H
| # include <stdint.h>
| #endif
| #ifdef HAVE_UNISTD_H
| # include <unistd.h>
| #endif
| #include <vfork.h>
configure:4644: result: no
configure:4648: checking vfork.h presence
configure:4663: /opt/lede-toolchain-ramips-mt7621_gcc-5.4.0_musl-1.1.24.Linux-x86_64/toolchain-mipsel_24kc_gcc-5.4.0_musl-1.1.24/bin/mipsel-openwrt-linux-musl-gcc -E  conftest.c
conftest.c:35:19: fatal error: vfork.h: No such file or directory
compilation terminated.
configure:4669: $? = 1
configure: failed program was:
| /* confdefs.h.  */
| #define PACKAGE_NAME "email"
| #define PACKAGE_TARNAME "email"
| #define PACKAGE_VERSION "3.1.3"
| #define PACKAGE_STRING "email 3.1.3"
| #define PACKAGE_BUGREPORT "<deanjones@cleancode.org>"
| #define _GNU_SOURCE 1
| #define HAVE_LIBSSL 1
| #define STDC_HEADERS 1
| #define HAVE_SYS_WAIT_H 1
| #define HAVE_SYS_TYPES_H 1
| #define HAVE_SYS_STAT_H 1
| #define HAVE_STDLIB_H 1
| #define HAVE_STRING_H 1
| #define HAVE_MEMORY_H 1
| #define HAVE_STRINGS_H 1
| #define HAVE_INTTYPES_H 1
| #define HAVE_STDINT_H 1
| #define HAVE_UNISTD_H 1
| #define HAVE_ARPA_INET_H 1
| #define HAVE_FCNTL_H 1
| #define HAVE_LIBINTL_H 1
| #define HAVE_NETDB_H 1
| #define HAVE_NETINET_IN_H 1
| #define HAVE_STDLIB_H 1
| #define HAVE_STRING_H 1
| #define HAVE_STRINGS_H 1
| #define HAVE_SYS_IOCTL_H 1
| #define HAVE_SYS_SOCKET_H 1
| #define HAVE_SYS_TIME_H 1
| #define HAVE_TERMIOS_H 1
| #define HAVE_UNISTD_H 1
| #define TIME_WITH_SYS_TIME 1
| /* end confdefs.h.  */
| #include <vfork.h>
configure:4683: result: no
configure:4716: checking for vfork.h
configure:4724: result: no
configure:4742: checking for fork
configure:4798: /opt/lede-toolchain-ramips-mt7621_gcc-5.4.0_musl-1.1.24.Linux-x86_64/toolchain-mipsel_24kc_gcc-5.4.0_musl-1.1.24/bin/mipsel-openwrt-linux-musl-gcc -o conftest -Os -Wall -I/repo/Pass_GPL/asuswrt/release/src-ra-openwrt-4210/router/mipsel-musl/stage/usr/include -I/repo/Pass_GPL/asuswrt/release/src-ra-openwrt-4210/router/nt_center/lib -I/repo/Pass_GPL/asuswrt/release/src-ra-openwrt-4210/router/sqlite -DRTCONFIG_NOTIFICATION_CENTER -Wall -W  -L/repo/Pass_GPL/asuswrt/release/src-ra-openwrt-4210/router/mipsel-musl/stage/usr/lib -L/repo/Pass_GPL/asuswrt/release/src-ra-openwrt-4210/router/nt_center/lib -L/repo/Pass_GPL/asuswrt/release/src-ra-openwrt-4210/router/sqlite/.libs conftest.c   -lnt -lsqlite3 -lpthread -lcrypto -lssl  >&5
conftest.c:58:6: warning: conflicting types for built-in function 'fork'
 char fork ();
      ^
configure:4804: $? = 0
configure:4822: result: yes
configure:4742: checking for vfork
configure:4798: /opt/lede-toolchain-ramips-mt7621_gcc-5.4.0_musl-1.1.24.Linux-x86_64/toolchain-mipsel_24kc_gcc-5.4.0_musl-1.1.24/bin/mipsel-openwrt-linux-musl-gcc -o conftest -Os -Wall -I/repo/Pass_GPL/asuswrt/release/src-ra-openwrt-4210/router/mipsel-musl/stage/usr/include -I/repo/Pass_GPL/asuswrt/release/src-ra-openwrt-4210/router/nt_center/lib -I/repo/Pass_GPL/asuswrt/release/src-ra-openwrt-4210/router/sqlite -DRTCONFIG_NOTIFICATION_CENTER -Wall -W  -L/repo/Pass_GPL/asuswrt/release/src-ra-openwrt-4210/router/mipsel-musl/stage/usr/lib -L/repo/Pass_GPL/asuswrt/release/src-ra-openwrt-4210/router/nt_center/lib -L/repo/Pass_GPL/asuswrt/release/src-ra-openwrt-4210/router/sqlite/.libs conftest.c   -lnt -lsqlite3 -lpthread -lcrypto -lssl  >&5
configure:4804: $? = 0
configure:4822: result: yes
configure:4833: checking for working fork
configure:4893: result: cross
configure:4909: WARNING: result yes guessed because of cross compilation
configure:4914: checking for working vfork
configure:5052: result: yes
configure:5084: checking whether /opt/lede-toolchain-ramips-mt7621_gcc-5.4.0_musl-1.1.24.Linux-x86_64/toolchain-mipsel_24kc_gcc-5.4.0_musl-1.1.24/bin/mipsel-openwrt-linux-musl-gcc needs -traditional
conftest.c:39:19: fatal error: sgtty.h: No such file or directory
compilation terminated.
conftest.c:39:20: fatal error: termio.h: No such file or directory
compilation terminated.
configure:5126: result: no
configure:5138: checking for stdlib.h
configure:5144: result: yes
configure:5278: checking for GNU libc compatible malloc
configure:5340: result: no
configure:5373: checking for stdlib.h
configure:5379: result: yes
configure:5513: checking for GNU libc compatible realloc
configure:5575: result: no
configure:5603: checking return type of signal handlers
configure:5631: /opt/lede-toolchain-ramips-mt7621_gcc-5.4.0_musl-1.1.24.Linux-x86_64/toolchain-mipsel_24kc_gcc-5.4.0_musl-1.1.24/bin/mipsel-openwrt-linux-musl-gcc -c -Os -Wall -I/repo/Pass_GPL/asuswrt/release/src-ra-openwrt-4210/router/mipsel-musl/stage/usr/include -I/repo/Pass_GPL/asuswrt/release/src-ra-openwrt-4210/router/nt_center/lib -I/repo/Pass_GPL/asuswrt/release/src-ra-openwrt-4210/router/sqlite -DRTCONFIG_NOTIFICATION_CENTER -Wall -W  conftest.c >&5
conftest.c: In function 'main':
conftest.c:50:9: error: void value not ignored as it ought to be
 return *(signal (0, 0)) (0) == 1;
         ^
configure:5637: $? = 1
configure: failed program was:
| /* confdefs.h.  */
| #define PACKAGE_NAME "email"
| #define PACKAGE_TARNAME "email"
| #define PACKAGE_VERSION "3.1.3"
| #define PACKAGE_STRING "email 3.1.3"
| #define PACKAGE_BUGREPORT "<deanjones@cleancode.org>"
| #define _GNU_SOURCE 1
| #define HAVE_LIBSSL 1
| #define STDC_HEADERS 1
| #define HAVE_SYS_WAIT_H 1
| #define HAVE_SYS_TYPES_H 1
| #define HAVE_SYS_STAT_H 1
| #define HAVE_STDLIB_H 1
| #define HAVE_STRING_H 1
| #define HAVE_MEMORY_H 1
| #define HAVE_STRINGS_H 1
| #define HAVE_INTTYPES_H 1
| #define HAVE_STDINT_H 1
| #define HAVE_UNISTD_H 1
| #define HAVE_ARPA_INET_H 1
| #define HAVE_FCNTL_H 1
| #define HAVE_LIBINTL_H 1
| #define HAVE_NETDB_H 1
| #define HAVE_NETINET_IN_H 1
| #define HAVE_STDLIB_H 1
| #define HAVE_STRING_H 1
| #define HAVE_STRINGS_H 1
| #define HAVE_SYS_IOCTL_H 1
| #define HAVE_SYS_SOCKET_H 1
| #define HAVE_SYS_TIME_H 1
| #define HAVE_TERMIOS_H 1
| #define HAVE_UNISTD_H 1
| #define TIME_WITH_SYS_TIME 1
| #define HAVE_FORK 1
| #define HAVE_VFORK 1
| #define HAVE_WORKING_VFORK 1
| #define HAVE_WORKING_FORK 1
| #define HAVE_STDLIB_H 1
| #define HAVE_MALLOC 0
| #define HAVE_STDLIB_H 1
| #define HAVE_REALLOC 0
| #define realloc rpl_realloc
| /* end confdefs.h.  */
| #include <sys/types.h>
| #include <signal.h>
| 
| int
| main ()
| {
| return *(signal (0, 0)) (0) == 1;
|   ;
|   return 0;
| }
configure:5652: result: void
configure:5660: checking whether lstat dereferences a symlink specified with a trailing slash
configure:5731: result: no
configure:5750: checking whether stat accepts an empty string
configure:5808: result: yes
configure:5828: checking for strftime
configure:5884: /opt/lede-toolchain-ramips-mt7621_gcc-5.4.0_musl-1.1.24.Linux-x86_64/toolchain-mipsel_24kc_gcc-5.4.0_musl-1.1.24/bin/mipsel-openwrt-linux-musl-gcc -o conftest -Os -Wall -I/repo/Pass_GPL/asuswrt/release/src-ra-openwrt-4210/router/mipsel-musl/stage/usr/include -I/repo/Pass_GPL/asuswrt/release/src-ra-openwrt-4210/router/nt_center/lib -I/repo/Pass_GPL/asuswrt/release/src-ra-openwrt-4210/router/sqlite -DRTCONFIG_NOTIFICATION_CENTER -Wall -W  -L/repo/Pass_GPL/asuswrt/release/src-ra-openwrt-4210/router/mipsel-musl/stage/usr/lib -L/repo/Pass_GPL/asuswrt/release/src-ra-openwrt-4210/router/nt_center/lib -L/repo/Pass_GPL/asuswrt/release/src-ra-openwrt-4210/router/sqlite/.libs conftest.c   -lnt -lsqlite3 -lpthread -lcrypto -lssl  >&5
conftest.c:69:6: warning: conflicting types for built-in function 'strftime'
 char strftime ();
      ^
configure:5890: $? = 0
configure:5908: result: yes
configure:5993: checking for vprintf
configure:6049: /opt/lede-toolchain-ramips-mt7621_gcc-5.4.0_musl-1.1.24.Linux-x86_64/toolchain-mipsel_24kc_gcc-5.4.0_musl-1.1.24/bin/mipsel-openwrt-linux-musl-gcc -o conftest -Os -Wall -I/repo/Pass_GPL/asuswrt/release/src-ra-openwrt-4210/router/mipsel-musl/stage/usr/include -I/repo/Pass_GPL/asuswrt/release/src-ra-openwrt-4210/router/nt_center/lib -I/repo/Pass_GPL/asuswrt/release/src-ra-openwrt-4210/router/sqlite -DRTCONFIG_NOTIFICATION_CENTER -Wall -W  -L/repo/Pass_GPL/asuswrt/release/src-ra-openwrt-4210/router/mipsel-musl/stage/usr/lib -L/repo/Pass_GPL/asuswrt/release/src-ra-openwrt-4210/router/nt_center/lib -L/repo/Pass_GPL/asuswrt/release/src-ra-openwrt-4210/router/sqlite/.libs conftest.c   -lnt -lsqlite3 -lpthread -lcrypto -lssl  >&5
conftest.c:70:6: warning: conflicting types for built-in function 'vprintf'
 char vprintf ();
      ^
configure:6055: $? = 0
configure:6073: result: yes
configure:6080: checking for _doprnt
configure:6136: /opt/lede-toolchain-ramips-mt7621_gcc-5.4.0_musl-1.1.24.Linux-x86_64/toolchain-mipsel_24kc_gcc-5.4.0_musl-1.1.24/bin/mipsel-openwrt-linux-musl-gcc -o conftest -Os -Wall -I/repo/Pass_GPL/asuswrt/release/src-ra-openwrt-4210/router/mipsel-musl/stage/usr/include -I/repo/Pass_GPL/asuswrt/release/src-ra-openwrt-4210/router/nt_center/lib -I/repo/Pass_GPL/asuswrt/release/src-ra-openwrt-4210/router/sqlite -DRTCONFIG_NOTIFICATION_CENTER -Wall -W  -L/repo/Pass_GPL/asuswrt/release/src-ra-openwrt-4210/router/mipsel-musl/stage/usr/lib -L/repo/Pass_GPL/asuswrt/release/src-ra-openwrt-4210/router/nt_center/lib -L/repo/Pass_GPL/asuswrt/release/src-ra-openwrt-4210/router/sqlite/.libs conftest.c   -lnt -lsqlite3 -lpthread -lcrypto -lssl  >&5
/tmp/ccALO6NV.o: In function `main':
conftest.c:(.text.startup+0x8): undefined reference to `_doprnt'
collect2: error: ld returned 1 exit status
configure:6142: $? = 1
configure: failed program was:
| /* confdefs.h.  */
| #define PACKAGE_NAME "email"
| #define PACKAGE_TARNAME "email"
| #define PACKAGE_VERSION "3.1.3"
| #define PACKAGE_STRING "email 3.1.3"
| #define PACKAGE_BUGREPORT "<deanjones@cleancode.org>"
| #define _GNU_SOURCE 1
| #define HAVE_LIBSSL 1
| #define STDC_HEADERS 1
| #define HAVE_SYS_WAIT_H 1
| #define HAVE_SYS_TYPES_H 1
| #define HAVE_SYS_STAT_H 1
| #define HAVE_STDLIB_H 1
| #define HAVE_STRING_H 1
| #define HAVE_MEMORY_H 1
| #define HAVE_STRINGS_H 1
| #define HAVE_INTTYPES_H 1
| #define HAVE_STDINT_H 1
| #define HAVE_UNISTD_H 1
| #define HAVE_ARPA_INET_H 1
| #define HAVE_FCNTL_H 1
| #define HAVE_LIBINTL_H 1
| #define HAVE_NETDB_H 1
| #define HAVE_NETINET_IN_H 1
| #define HAVE_STDLIB_H 1
| #define HAVE_STRING_H 1
| #define HAVE_STRINGS_H 1
| #define HAVE_SYS_IOCTL_H 1
| #define HAVE_SYS_SOCKET_H 1
| #define HAVE_SYS_TIME_H 1
| #define HAVE_TERMIOS_H 1
| #define HAVE_UNISTD_H 1
| #define TIME_WITH_SYS_TIME 1
| #define HAVE_FORK 1
| #define HAVE_VFORK 1
| #define HAVE_WORKING_VFORK 1
| #define HAVE_WORKING_FORK 1
| #define HAVE_STDLIB_H 1
| #define HAVE_MALLOC 0
| #define HAVE_STDLIB_H 1
| #define HAVE_REALLOC 0
| #define realloc rpl_realloc
| #define RETSIGTYPE void
| #define HAVE_STAT_EMPTY_STRING_BUG 1
| #define HAVE_STRFTIME 1
| #define HAVE_VPRINTF 1
| /* end confdefs.h.  */
| /* Define _doprnt to an innocuous variant, in case <limits.h> declares _doprnt.
|    For example, HP-UX 11i <limits.h> declares gettimeofday.  */
| #define _doprnt innocuous__doprnt
| 
| /* System header to define __stub macros and hopefully few prototypes,
|     which can conflict with char _doprnt (); below.
|     Prefer <limits.h> to <assert.h> if __STDC__ is defined, since
|     <limits.h> exists even on freestanding compilers.  */
| 
| #ifdef __STDC__
| # include <limits.h>
| #else
| # include <assert.h>
| #endif
| 
| #undef _doprnt
| 
| /* Override any GCC internal prototype to avoid an error.
|    Use char because int might match the return type of a GCC
|    builtin and then its argument prototype would still apply.  */
| #ifdef __cplusplus
| extern "C"
| #endif
| char _doprnt ();
| /* The GNU C library defines this for functions which it implements
|     to always fail with ENOSYS.  Some functions are actually named
|     something starting with __ and the normal name is an alias.  */
| #if defined __stub__doprnt || defined __stub____doprnt
| choke me
| #endif
| 
| int
| main ()
| {
| return _doprnt ();
|   ;
|   return 0;
| }
configure:6159: result: no
configure:6189: checking for gethostbyname
configure:6245: /opt/lede-toolchain-ramips-mt7621_gcc-5.4.0_musl-1.1.24.Linux-x86_64/toolchain-mipsel_24kc_gcc-5.4.0_musl-1.1.24/bin/mipsel-openwrt-linux-musl-gcc -o conftest -Os -Wall -I/repo/Pass_GPL/asuswrt/release/src-ra-openwrt-4210/router/mipsel-musl/stage/usr/include -I/repo/Pass_GPL/asuswrt/release/src-ra-openwrt-4210/router/nt_center/lib -I/repo/Pass_GPL/asuswrt/release/src-ra-openwrt-4210/router/sqlite -DRTCONFIG_NOTIFICATION_CENTER -Wall -W  -L/repo/Pass_GPL/asuswrt/release/src-ra-openwrt-4210/router/mipsel-musl/stage/usr/lib -L/repo/Pass_GPL/asuswrt/release/src-ra-openwrt-4210/router/nt_center/lib -L/repo/Pass_GPL/asuswrt/release/src-ra-openwrt-4210/router/sqlite/.libs conftest.c   -lnt -lsqlite3 -lpthread -lcrypto -lssl  >&5
configure:6251: $? = 0
configure:6269: result: yes
configure:6189: checking for gethostname
configure:6245: /opt/lede-toolchain-ramips-mt7621_gcc-5.4.0_musl-1.1.24.Linux-x86_64/toolchain-mipsel_24kc_gcc-5.4.0_musl-1.1.24/bin/mipsel-openwrt-linux-musl-gcc -o conftest -Os -Wall -I/repo/Pass_GPL/asuswrt/release/src-ra-openwrt-4210/router/mipsel-musl/stage/usr/include -I/repo/Pass_GPL/asuswrt/release/src-ra-openwrt-4210/router/nt_center/lib -I/repo/Pass_GPL/asuswrt/release/src-ra-openwrt-4210/router/sqlite -DRTCONFIG_NOTIFICATION_CENTER -Wall -W  -L/repo/Pass_GPL/asuswrt/release/src-ra-openwrt-4210/router/mipsel-musl/stage/usr/lib -L/repo/Pass_GPL/asuswrt/release/src-ra-openwrt-4210/router/nt_center/lib -L/repo/Pass_GPL/asuswrt/release/src-ra-openwrt-4210/router/sqlite/.libs conftest.c   -lnt -lsqlite3 -lpthread -lcrypto -lssl  >&5
configure:6251: $? = 0
configure:6269: result: yes
configure:6189: checking for getpass
configure:6245: /opt/lede-toolchain-ramips-mt7621_gcc-5.4.0_musl-1.1.24.Linux-x86_64/toolchain-mipsel_24kc_gcc-5.4.0_musl-1.1.24/bin/mipsel-openwrt-linux-musl-gcc -o conftest -Os -Wall -I/repo/Pass_GPL/asuswrt/release/src-ra-openwrt-4210/router/mipsel-musl/stage/usr/include -I/repo/Pass_GPL/asuswrt/release/src-ra-openwrt-4210/router/nt_center/lib -I/repo/Pass_GPL/asuswrt/release/src-ra-openwrt-4210/router/sqlite -DRTCONFIG_NOTIFICATION_CENTER -Wall -W  -L/repo/Pass_GPL/asuswrt/release/src-ra-openwrt-4210/router/mipsel-musl/stage/usr/lib -L/repo/Pass_GPL/asuswrt/release/src-ra-openwrt-4210/router/nt_center/lib -L/repo/Pass_GPL/asuswrt/release/src-ra-openwrt-4210/router/sqlite/.libs conftest.c   -lnt -lsqlite3 -lpthread -lcrypto -lssl  >&5
configure:6251: $? = 0
configure:6269: result: yes
configure:6189: checking for gettimeofday
configure:6245: /opt/lede-toolchain-ramips-mt7621_gcc-5.4.0_musl-1.1.24.Linux-x86_64/toolchain-mipsel_24kc_gcc-5.4.0_musl-1.1.24/bin/mipsel-openwrt-linux-musl-gcc -o conftest -Os -Wall -I/repo/Pass_GPL/asuswrt/release/src-ra-openwrt-4210/router/mipsel-musl/stage/usr/include -I/repo/Pass_GPL/asuswrt/release/src-ra-openwrt-4210/router/nt_center/lib -I/repo/Pass_GPL/asuswrt/release/src-ra-openwrt-4210/router/sqlite -DRTCONFIG_NOTIFICATION_CENTER -Wall -W  -L/repo/Pass_GPL/asuswrt/release/src-ra-openwrt-4210/router/mipsel-musl/stage/usr/lib -L/repo/Pass_GPL/asuswrt/release/src-ra-openwrt-4210/router/nt_center/lib -L/repo/Pass_GPL/asuswrt/release/src-ra-openwrt-4210/router/sqlite/.libs conftest.c   -lnt -lsqlite3 -lpthread -lcrypto -lssl  >&5
configure:6251: $? = 0
configure:6269: result: yes
configure:6189: checking for memset
configure:6245: /opt/lede-toolchain-ramips-mt7621_gcc-5.4.0_musl-1.1.24.Linux-x86_64/toolchain-mipsel_24kc_gcc-5.4.0_musl-1.1.24/bin/mipsel-openwrt-linux-musl-gcc -o conftest -Os -Wall -I/repo/Pass_GPL/asuswrt/release/src-ra-openwrt-4210/router/mipsel-musl/stage/usr/include -I/repo/Pass_GPL/asuswrt/release/src-ra-openwrt-4210/router/nt_center/lib -I/repo/Pass_GPL/asuswrt/release/src-ra-openwrt-4210/router/sqlite -DRTCONFIG_NOTIFICATION_CENTER -Wall -W  -L/repo/Pass_GPL/asuswrt/release/src-ra-openwrt-4210/router/mipsel-musl/stage/usr/lib -L/repo/Pass_GPL/asuswrt/release/src-ra-openwrt-4210/router/nt_center/lib -L/repo/Pass_GPL/asuswrt/release/src-ra-openwrt-4210/router/sqlite/.libs conftest.c   -lnt -lsqlite3 -lpthread -lcrypto -lssl  >&5
conftest.c:75:6: warning: conflicting types for built-in function 'memset'
 char memset ();
      ^
configure:6251: $? = 0
configure:6269: result: yes
configure:6189: checking for putenv
configure:6245: /opt/lede-toolchain-ramips-mt7621_gcc-5.4.0_musl-1.1.24.Linux-x86_64/toolchain-mipsel_24kc_gcc-5.4.0_musl-1.1.24/bin/mipsel-openwrt-linux-musl-gcc -o conftest -Os -Wall -I/repo/Pass_GPL/asuswrt/release/src-ra-openwrt-4210/router/mipsel-musl/stage/usr/include -I/repo/Pass_GPL/asuswrt/release/src-ra-openwrt-4210/router/nt_center/lib -I/repo/Pass_GPL/asuswrt/release/src-ra-openwrt-4210/router/sqlite -DRTCONFIG_NOTIFICATION_CENTER -Wall -W  -L/repo/Pass_GPL/asuswrt/release/src-ra-openwrt-4210/router/mipsel-musl/stage/usr/lib -L/repo/Pass_GPL/asuswrt/release/src-ra-openwrt-4210/router/nt_center/lib -L/repo/Pass_GPL/asuswrt/release/src-ra-openwrt-4210/router/sqlite/.libs conftest.c   -lnt -lsqlite3 -lpthread -lcrypto -lssl  >&5
configure:6251: $? = 0
configure:6269: result: yes
configure:6189: checking for socket
configure:6245: /opt/lede-toolchain-ramips-mt7621_gcc-5.4.0_musl-1.1.24.Linux-x86_64/toolchain-mipsel_24kc_gcc-5.4.0_musl-1.1.24/bin/mipsel-openwrt-linux-musl-gcc -o conftest -Os -Wall -I/repo/Pass_GPL/asuswrt/release/src-ra-openwrt-4210/router/mipsel-musl/stage/usr/include -I/repo/Pass_GPL/asuswrt/release/src-ra-openwrt-4210/router/nt_center/lib -I/repo/Pass_GPL/asuswrt/release/src-ra-openwrt-4210/router/sqlite -DRTCONFIG_NOTIFICATION_CENTER -Wall -W  -L/repo/Pass_GPL/asuswrt/release/src-ra-openwrt-4210/router/mipsel-musl/stage/usr/lib -L/repo/Pass_GPL/asuswrt/release/src-ra-openwrt-4210/router/nt_center/lib -L/repo/Pass_GPL/asuswrt/release/src-ra-openwrt-4210/router/sqlite/.libs conftest.c   -lnt -lsqlite3 -lpthread -lcrypto -lssl  >&5
configure:6251: $? = 0
configure:6269: result: yes
configure:6189: checking for sqrt
configure:6245: /opt/lede-toolchain-ramips-mt7621_gcc-5.4.0_musl-1.1.24.Linux-x86_64/toolchain-mipsel_24kc_gcc-5.4.0_musl-1.1.24/bin/mipsel-openwrt-linux-musl-gcc -o conftest -Os -Wall -I/repo/Pass_GPL/asuswrt/release/src-ra-openwrt-4210/router/mipsel-musl/stage/usr/include -I/repo/Pass_GPL/asuswrt/release/src-ra-openwrt-4210/router/nt_center/lib -I/repo/Pass_GPL/asuswrt/release/src-ra-openwrt-4210/router/sqlite -DRTCONFIG_NOTIFICATION_CENTER -Wall -W  -L/repo/Pass_GPL/asuswrt/release/src-ra-openwrt-4210/router/mipsel-musl/stage/usr/lib -L/repo/Pass_GPL/asuswrt/release/src-ra-openwrt-4210/router/nt_center/lib -L/repo/Pass_GPL/asuswrt/release/src-ra-openwrt-4210/router/sqlite/.libs conftest.c   -lnt -lsqlite3 -lpthread -lcrypto -lssl  >&5
conftest.c:78:6: warning: conflicting types for built-in function 'sqrt'
 char sqrt ();
      ^
configure:6251: $? = 0
configure:6269: result: yes
configure:6189: checking for strcasecmp
configure:6245: /opt/lede-toolchain-ramips-mt7621_gcc-5.4.0_musl-1.1.24.Linux-x86_64/toolchain-mipsel_24kc_gcc-5.4.0_musl-1.1.24/bin/mipsel-openwrt-linux-musl-gcc -o conftest -Os -Wall -I/repo/Pass_GPL/asuswrt/release/src-ra-openwrt-4210/router/mipsel-musl/stage/usr/include -I/repo/Pass_GPL/asuswrt/release/src-ra-openwrt-4210/router/nt_center/lib -I/repo/Pass_GPL/asuswrt/release/src-ra-openwrt-4210/router/sqlite -DRTCONFIG_NOTIFICATION_CENTER -Wall -W  -L/repo/Pass_GPL/asuswrt/release/src-ra-openwrt-4210/router/mipsel-musl/stage/usr/lib -L/repo/Pass_GPL/asuswrt/release/src-ra-openwrt-4210/router/nt_center/lib -L/repo/Pass_GPL/asuswrt/release/src-ra-openwrt-4210/router/sqlite/.libs conftest.c   -lnt -lsqlite3 -lpthread -lcrypto -lssl  >&5
conftest.c:79:6: warning: conflicting types for built-in function 'strcasecmp'
 char strcasecmp ();
      ^
configure:6251: $? = 0
configure:6269: result: yes
configure:6189: checking for strchr
configure:6245: /opt/lede-toolchain-ramips-mt7621_gcc-5.4.0_musl-1.1.24.Linux-x86_64/toolchain-mipsel_24kc_gcc-5.4.0_musl-1.1.24/bin/mipsel-openwrt-linux-musl-gcc -o conftest -Os -Wall -I/repo/Pass_GPL/asuswrt/release/src-ra-openwrt-4210/router/mipsel-musl/stage/usr/include -I/repo/Pass_GPL/asuswrt/release/src-ra-openwrt-4210/router/nt_center/lib -I/repo/Pass_GPL/asuswrt/release/src-ra-openwrt-4210/router/sqlite -DRTCONFIG_NOTIFICATION_CENTER -Wall -W  -L/repo/Pass_GPL/asuswrt/release/src-ra-openwrt-4210/router/mipsel-musl/stage/usr/lib -L/repo/Pass_GPL/asuswrt/release/src-ra-openwrt-4210/router/nt_center/lib -L/repo/Pass_GPL/asuswrt/release/src-ra-openwrt-4210/router/sqlite/.libs conftest.c   -lnt -lsqlite3 -lpthread -lcrypto -lssl  >&5
conftest.c:80:6: warning: conflicting types for built-in function 'strchr'
 char strchr ();
      ^
configure:6251: $? = 0
configure:6269: result: yes
configure:6189: checking for strerror
configure:6245: /opt/lede-toolchain-ramips-mt7621_gcc-5.4.0_musl-1.1.24.Linux-x86_64/toolchain-mipsel_24kc_gcc-5.4.0_musl-1.1.24/bin/mipsel-openwrt-linux-musl-gcc -o conftest -Os -Wall -I/repo/Pass_GPL/asuswrt/release/src-ra-openwrt-4210/router/mipsel-musl/stage/usr/include -I/repo/Pass_GPL/asuswrt/release/src-ra-openwrt-4210/router/nt_center/lib -I/repo/Pass_GPL/asuswrt/release/src-ra-openwrt-4210/router/sqlite -DRTCONFIG_NOTIFICATION_CENTER -Wall -W  -L/repo/Pass_GPL/asuswrt/release/src-ra-openwrt-4210/router/mipsel-musl/stage/usr/lib -L/repo/Pass_GPL/asuswrt/release/src-ra-openwrt-4210/router/nt_center/lib -L/repo/Pass_GPL/asuswrt/release/src-ra-openwrt-4210/router/sqlite/.libs conftest.c   -lnt -lsqlite3 -lpthread -lcrypto -lssl  >&5
configure:6251: $? = 0
configure:6269: result: yes
configure:6189: checking for strrchr
configure:6245: /opt/lede-toolchain-ramips-mt7621_gcc-5.4.0_musl-1.1.24.Linux-x86_64/toolchain-mipsel_24kc_gcc-5.4.0_musl-1.1.24/bin/mipsel-openwrt-linux-musl-gcc -o conftest -Os -Wall -I/repo/Pass_GPL/asuswrt/release/src-ra-openwrt-4210/router/mipsel-musl/stage/usr/include -I/repo/Pass_GPL/asuswrt/release/src-ra-openwrt-4210/router/nt_center/lib -I/repo/Pass_GPL/asuswrt/release/src-ra-openwrt-4210/router/sqlite -DRTCONFIG_NOTIFICATION_CENTER -Wall -W  -L/repo/Pass_GPL/asuswrt/release/src-ra-openwrt-4210/router/mipsel-musl/stage/usr/lib -L/repo/Pass_GPL/asuswrt/release/src-ra-openwrt-4210/router/nt_center/lib -L/repo/Pass_GPL/asuswrt/release/src-ra-openwrt-4210/router/sqlite/.libs conftest.c   -lnt -lsqlite3 -lpthread -lcrypto -lssl  >&5
conftest.c:82:6: warning: conflicting types for built-in function 'strrchr'
 char strrchr ();
      ^
configure:6251: $? = 0
configure:6269: result: yes
configure:6189: checking for uname
configure:6245: /opt/lede-toolchain-ramips-mt7621_gcc-5.4.0_musl-1.1.24.Linux-x86_64/toolchain-mipsel_24kc_gcc-5.4.0_musl-1.1.24/bin/mipsel-openwrt-linux-musl-gcc -o conftest -Os -Wall -I/repo/Pass_GPL/asuswrt/release/src-ra-openwrt-4210/router/mipsel-musl/stage/usr/include -I/repo/Pass_GPL/asuswrt/release/src-ra-openwrt-4210/router/nt_center/lib -I/repo/Pass_GPL/asuswrt/release/src-ra-openwrt-4210/router/sqlite -DRTCONFIG_NOTIFICATION_CENTER -Wall -W  -L/repo/Pass_GPL/asuswrt/release/src-ra-openwrt-4210/router/mipsel-musl/stage/usr/lib -L/repo/Pass_GPL/asuswrt/release/src-ra-openwrt-4210/router/nt_center/lib -L/repo/Pass_GPL/asuswrt/release/src-ra-openwrt-4210/router/sqlite/.libs conftest.c   -lnt -lsqlite3 -lpthread -lcrypto -lssl  >&5
configure:6251: $? = 0
configure:6269: result: yes
configure:6406: creating ./config.status

## ---------------------- ##
## Running config.status. ##
## ---------------------- ##

This file was extended by email config.status 3.1.3, which was
generated by GNU Autoconf 2.61.  Invocation command line was

  CONFIG_FILES    = 
  CONFIG_HEADERS  = 
  CONFIG_LINKS    = 
  CONFIG_COMMANDS = 
  $ ./config.status 

on 820a0eb7ac91

config.status:596: creating Makefile
config.status:596: creating src/Makefile
config.status:596: creating email.help
config.status:596: creating email.1
config.status:596: creating include/config.h

## ---------------- ##
## Cache variables. ##
## ---------------- ##

ac_cv_c_compiler_gnu=yes
ac_cv_env_CC_set=set
ac_cv_env_CC_value=/opt/lede-toolchain-ramips-mt7621_gcc-5.4.0_musl-1.1.24.Linux-x86_64/toolchain-mipsel_24kc_gcc-5.4.0_musl-1.1.24/bin/mipsel-openwrt-linux-musl-gcc
ac_cv_env_CFLAGS_set=set
ac_cv_env_CFLAGS_value='-Os -Wall -I/repo/Pass_GPL/asuswrt/release/src-ra-openwrt-4210/router/mipsel-musl/stage/usr/include -I/repo/Pass_GPL/asuswrt/release/src-ra-openwrt-4210/router/nt_center/lib -I/repo/Pass_GPL/asuswrt/release/src-ra-openwrt-4210/router/sqlite -DRTCONFIG_NOTIFICATION_CENTER'
ac_cv_env_CPPFLAGS_set=
ac_cv_env_CPPFLAGS_value=
ac_cv_env_CPP_set=
ac_cv_env_CPP_value=
ac_cv_env_LDFLAGS_set=set
ac_cv_env_LDFLAGS_value='-L/repo/Pass_GPL/asuswrt/release/src-ra-openwrt-4210/router/mipsel-musl/stage/usr/lib -L/repo/Pass_GPL/asuswrt/release/src-ra-openwrt-4210/router/nt_center/lib -L/repo/Pass_GPL/asuswrt/release/src-ra-openwrt-4210/router/sqlite/.libs'
ac_cv_env_LIBS_set=set
ac_cv_env_LIBS_value='-lnt -lsqlite3 -lpthread -lcrypto -lssl '
ac_cv_env_build_alias_set=set
ac_cv_env_build_alias_value=x86_64-linux-gnu
ac_cv_env_host_alias_set=set
ac_cv_env_host_alias_value=mipsel-linux
ac_cv_env_target_alias_set=
ac_cv_env_target_alias_value=
ac_cv_func__doprnt=no
ac_cv_func_fork=yes
ac_cv_func_fork_works=yes
ac_cv_func_gethostbyname=yes
ac_cv_func_gethostname=yes
ac_cv_func_getpass=yes
ac_cv_func_gettimeofday=yes
ac_cv_func_lstat_dereferences_slashed_symlink=no
ac_cv_func_malloc_0_nonnull=no
ac_cv_func_memset=yes
ac_cv_func_putenv=yes
ac_cv_func_realloc_0_nonnull=no
ac_cv_func_socket=yes
ac_cv_func_sqrt=yes
ac_cv_func_stat_empty_string_bug=yes
ac_cv_func_strcasecmp=yes
ac_cv_func_strchr=yes
ac_cv_func_strerror=yes
ac_cv_func_strftime=yes
ac_cv_func_strrchr=yes
ac_cv_func_uname=yes
ac_cv_func_vfork=yes
ac_cv_func_vfork_works=yes
ac_cv_func_vprintf=yes
ac_cv_header_arpa_inet_h=yes
ac_cv_header_fcntl_h=yes
ac_cv_header_inttypes_h=yes
ac_cv_header_libintl_h=yes
ac_cv_header_memory_h=yes
ac_cv_header_netdb_h=yes
ac_cv_header_netinet_in_h=yes
ac_cv_header_stdc=yes
ac_cv_header_stdint_h=yes
ac_cv_header_stdlib_h=yes
ac_cv_header_string_h=yes
ac_cv_header_strings_h=yes
ac_cv_header_sys_ioctl_h=yes
ac_cv_header_sys_socket_h=yes
ac_cv_header_sys_stat_h=yes
ac_cv_header_sys_time_h=yes
ac_cv_header_sys_types_h=yes
ac_cv_header_sys_wait_h=yes
ac_cv_header_termios_h=yes
ac_cv_header_time=yes
ac_cv_header_unistd_h=yes
ac_cv_header_vfork_h=no
ac_cv_lib_ssl_SSL_new=yes
ac_cv_objext=o
ac_cv_path_EGREP='/bin/grep -E'
ac_cv_path_GREP=/bin/grep
ac_cv_prog_CC=/opt/lede-toolchain-ramips-mt7621_gcc-5.4.0_musl-1.1.24.Linux-x86_64/toolchain-mipsel_24kc_gcc-5.4.0_musl-1.1.24/bin/mipsel-openwrt-linux-musl-gcc
ac_cv_prog_CPP='/opt/lede-toolchain-ramips-mt7621_gcc-5.4.0_musl-1.1.24.Linux-x86_64/toolchain-mipsel_24kc_gcc-5.4.0_musl-1.1.24/bin/mipsel-openwrt-linux-musl-gcc -E'
ac_cv_prog_cc_c89=
ac_cv_prog_cc_g=yes
ac_cv_prog_gcc_traditional=no
ac_cv_prog_make_make_set=yes
ac_cv_search_RAND_seed=
ac_cv_search_X509_free=
ac_cv_search_gethostbyname='none required'
ac_cv_search_socket='none required'
ac_cv_search_sqrt='none required'
ac_cv_struct_tm=time.h
ac_cv_sys_file_offset_bits=no
ac_cv_sys_largefile_CC=no
ac_cv_type_pid_t=yes
ac_cv_type_signal=void

## ----------------- ##
## Output variables. ##
## ----------------- ##

CC='/opt/lede-toolchain-ramips-mt7621_gcc-5.4.0_musl-1.1.24.Linux-x86_64/toolchain-mipsel_24kc_gcc-5.4.0_musl-1.1.24/bin/mipsel-openwrt-linux-musl-gcc'
CFLAGS='-Os -Wall -I/repo/Pass_GPL/asuswrt/release/src-ra-openwrt-4210/router/mipsel-musl/stage/usr/include -I/repo/Pass_GPL/asuswrt/release/src-ra-openwrt-4210/router/nt_center/lib -I/repo/Pass_GPL/asuswrt/release/src-ra-openwrt-4210/router/sqlite -DRTCONFIG_NOTIFICATION_CENTER -Wall -W -DUSE_GNU_STRFTIME -I/repo/Pass_GPL/asuswrt/release/src-ra-openwrt-4210/router/email-3.1.3 -I/repo/Pass_GPL/asuswrt/release/src-ra-openwrt-4210/router/email-3.1.3/src -I/repo/Pass_GPL/asuswrt/release/src-ra-openwrt-4210/router/email-3.1.3/include -I../include -I/repo/Pass_GPL/asuswrt/release/src-ra-openwrt-4210/router/email-3.1.3/dlib/include -I../dlib/include -DEMAIL_VERSION='\''"3.1.3"'\'' -DCOMPILE_DATE='\''"10/31/2010-01:13:35PM_EDT"'\'' -DEMAIL_DIR='\''"/etc/email"'\'''
CPP='/opt/lede-toolchain-ramips-mt7621_gcc-5.4.0_musl-1.1.24.Linux-x86_64/toolchain-mipsel_24kc_gcc-5.4.0_musl-1.1.24/bin/mipsel-openwrt-linux-musl-gcc -E'
CPPFLAGS=''
DEFS='-DHAVE_CONFIG_H'
ECHO_C=''
ECHO_N='-n'
ECHO_T=''
EGREP='/bin/grep -E'
EXEEXT=''
GREP='/bin/grep'
LDFLAGS='-L/repo/Pass_GPL/asuswrt/release/src-ra-openwrt-4210/router/mipsel-musl/stage/usr/lib -L/repo/Pass_GPL/asuswrt/release/src-ra-openwrt-4210/router/nt_center/lib -L/repo/Pass_GPL/asuswrt/release/src-ra-openwrt-4210/router/sqlite/.libs'
LIBOBJS=' ${LIBOBJDIR}malloc$U.o ${LIBOBJDIR}realloc$U.o ${LIBOBJDIR}lstat$U.o ${LIBOBJDIR}stat$U.o'
LIBS='  -lnt -lsqlite3 -lpthread -lcrypto -lssl '
LTLIBOBJS=' ${LIBOBJDIR}malloc$U.lo ${LIBOBJDIR}realloc$U.lo ${LIBOBJDIR}lstat$U.lo ${LIBOBJDIR}stat$U.lo'
OBJEXT='o'
PACKAGE_BUGREPORT='<deanjones@cleancode.org>'
PACKAGE_NAME='email'
PACKAGE_STRING='email 3.1.3'
PACKAGE_TARNAME='email'
PACKAGE_VERSION='3.1.3'
PATH_SEPARATOR=':'
SET_MAKE=''
SHELL='/bin/sh'
ac_ct_CC=''
bindir='${exec_prefix}/bin'
build_alias='x86_64-linux-gnu'
datadir='${datarootdir}'
datarootdir='${prefix}/share'
docdir='${datarootdir}/doc/${PACKAGE_TARNAME}'
dvidir='${docdir}'
exec_prefix='${prefix}'
host_alias='mipsel-linux'
htmldir='${docdir}'
includedir='${prefix}/include'
infodir='${datarootdir}/info'
libdir='${exec_prefix}/lib'
libexecdir='${exec_prefix}/libexec'
localedir='${datarootdir}/locale'
localstatedir='${prefix}/var'
mandir='${datarootdir}/man'
oldincludedir='/usr/include'
pdfdir='${docdir}'
prefix='/usr/local'
program_transform_name='s,x,x,'
psdir='${docdir}'
sbindir='${exec_prefix}/sbin'
sharedstatedir='${prefix}/com'
sysconfdir='/etc'
target_alias=''
ver='3.1.3'

## ----------- ##
## confdefs.h. ##
## ----------- ##

#define PACKAGE_NAME "email"
#define PACKAGE_TARNAME "email"
#define PACKAGE_VERSION "3.1.3"
#define PACKAGE_STRING "email 3.1.3"
#define PACKAGE_BUGREPORT "<deanjones@cleancode.org>"
#define _GNU_SOURCE 1
#define HAVE_LIBSSL 1
#define STDC_HEADERS 1
#define HAVE_SYS_WAIT_H 1
#define HAVE_SYS_TYPES_H 1
#define HAVE_SYS_STAT_H 1
#define HAVE_STDLIB_H 1
#define HAVE_STRING_H 1
#define HAVE_MEMORY_H 1
#define HAVE_STRINGS_H 1
#define HAVE_INTTYPES_H 1
#define HAVE_STDINT_H 1
#define HAVE_UNISTD_H 1
#define HAVE_ARPA_INET_H 1
#define HAVE_FCNTL_H 1
#define HAVE_LIBINTL_H 1
#define HAVE_NETDB_H 1
#define HAVE_NETINET_IN_H 1
#define HAVE_STDLIB_H 1
#define HAVE_STRING_H 1
#define HAVE_STRINGS_H 1
#define HAVE_SYS_IOCTL_H 1
#define HAVE_SYS_SOCKET_H 1
#define HAVE_SYS_TIME_H 1
#define HAVE_TERMIOS_H 1
#define HAVE_UNISTD_H 1
#define TIME_WITH_SYS_TIME 1
#define HAVE_FORK 1
#define HAVE_VFORK 1
#define HAVE_WORKING_VFORK 1
#define HAVE_WORKING_FORK 1
#define HAVE_STDLIB_H 1
#define HAVE_MALLOC 0
#define HAVE_STDLIB_H 1
#define HAVE_REALLOC 0
#define realloc rpl_realloc
#define RETSIGTYPE void
#define HAVE_STAT_EMPTY_STRING_BUG 1
#define HAVE_STRFTIME 1
#define HAVE_VPRINTF 1
#define HAVE_GETHOSTBYNAME 1
#define HAVE_GETHOSTNAME 1
#define HAVE_GETPASS 1
#define HAVE_GETTIMEOFDAY 1
#define HAVE_MEMSET 1
#define HAVE_PUTENV 1
#define HAVE_SOCKET 1
#define HAVE_SQRT 1
#define HAVE_STRCASECMP 1
#define HAVE_STRCHR 1
#define HAVE_STRERROR 1
#define HAVE_STRRCHR 1
#define HAVE_UNAME 1

configure: exit 0
