Determining if the include file sys/limits.h exists failed with the following output:
Change Dir: /repo/Pass_GPL/asuswrt/release/src/router/getdns/build/CMakeFiles/CMakeTmp

Run Build Command:"/usr/bin/make" "cmTC_c18ac/fast"
make[4]: Entering directory '/repo/Pass_GPL/asuswrt/release/src/router/getdns/build/CMakeFiles/CMakeTmp'
/usr/bin/make -f CMakeFiles/cmTC_c18ac.dir/build.make CMakeFiles/cmTC_c18ac.dir/build
make[5]: Entering directory '/repo/Pass_GPL/asuswrt/release/src/router/getdns/build/CMakeFiles/CMakeTmp'
Building C object CMakeFiles/cmTC_c18ac.dir/CheckIncludeFile.c.o
/opt/lede-toolchain-ramips-mt7621_gcc-5.4.0_musl-1.1.24.Linux-x86_64/toolchain-mipsel_24kc_gcc-5.4.0_musl-1.1.24/bin/mipsel-openwrt-linux-musl-gcc   -Os -DNDEBUG -ffunction-sections -fdata-sections -DLINUX26 -DCONFIG_RALINK -DMUSL_LIBC -DDEBUG_NOISY -DDEBUG_RCTEST -D_GNU_SOURCE -D__UAPI_DEF_ETHHDR -DRALINK_DBDC_MODE -pipe -funit-at-a-time -Wno-pointer-sign -mtune=mips32 -mips32 -DLINUX_KERNEL_VERSION=263366 --sysroot=/opt/lede-toolchain-ramips-mt7621_gcc-5.4.0_musl-1.1.24.Linux-x86_64/toolchain-mipsel_24kc_gcc-5.4.0_musl-1.1.24 -D_POSIX_C_SOURCE=200112L -D_XOPEN_SOURCE=600 -D_BSD_SOURCE -D_DEFAULT_SOURCE    -o CMakeFiles/cmTC_c18ac.dir/CheckIncludeFile.c.o   -c /repo/Pass_GPL/asuswrt/release/src/router/getdns/build/CMakeFiles/CMakeTmp/CheckIncludeFile.c
/repo/Pass_GPL/asuswrt/release/src/router/getdns/build/CMakeFiles/CMakeTmp/CheckIncludeFile.c:1:24: fatal error: sys/limits.h: No such file or directory
compilation terminated.
CMakeFiles/cmTC_c18ac.dir/build.make:65: recipe for target 'CMakeFiles/cmTC_c18ac.dir/CheckIncludeFile.c.o' failed
make[5]: *** [CMakeFiles/cmTC_c18ac.dir/CheckIncludeFile.c.o] Error 1
make[5]: Leaving directory '/repo/Pass_GPL/asuswrt/release/src/router/getdns/build/CMakeFiles/CMakeTmp'
Makefile:126: recipe for target 'cmTC_c18ac/fast' failed
make[4]: *** [cmTC_c18ac/fast] Error 2
make[4]: Leaving directory '/repo/Pass_GPL/asuswrt/release/src/router/getdns/build/CMakeFiles/CMakeTmp'


Determining if the include file resource.h exists failed with the following output:
Change Dir: /repo/Pass_GPL/asuswrt/release/src/router/getdns/build/CMakeFiles/CMakeTmp

Run Build Command:"/usr/bin/make" "cmTC_ad09a/fast"
make[4]: Entering directory '/repo/Pass_GPL/asuswrt/release/src/router/getdns/build/CMakeFiles/CMakeTmp'
/usr/bin/make -f CMakeFiles/cmTC_ad09a.dir/build.make CMakeFiles/cmTC_ad09a.dir/build
make[5]: Entering directory '/repo/Pass_GPL/asuswrt/release/src/router/getdns/build/CMakeFiles/CMakeTmp'
Building C object CMakeFiles/cmTC_ad09a.dir/CheckIncludeFile.c.o
/opt/lede-toolchain-ramips-mt7621_gcc-5.4.0_musl-1.1.24.Linux-x86_64/toolchain-mipsel_24kc_gcc-5.4.0_musl-1.1.24/bin/mipsel-openwrt-linux-musl-gcc   -Os -DNDEBUG -ffunction-sections -fdata-sections -DLINUX26 -DCONFIG_RALINK -DMUSL_LIBC -DDEBUG_NOISY -DDEBUG_RCTEST -D_GNU_SOURCE -D__UAPI_DEF_ETHHDR -DRALINK_DBDC_MODE -pipe -funit-at-a-time -Wno-pointer-sign -mtune=mips32 -mips32 -DLINUX_KERNEL_VERSION=263366 --sysroot=/opt/lede-toolchain-ramips-mt7621_gcc-5.4.0_musl-1.1.24.Linux-x86_64/toolchain-mipsel_24kc_gcc-5.4.0_musl-1.1.24 -D_POSIX_C_SOURCE=200112L -D_XOPEN_SOURCE=600 -D_BSD_SOURCE -D_DEFAULT_SOURCE    -o CMakeFiles/cmTC_ad09a.dir/CheckIncludeFile.c.o   -c /repo/Pass_GPL/asuswrt/release/src/router/getdns/build/CMakeFiles/CMakeTmp/CheckIncludeFile.c
/repo/Pass_GPL/asuswrt/release/src/router/getdns/build/CMakeFiles/CMakeTmp/CheckIncludeFile.c:1:22: fatal error: resource.h: No such file or directory
compilation terminated.
CMakeFiles/cmTC_ad09a.dir/build.make:65: recipe for target 'CMakeFiles/cmTC_ad09a.dir/CheckIncludeFile.c.o' failed
make[5]: *** [CMakeFiles/cmTC_ad09a.dir/CheckIncludeFile.c.o] Error 1
make[5]: Leaving directory '/repo/Pass_GPL/asuswrt/release/src/router/getdns/build/CMakeFiles/CMakeTmp'
Makefile:126: recipe for target 'cmTC_ad09a/fast' failed
make[4]: *** [cmTC_ad09a/fast] Error 2
make[4]: Leaving directory '/repo/Pass_GPL/asuswrt/release/src/router/getdns/build/CMakeFiles/CMakeTmp'


Determining if the include file sys/sysctl.h exists failed with the following output:
Change Dir: /repo/Pass_GPL/asuswrt/release/src/router/getdns/build/CMakeFiles/CMakeTmp

Run Build Command:"/usr/bin/make" "cmTC_ff6cf/fast"
make[4]: Entering directory '/repo/Pass_GPL/asuswrt/release/src/router/getdns/build/CMakeFiles/CMakeTmp'
/usr/bin/make -f CMakeFiles/cmTC_ff6cf.dir/build.make CMakeFiles/cmTC_ff6cf.dir/build
make[5]: Entering directory '/repo/Pass_GPL/asuswrt/release/src/router/getdns/build/CMakeFiles/CMakeTmp'
Building C object CMakeFiles/cmTC_ff6cf.dir/CheckIncludeFile.c.o
/opt/lede-toolchain-ramips-mt7621_gcc-5.4.0_musl-1.1.24.Linux-x86_64/toolchain-mipsel_24kc_gcc-5.4.0_musl-1.1.24/bin/mipsel-openwrt-linux-musl-gcc   -Os -DNDEBUG -ffunction-sections -fdata-sections -DLINUX26 -DCONFIG_RALINK -DMUSL_LIBC -DDEBUG_NOISY -DDEBUG_RCTEST -D_GNU_SOURCE -D__UAPI_DEF_ETHHDR -DRALINK_DBDC_MODE -pipe -funit-at-a-time -Wno-pointer-sign -mtune=mips32 -mips32 -DLINUX_KERNEL_VERSION=263366 --sysroot=/opt/lede-toolchain-ramips-mt7621_gcc-5.4.0_musl-1.1.24.Linux-x86_64/toolchain-mipsel_24kc_gcc-5.4.0_musl-1.1.24 -D_POSIX_C_SOURCE=200112L -D_XOPEN_SOURCE=600 -D_BSD_SOURCE -D_DEFAULT_SOURCE    -o CMakeFiles/cmTC_ff6cf.dir/CheckIncludeFile.c.o   -c /repo/Pass_GPL/asuswrt/release/src/router/getdns/build/CMakeFiles/CMakeTmp/CheckIncludeFile.c
/repo/Pass_GPL/asuswrt/release/src/router/getdns/build/CMakeFiles/CMakeTmp/CheckIncludeFile.c:1:24: fatal error: sys/sysctl.h: No such file or directory
compilation terminated.
CMakeFiles/cmTC_ff6cf.dir/build.make:65: recipe for target 'CMakeFiles/cmTC_ff6cf.dir/CheckIncludeFile.c.o' failed
make[5]: *** [CMakeFiles/cmTC_ff6cf.dir/CheckIncludeFile.c.o] Error 1
make[5]: Leaving directory '/repo/Pass_GPL/asuswrt/release/src/router/getdns/build/CMakeFiles/CMakeTmp'
Makefile:126: recipe for target 'cmTC_ff6cf/fast' failed
make[4]: *** [cmTC_ff6cf/fast] Error 2
make[4]: Leaving directory '/repo/Pass_GPL/asuswrt/release/src/router/getdns/build/CMakeFiles/CMakeTmp'


Determining if the include file windows.h exists failed with the following output:
Change Dir: /repo/Pass_GPL/asuswrt/release/src/router/getdns/build/CMakeFiles/CMakeTmp

Run Build Command:"/usr/bin/make" "cmTC_27444/fast"
make[4]: Entering directory '/repo/Pass_GPL/asuswrt/release/src/router/getdns/build/CMakeFiles/CMakeTmp'
/usr/bin/make -f CMakeFiles/cmTC_27444.dir/build.make CMakeFiles/cmTC_27444.dir/build
make[5]: Entering directory '/repo/Pass_GPL/asuswrt/release/src/router/getdns/build/CMakeFiles/CMakeTmp'
Building C object CMakeFiles/cmTC_27444.dir/CheckIncludeFile.c.o
/opt/lede-toolchain-ramips-mt7621_gcc-5.4.0_musl-1.1.24.Linux-x86_64/toolchain-mipsel_24kc_gcc-5.4.0_musl-1.1.24/bin/mipsel-openwrt-linux-musl-gcc   -Os -DNDEBUG -ffunction-sections -fdata-sections -DLINUX26 -DCONFIG_RALINK -DMUSL_LIBC -DDEBUG_NOISY -DDEBUG_RCTEST -D_GNU_SOURCE -D__UAPI_DEF_ETHHDR -DRALINK_DBDC_MODE -pipe -funit-at-a-time -Wno-pointer-sign -mtune=mips32 -mips32 -DLINUX_KERNEL_VERSION=263366 --sysroot=/opt/lede-toolchain-ramips-mt7621_gcc-5.4.0_musl-1.1.24.Linux-x86_64/toolchain-mipsel_24kc_gcc-5.4.0_musl-1.1.24 -D_POSIX_C_SOURCE=200112L -D_XOPEN_SOURCE=600 -D_BSD_SOURCE -D_DEFAULT_SOURCE    -o CMakeFiles/cmTC_27444.dir/CheckIncludeFile.c.o   -c /repo/Pass_GPL/asuswrt/release/src/router/getdns/build/CMakeFiles/CMakeTmp/CheckIncludeFile.c
/repo/Pass_GPL/asuswrt/release/src/router/getdns/build/CMakeFiles/CMakeTmp/CheckIncludeFile.c:1:21: fatal error: windows.h: No such file or directory
compilation terminated.
CMakeFiles/cmTC_27444.dir/build.make:65: recipe for target 'CMakeFiles/cmTC_27444.dir/CheckIncludeFile.c.o' failed
make[5]: *** [CMakeFiles/cmTC_27444.dir/CheckIncludeFile.c.o] Error 1
make[5]: Leaving directory '/repo/Pass_GPL/asuswrt/release/src/router/getdns/build/CMakeFiles/CMakeTmp'
Makefile:126: recipe for target 'cmTC_27444/fast' failed
make[4]: *** [cmTC_27444/fast] Error 2
make[4]: Leaving directory '/repo/Pass_GPL/asuswrt/release/src/router/getdns/build/CMakeFiles/CMakeTmp'


Determining if the include file winsock.h exists failed with the following output:
Change Dir: /repo/Pass_GPL/asuswrt/release/src/router/getdns/build/CMakeFiles/CMakeTmp

Run Build Command:"/usr/bin/make" "cmTC_453b5/fast"
make[4]: Entering directory '/repo/Pass_GPL/asuswrt/release/src/router/getdns/build/CMakeFiles/CMakeTmp'
/usr/bin/make -f CMakeFiles/cmTC_453b5.dir/build.make CMakeFiles/cmTC_453b5.dir/build
make[5]: Entering directory '/repo/Pass_GPL/asuswrt/release/src/router/getdns/build/CMakeFiles/CMakeTmp'
Building C object CMakeFiles/cmTC_453b5.dir/CheckIncludeFile.c.o
/opt/lede-toolchain-ramips-mt7621_gcc-5.4.0_musl-1.1.24.Linux-x86_64/toolchain-mipsel_24kc_gcc-5.4.0_musl-1.1.24/bin/mipsel-openwrt-linux-musl-gcc   -Os -DNDEBUG -ffunction-sections -fdata-sections -DLINUX26 -DCONFIG_RALINK -DMUSL_LIBC -DDEBUG_NOISY -DDEBUG_RCTEST -D_GNU_SOURCE -D__UAPI_DEF_ETHHDR -DRALINK_DBDC_MODE -pipe -funit-at-a-time -Wno-pointer-sign -mtune=mips32 -mips32 -DLINUX_KERNEL_VERSION=263366 --sysroot=/opt/lede-toolchain-ramips-mt7621_gcc-5.4.0_musl-1.1.24.Linux-x86_64/toolchain-mipsel_24kc_gcc-5.4.0_musl-1.1.24 -D_POSIX_C_SOURCE=200112L -D_XOPEN_SOURCE=600 -D_BSD_SOURCE -D_DEFAULT_SOURCE    -o CMakeFiles/cmTC_453b5.dir/CheckIncludeFile.c.o   -c /repo/Pass_GPL/asuswrt/release/src/router/getdns/build/CMakeFiles/CMakeTmp/CheckIncludeFile.c
/repo/Pass_GPL/asuswrt/release/src/router/getdns/build/CMakeFiles/CMakeTmp/CheckIncludeFile.c:1:21: fatal error: winsock.h: No such file or directory
compilation terminated.
CMakeFiles/cmTC_453b5.dir/build.make:65: recipe for target 'CMakeFiles/cmTC_453b5.dir/CheckIncludeFile.c.o' failed
make[5]: *** [CMakeFiles/cmTC_453b5.dir/CheckIncludeFile.c.o] Error 1
make[5]: Leaving directory '/repo/Pass_GPL/asuswrt/release/src/router/getdns/build/CMakeFiles/CMakeTmp'
Makefile:126: recipe for target 'cmTC_453b5/fast' failed
make[4]: *** [cmTC_453b5/fast] Error 2
make[4]: Leaving directory '/repo/Pass_GPL/asuswrt/release/src/router/getdns/build/CMakeFiles/CMakeTmp'


Determining if the include file winsock2.h exists failed with the following output:
Change Dir: /repo/Pass_GPL/asuswrt/release/src/router/getdns/build/CMakeFiles/CMakeTmp

Run Build Command:"/usr/bin/make" "cmTC_3a706/fast"
make[4]: Entering directory '/repo/Pass_GPL/asuswrt/release/src/router/getdns/build/CMakeFiles/CMakeTmp'
/usr/bin/make -f CMakeFiles/cmTC_3a706.dir/build.make CMakeFiles/cmTC_3a706.dir/build
make[5]: Entering directory '/repo/Pass_GPL/asuswrt/release/src/router/getdns/build/CMakeFiles/CMakeTmp'
Building C object CMakeFiles/cmTC_3a706.dir/CheckIncludeFile.c.o
/opt/lede-toolchain-ramips-mt7621_gcc-5.4.0_musl-1.1.24.Linux-x86_64/toolchain-mipsel_24kc_gcc-5.4.0_musl-1.1.24/bin/mipsel-openwrt-linux-musl-gcc   -Os -DNDEBUG -ffunction-sections -fdata-sections -DLINUX26 -DCONFIG_RALINK -DMUSL_LIBC -DDEBUG_NOISY -DDEBUG_RCTEST -D_GNU_SOURCE -D__UAPI_DEF_ETHHDR -DRALINK_DBDC_MODE -pipe -funit-at-a-time -Wno-pointer-sign -mtune=mips32 -mips32 -DLINUX_KERNEL_VERSION=263366 --sysroot=/opt/lede-toolchain-ramips-mt7621_gcc-5.4.0_musl-1.1.24.Linux-x86_64/toolchain-mipsel_24kc_gcc-5.4.0_musl-1.1.24 -D_POSIX_C_SOURCE=200112L -D_XOPEN_SOURCE=600 -D_BSD_SOURCE -D_DEFAULT_SOURCE    -o CMakeFiles/cmTC_3a706.dir/CheckIncludeFile.c.o   -c /repo/Pass_GPL/asuswrt/release/src/router/getdns/build/CMakeFiles/CMakeTmp/CheckIncludeFile.c
/repo/Pass_GPL/asuswrt/release/src/router/getdns/build/CMakeFiles/CMakeTmp/CheckIncludeFile.c:1:22: fatal error: winsock2.h: No such file or directory
compilation terminated.
CMakeFiles/cmTC_3a706.dir/build.make:65: recipe for target 'CMakeFiles/cmTC_3a706.dir/CheckIncludeFile.c.o' failed
make[5]: *** [CMakeFiles/cmTC_3a706.dir/CheckIncludeFile.c.o] Error 1
make[5]: Leaving directory '/repo/Pass_GPL/asuswrt/release/src/router/getdns/build/CMakeFiles/CMakeTmp'
Makefile:126: recipe for target 'cmTC_3a706/fast' failed
make[4]: *** [cmTC_3a706/fast] Error 2
make[4]: Leaving directory '/repo/Pass_GPL/asuswrt/release/src/router/getdns/build/CMakeFiles/CMakeTmp'


Determining if the include file ws2tcpip.h exists failed with the following output:
Change Dir: /repo/Pass_GPL/asuswrt/release/src/router/getdns/build/CMakeFiles/CMakeTmp

Run Build Command:"/usr/bin/make" "cmTC_966e5/fast"
make[4]: Entering directory '/repo/Pass_GPL/asuswrt/release/src/router/getdns/build/CMakeFiles/CMakeTmp'
/usr/bin/make -f CMakeFiles/cmTC_966e5.dir/build.make CMakeFiles/cmTC_966e5.dir/build
make[5]: Entering directory '/repo/Pass_GPL/asuswrt/release/src/router/getdns/build/CMakeFiles/CMakeTmp'
Building C object CMakeFiles/cmTC_966e5.dir/CheckIncludeFile.c.o
/opt/lede-toolchain-ramips-mt7621_gcc-5.4.0_musl-1.1.24.Linux-x86_64/toolchain-mipsel_24kc_gcc-5.4.0_musl-1.1.24/bin/mipsel-openwrt-linux-musl-gcc   -Os -DNDEBUG -ffunction-sections -fdata-sections -DLINUX26 -DCONFIG_RALINK -DMUSL_LIBC -DDEBUG_NOISY -DDEBUG_RCTEST -D_GNU_SOURCE -D__UAPI_DEF_ETHHDR -DRALINK_DBDC_MODE -pipe -funit-at-a-time -Wno-pointer-sign -mtune=mips32 -mips32 -DLINUX_KERNEL_VERSION=263366 --sysroot=/opt/lede-toolchain-ramips-mt7621_gcc-5.4.0_musl-1.1.24.Linux-x86_64/toolchain-mipsel_24kc_gcc-5.4.0_musl-1.1.24 -D_POSIX_C_SOURCE=200112L -D_XOPEN_SOURCE=600 -D_BSD_SOURCE -D_DEFAULT_SOURCE    -o CMakeFiles/cmTC_966e5.dir/CheckIncludeFile.c.o   -c /repo/Pass_GPL/asuswrt/release/src/router/getdns/build/CMakeFiles/CMakeTmp/CheckIncludeFile.c
/repo/Pass_GPL/asuswrt/release/src/router/getdns/build/CMakeFiles/CMakeTmp/CheckIncludeFile.c:1:22: fatal error: ws2tcpip.h: No such file or directory
compilation terminated.
CMakeFiles/cmTC_966e5.dir/build.make:65: recipe for target 'CMakeFiles/cmTC_966e5.dir/CheckIncludeFile.c.o' failed
make[5]: *** [CMakeFiles/cmTC_966e5.dir/CheckIncludeFile.c.o] Error 1
make[5]: Leaving directory '/repo/Pass_GPL/asuswrt/release/src/router/getdns/build/CMakeFiles/CMakeTmp'
Makefile:126: recipe for target 'cmTC_966e5/fast' failed
make[4]: *** [cmTC_966e5/fast] Error 2
make[4]: Leaving directory '/repo/Pass_GPL/asuswrt/release/src/router/getdns/build/CMakeFiles/CMakeTmp'


Determining if the function ioctlsocket exists failed with the following output:
Change Dir: /repo/Pass_GPL/asuswrt/release/src/router/getdns/build/CMakeFiles/CMakeTmp

Run Build Command:"/usr/bin/make" "cmTC_2679c/fast"
make[4]: Entering directory '/repo/Pass_GPL/asuswrt/release/src/router/getdns/build/CMakeFiles/CMakeTmp'
/usr/bin/make -f CMakeFiles/cmTC_2679c.dir/build.make CMakeFiles/cmTC_2679c.dir/build
make[5]: Entering directory '/repo/Pass_GPL/asuswrt/release/src/router/getdns/build/CMakeFiles/CMakeTmp'
Building C object CMakeFiles/cmTC_2679c.dir/CheckFunctionExists.c.o
/opt/lede-toolchain-ramips-mt7621_gcc-5.4.0_musl-1.1.24.Linux-x86_64/toolchain-mipsel_24kc_gcc-5.4.0_musl-1.1.24/bin/mipsel-openwrt-linux-musl-gcc   -Os -DNDEBUG -ffunction-sections -fdata-sections -DLINUX26 -DCONFIG_RALINK -DMUSL_LIBC -DDEBUG_NOISY -DDEBUG_RCTEST -D_GNU_SOURCE -D__UAPI_DEF_ETHHDR -DRALINK_DBDC_MODE -pipe -funit-at-a-time -Wno-pointer-sign -mtune=mips32 -mips32 -DLINUX_KERNEL_VERSION=263366 --sysroot=/opt/lede-toolchain-ramips-mt7621_gcc-5.4.0_musl-1.1.24.Linux-x86_64/toolchain-mipsel_24kc_gcc-5.4.0_musl-1.1.24 -D_POSIX_C_SOURCE=200112L -D_XOPEN_SOURCE=600 -D_BSD_SOURCE -D_DEFAULT_SOURCE -DCHECK_FUNCTION_EXISTS=ioctlsocket   -o CMakeFiles/cmTC_2679c.dir/CheckFunctionExists.c.o   -c /usr/share/cmake-3.10/Modules/CheckFunctionExists.c
Linking C executable cmTC_2679c
/usr/bin/cmake -E cmake_link_script CMakeFiles/cmTC_2679c.dir/link.txt --verbose=1
/opt/lede-toolchain-ramips-mt7621_gcc-5.4.0_musl-1.1.24.Linux-x86_64/toolchain-mipsel_24kc_gcc-5.4.0_musl-1.1.24/bin/mipsel-openwrt-linux-musl-gcc -Os -DNDEBUG -ffunction-sections -fdata-sections -DLINUX26 -DCONFIG_RALINK -DMUSL_LIBC -DDEBUG_NOISY -DDEBUG_RCTEST -D_GNU_SOURCE -D__UAPI_DEF_ETHHDR -DRALINK_DBDC_MODE -pipe -funit-at-a-time -Wno-pointer-sign -mtune=mips32 -mips32 -DLINUX_KERNEL_VERSION=263366 --sysroot=/opt/lede-toolchain-ramips-mt7621_gcc-5.4.0_musl-1.1.24.Linux-x86_64/toolchain-mipsel_24kc_gcc-5.4.0_musl-1.1.24 -D_POSIX_C_SOURCE=200112L -D_XOPEN_SOURCE=600 -D_BSD_SOURCE -D_DEFAULT_SOURCE -DCHECK_FUNCTION_EXISTS=ioctlsocket  -Wl,--gc-sections --sysroot=/opt/lede-toolchain-ramips-mt7621_gcc-5.4.0_musl-1.1.24.Linux-x86_64/toolchain-mipsel_24kc_gcc-5.4.0_musl-1.1.24 -lpthread  CMakeFiles/cmTC_2679c.dir/CheckFunctionExists.c.o  -o cmTC_2679c 
CMakeFiles/cmTC_2679c.dir/CheckFunctionExists.c.o: In function `main':
CheckFunctionExists.c:(.text.startup.main+0x18): undefined reference to `ioctlsocket'
collect2: error: ld returned 1 exit status
CMakeFiles/cmTC_2679c.dir/build.make:97: recipe for target 'cmTC_2679c' failed
make[5]: *** [cmTC_2679c] Error 1
make[5]: Leaving directory '/repo/Pass_GPL/asuswrt/release/src/router/getdns/build/CMakeFiles/CMakeTmp'
Makefile:126: recipe for target 'cmTC_2679c/fast' failed
make[4]: *** [cmTC_2679c/fast] Error 2
make[4]: Leaving directory '/repo/Pass_GPL/asuswrt/release/src/router/getdns/build/CMakeFiles/CMakeTmp'


Determining size of _sigset_t failed with the following output:
Change Dir: /repo/Pass_GPL/asuswrt/release/src/router/getdns/build/CMakeFiles/CMakeTmp

Run Build Command:"/usr/bin/make" "cmTC_4ba82/fast"
make[4]: Entering directory '/repo/Pass_GPL/asuswrt/release/src/router/getdns/build/CMakeFiles/CMakeTmp'
/usr/bin/make -f CMakeFiles/cmTC_4ba82.dir/build.make CMakeFiles/cmTC_4ba82.dir/build
make[5]: Entering directory '/repo/Pass_GPL/asuswrt/release/src/router/getdns/build/CMakeFiles/CMakeTmp'
Building C object CMakeFiles/cmTC_4ba82.dir/_SIGSET_T.c.o
/opt/lede-toolchain-ramips-mt7621_gcc-5.4.0_musl-1.1.24.Linux-x86_64/toolchain-mipsel_24kc_gcc-5.4.0_musl-1.1.24/bin/mipsel-openwrt-linux-musl-gcc   -Os -DNDEBUG -ffunction-sections -fdata-sections -DLINUX26 -DCONFIG_RALINK -DMUSL_LIBC -DDEBUG_NOISY -DDEBUG_RCTEST -D_GNU_SOURCE -D__UAPI_DEF_ETHHDR -DRALINK_DBDC_MODE -pipe -funit-at-a-time -Wno-pointer-sign -mtune=mips32 -mips32 -DLINUX_KERNEL_VERSION=263366 --sysroot=/opt/lede-toolchain-ramips-mt7621_gcc-5.4.0_musl-1.1.24.Linux-x86_64/toolchain-mipsel_24kc_gcc-5.4.0_musl-1.1.24 -D_POSIX_C_SOURCE=200112L -D_XOPEN_SOURCE=600 -D_BSD_SOURCE -D_DEFAULT_SOURCE    -o CMakeFiles/cmTC_4ba82.dir/_SIGSET_T.c.o   -c /repo/Pass_GPL/asuswrt/release/src/router/getdns/build/CMakeFiles/CheckTypeSize/_SIGSET_T.c
/repo/Pass_GPL/asuswrt/release/src/router/getdns/build/CMakeFiles/CheckTypeSize/_SIGSET_T.c:23:22: error: '_sigset_t' undeclared here (not in a function)
 #define SIZE (sizeof(_sigset_t))
                      ^
/repo/Pass_GPL/asuswrt/release/src/router/getdns/build/CMakeFiles/CheckTypeSize/_SIGSET_T.c:25:12: note: in expansion of macro 'SIZE'
   ('0' + ((SIZE / 10000)%10)),
            ^
CMakeFiles/cmTC_4ba82.dir/build.make:65: recipe for target 'CMakeFiles/cmTC_4ba82.dir/_SIGSET_T.c.o' failed
make[5]: *** [CMakeFiles/cmTC_4ba82.dir/_SIGSET_T.c.o] Error 1
make[5]: Leaving directory '/repo/Pass_GPL/asuswrt/release/src/router/getdns/build/CMakeFiles/CMakeTmp'
Makefile:126: recipe for target 'cmTC_4ba82/fast' failed
make[4]: *** [cmTC_4ba82/fast] Error 2
make[4]: Leaving directory '/repo/Pass_GPL/asuswrt/release/src/router/getdns/build/CMakeFiles/CMakeTmp'

/repo/Pass_GPL/asuswrt/release/src/router/getdns/build/CMakeFiles/CheckTypeSize/_SIGSET_T.c:
#include <sys/types.h>
#include <stdint.h>
#include <stddef.h>


#undef KEY
#if defined(__i386)
# define KEY '_','_','i','3','8','6'
#elif defined(__x86_64)
# define KEY '_','_','x','8','6','_','6','4'
#elif defined(__ppc__)
# define KEY '_','_','p','p','c','_','_'
#elif defined(__ppc64__)
# define KEY '_','_','p','p','c','6','4','_','_'
#elif defined(__aarch64__)
# define KEY '_','_','a','a','r','c','h','6','4','_','_'
#elif defined(__ARM_ARCH_7A__)
# define KEY '_','_','A','R','M','_','A','R','C','H','_','7','A','_','_'
#elif defined(__ARM_ARCH_7S__)
# define KEY '_','_','A','R','M','_','A','R','C','H','_','7','S','_','_'
#endif

#define SIZE (sizeof(_sigset_t))
char info_size[] =  {'I', 'N', 'F', 'O', ':', 's','i','z','e','[',
  ('0' + ((SIZE / 10000)%10)),
  ('0' + ((SIZE / 1000)%10)),
  ('0' + ((SIZE / 100)%10)),
  ('0' + ((SIZE / 10)%10)),
  ('0' +  (SIZE    % 10)),
  ']',
#ifdef KEY
  ' ','k','e','y','[', KEY, ']',
#endif
  '\0'};

#ifdef __CLASSIC_C__
int main(argc, argv) int argc; char *argv[];
#else
int main(int argc, char *argv[])
#endif
{
  int require = 0;
  require += info_size[argc];
  (void)argv;
  return require;
}


Determining if the function EVP_dss1 exists failed with the following output:
Change Dir: /repo/Pass_GPL/asuswrt/release/src/router/getdns/build/CMakeFiles/CMakeTmp

Run Build Command:"/usr/bin/make" "cmTC_0e272/fast"
make[4]: Entering directory '/repo/Pass_GPL/asuswrt/release/src/router/getdns/build/CMakeFiles/CMakeTmp'
/usr/bin/make -f CMakeFiles/cmTC_0e272.dir/build.make CMakeFiles/cmTC_0e272.dir/build
make[5]: Entering directory '/repo/Pass_GPL/asuswrt/release/src/router/getdns/build/CMakeFiles/CMakeTmp'
Building C object CMakeFiles/cmTC_0e272.dir/CheckFunctionExists.c.o
/opt/lede-toolchain-ramips-mt7621_gcc-5.4.0_musl-1.1.24.Linux-x86_64/toolchain-mipsel_24kc_gcc-5.4.0_musl-1.1.24/bin/mipsel-openwrt-linux-musl-gcc  -I/repo/Pass_GPL/asuswrt/release/src-ra-openwrt-4210/router/mipsel-musl/stage/usr/include  -Os -DNDEBUG -ffunction-sections -fdata-sections -DLINUX26 -DCONFIG_RALINK -DMUSL_LIBC -DDEBUG_NOISY -DDEBUG_RCTEST -D_GNU_SOURCE -D__UAPI_DEF_ETHHDR -DRALINK_DBDC_MODE -pipe -funit-at-a-time -Wno-pointer-sign -mtune=mips32 -mips32 -DLINUX_KERNEL_VERSION=263366 --sysroot=/opt/lede-toolchain-ramips-mt7621_gcc-5.4.0_musl-1.1.24.Linux-x86_64/toolchain-mipsel_24kc_gcc-5.4.0_musl-1.1.24 -D_POSIX_C_SOURCE=200112L -D_XOPEN_SOURCE=600 -D_BSD_SOURCE -D_DEFAULT_SOURCE -DCHECK_FUNCTION_EXISTS=EVP_dss1   -o CMakeFiles/cmTC_0e272.dir/CheckFunctionExists.c.o   -c /usr/share/cmake-3.10/Modules/CheckFunctionExists.c
Linking C executable cmTC_0e272
/usr/bin/cmake -E cmake_link_script CMakeFiles/cmTC_0e272.dir/link.txt --verbose=1
/opt/lede-toolchain-ramips-mt7621_gcc-5.4.0_musl-1.1.24.Linux-x86_64/toolchain-mipsel_24kc_gcc-5.4.0_musl-1.1.24/bin/mipsel-openwrt-linux-musl-gcc -Os -DNDEBUG -ffunction-sections -fdata-sections -DLINUX26 -DCONFIG_RALINK -DMUSL_LIBC -DDEBUG_NOISY -DDEBUG_RCTEST -D_GNU_SOURCE -D__UAPI_DEF_ETHHDR -DRALINK_DBDC_MODE -pipe -funit-at-a-time -Wno-pointer-sign -mtune=mips32 -mips32 -DLINUX_KERNEL_VERSION=263366 --sysroot=/opt/lede-toolchain-ramips-mt7621_gcc-5.4.0_musl-1.1.24.Linux-x86_64/toolchain-mipsel_24kc_gcc-5.4.0_musl-1.1.24 -D_POSIX_C_SOURCE=200112L -D_XOPEN_SOURCE=600 -D_BSD_SOURCE -D_DEFAULT_SOURCE -DCHECK_FUNCTION_EXISTS=EVP_dss1  -Wl,--gc-sections --sysroot=/opt/lede-toolchain-ramips-mt7621_gcc-5.4.0_musl-1.1.24.Linux-x86_64/toolchain-mipsel_24kc_gcc-5.4.0_musl-1.1.24 -lpthread  CMakeFiles/cmTC_0e272.dir/CheckFunctionExists.c.o  -o cmTC_0e272 -Wl,-rpath,/repo/Pass_GPL/asuswrt/release/src-ra-openwrt-4210/router/mipsel-musl/stage/usr/lib /repo/Pass_GPL/asuswrt/release/src-ra-openwrt-4210/router/mipsel-musl/stage/usr/lib/libssl.so /repo/Pass_GPL/asuswrt/release/src-ra-openwrt-4210/router/mipsel-musl/stage/usr/lib/libcrypto.so 
CMakeFiles/cmTC_0e272.dir/CheckFunctionExists.c.o: In function `main':
CheckFunctionExists.c:(.text.startup.main+0x18): undefined reference to `EVP_dss1'
collect2: error: ld returned 1 exit status
CMakeFiles/cmTC_0e272.dir/build.make:99: recipe for target 'cmTC_0e272' failed
make[5]: *** [cmTC_0e272] Error 1
make[5]: Leaving directory '/repo/Pass_GPL/asuswrt/release/src/router/getdns/build/CMakeFiles/CMakeTmp'
Makefile:126: recipe for target 'cmTC_0e272/fast' failed
make[4]: *** [cmTC_0e272/fast] Error 2
make[4]: Leaving directory '/repo/Pass_GPL/asuswrt/release/src/router/getdns/build/CMakeFiles/CMakeTmp'


Determining if the arc4random exist failed with the following output:
Change Dir: /repo/Pass_GPL/asuswrt/release/src/router/getdns/build/CMakeFiles/CMakeTmp

Run Build Command:"/usr/bin/make" "cmTC_66bee/fast"
make[4]: Entering directory '/repo/Pass_GPL/asuswrt/release/src/router/getdns/build/CMakeFiles/CMakeTmp'
/usr/bin/make -f CMakeFiles/cmTC_66bee.dir/build.make CMakeFiles/cmTC_66bee.dir/build
make[5]: Entering directory '/repo/Pass_GPL/asuswrt/release/src/router/getdns/build/CMakeFiles/CMakeTmp'
Building C object CMakeFiles/cmTC_66bee.dir/CheckSymbolExists.c.o
/opt/lede-toolchain-ramips-mt7621_gcc-5.4.0_musl-1.1.24.Linux-x86_64/toolchain-mipsel_24kc_gcc-5.4.0_musl-1.1.24/bin/mipsel-openwrt-linux-musl-gcc  -I/repo/Pass_GPL/asuswrt/release/src-ra-openwrt-4210/router/mipsel-musl/stage/usr/include  -Os -DNDEBUG -ffunction-sections -fdata-sections -DLINUX26 -DCONFIG_RALINK -DMUSL_LIBC -DDEBUG_NOISY -DDEBUG_RCTEST -D_GNU_SOURCE -D__UAPI_DEF_ETHHDR -DRALINK_DBDC_MODE -pipe -funit-at-a-time -Wno-pointer-sign -mtune=mips32 -mips32 -DLINUX_KERNEL_VERSION=263366 --sysroot=/opt/lede-toolchain-ramips-mt7621_gcc-5.4.0_musl-1.1.24.Linux-x86_64/toolchain-mipsel_24kc_gcc-5.4.0_musl-1.1.24 -D_POSIX_C_SOURCE=200112L -D_XOPEN_SOURCE=600 -D_BSD_SOURCE -D_DEFAULT_SOURCE    -o CMakeFiles/cmTC_66bee.dir/CheckSymbolExists.c.o   -c /repo/Pass_GPL/asuswrt/release/src/router/getdns/build/CMakeFiles/CMakeTmp/CheckSymbolExists.c
/repo/Pass_GPL/asuswrt/release/src/router/getdns/build/CMakeFiles/CMakeTmp/CheckSymbolExists.c: In function 'main':
/repo/Pass_GPL/asuswrt/release/src/router/getdns/build/CMakeFiles/CMakeTmp/CheckSymbolExists.c:8:19: error: 'arc4random' undeclared (first use in this function)
   return ((int*)(&arc4random))[argc];
                   ^
/repo/Pass_GPL/asuswrt/release/src/router/getdns/build/CMakeFiles/CMakeTmp/CheckSymbolExists.c:8:19: note: each undeclared identifier is reported only once for each function it appears in
CMakeFiles/cmTC_66bee.dir/build.make:65: recipe for target 'CMakeFiles/cmTC_66bee.dir/CheckSymbolExists.c.o' failed
make[5]: *** [CMakeFiles/cmTC_66bee.dir/CheckSymbolExists.c.o] Error 1
make[5]: Leaving directory '/repo/Pass_GPL/asuswrt/release/src/router/getdns/build/CMakeFiles/CMakeTmp'
Makefile:126: recipe for target 'cmTC_66bee/fast' failed
make[4]: *** [cmTC_66bee/fast] Error 2
make[4]: Leaving directory '/repo/Pass_GPL/asuswrt/release/src/router/getdns/build/CMakeFiles/CMakeTmp'

File /repo/Pass_GPL/asuswrt/release/src/router/getdns/build/CMakeFiles/CMakeTmp/CheckSymbolExists.c:
/* */
#include <stdlib.h>

int main(int argc, char** argv)
{
  (void)argv;
#ifndef arc4random
  return ((int*)(&arc4random))[argc];
#else
  (void)argc;
  return 0;
#endif
}

Determining if the arc4random_uniform exist failed with the following output:
Change Dir: /repo/Pass_GPL/asuswrt/release/src/router/getdns/build/CMakeFiles/CMakeTmp

Run Build Command:"/usr/bin/make" "cmTC_e9596/fast"
make[4]: Entering directory '/repo/Pass_GPL/asuswrt/release/src/router/getdns/build/CMakeFiles/CMakeTmp'
/usr/bin/make -f CMakeFiles/cmTC_e9596.dir/build.make CMakeFiles/cmTC_e9596.dir/build
make[5]: Entering directory '/repo/Pass_GPL/asuswrt/release/src/router/getdns/build/CMakeFiles/CMakeTmp'
Building C object CMakeFiles/cmTC_e9596.dir/CheckSymbolExists.c.o
/opt/lede-toolchain-ramips-mt7621_gcc-5.4.0_musl-1.1.24.Linux-x86_64/toolchain-mipsel_24kc_gcc-5.4.0_musl-1.1.24/bin/mipsel-openwrt-linux-musl-gcc  -I/repo/Pass_GPL/asuswrt/release/src-ra-openwrt-4210/router/mipsel-musl/stage/usr/include  -Os -DNDEBUG -ffunction-sections -fdata-sections -DLINUX26 -DCONFIG_RALINK -DMUSL_LIBC -DDEBUG_NOISY -DDEBUG_RCTEST -D_GNU_SOURCE -D__UAPI_DEF_ETHHDR -DRALINK_DBDC_MODE -pipe -funit-at-a-time -Wno-pointer-sign -mtune=mips32 -mips32 -DLINUX_KERNEL_VERSION=263366 --sysroot=/opt/lede-toolchain-ramips-mt7621_gcc-5.4.0_musl-1.1.24.Linux-x86_64/toolchain-mipsel_24kc_gcc-5.4.0_musl-1.1.24 -D_POSIX_C_SOURCE=200112L -D_XOPEN_SOURCE=600 -D_BSD_SOURCE -D_DEFAULT_SOURCE    -o CMakeFiles/cmTC_e9596.dir/CheckSymbolExists.c.o   -c /repo/Pass_GPL/asuswrt/release/src/router/getdns/build/CMakeFiles/CMakeTmp/CheckSymbolExists.c
/repo/Pass_GPL/asuswrt/release/src/router/getdns/build/CMakeFiles/CMakeTmp/CheckSymbolExists.c: In function 'main':
/repo/Pass_GPL/asuswrt/release/src/router/getdns/build/CMakeFiles/CMakeTmp/CheckSymbolExists.c:8:19: error: 'arc4random_uniform' undeclared (first use in this function)
   return ((int*)(&arc4random_uniform))[argc];
                   ^
/repo/Pass_GPL/asuswrt/release/src/router/getdns/build/CMakeFiles/CMakeTmp/CheckSymbolExists.c:8:19: note: each undeclared identifier is reported only once for each function it appears in
CMakeFiles/cmTC_e9596.dir/build.make:65: recipe for target 'CMakeFiles/cmTC_e9596.dir/CheckSymbolExists.c.o' failed
make[5]: *** [CMakeFiles/cmTC_e9596.dir/CheckSymbolExists.c.o] Error 1
make[5]: Leaving directory '/repo/Pass_GPL/asuswrt/release/src/router/getdns/build/CMakeFiles/CMakeTmp'
Makefile:126: recipe for target 'cmTC_e9596/fast' failed
make[4]: *** [cmTC_e9596/fast] Error 2
make[4]: Leaving directory '/repo/Pass_GPL/asuswrt/release/src/router/getdns/build/CMakeFiles/CMakeTmp'

File /repo/Pass_GPL/asuswrt/release/src/router/getdns/build/CMakeFiles/CMakeTmp/CheckSymbolExists.c:
/* */
#include <stdlib.h>

int main(int argc, char** argv)
{
  (void)argv;
#ifndef arc4random_uniform
  return ((int*)(&arc4random_uniform))[argc];
#else
  (void)argc;
  return 0;
#endif
}

Determining if the function arc4random exists failed with the following output:
Change Dir: /repo/Pass_GPL/asuswrt/release/src/router/getdns/build/CMakeFiles/CMakeTmp

Run Build Command:"/usr/bin/make" "cmTC_3ed5b/fast"
make[4]: Entering directory '/repo/Pass_GPL/asuswrt/release/src/router/getdns/build/CMakeFiles/CMakeTmp'
/usr/bin/make -f CMakeFiles/cmTC_3ed5b.dir/build.make CMakeFiles/cmTC_3ed5b.dir/build
make[5]: Entering directory '/repo/Pass_GPL/asuswrt/release/src/router/getdns/build/CMakeFiles/CMakeTmp'
Building C object CMakeFiles/cmTC_3ed5b.dir/CheckFunctionExists.c.o
/opt/lede-toolchain-ramips-mt7621_gcc-5.4.0_musl-1.1.24.Linux-x86_64/toolchain-mipsel_24kc_gcc-5.4.0_musl-1.1.24/bin/mipsel-openwrt-linux-musl-gcc  -I/repo/Pass_GPL/asuswrt/release/src-ra-openwrt-4210/router/mipsel-musl/stage/usr/include  -Os -DNDEBUG -ffunction-sections -fdata-sections -DLINUX26 -DCONFIG_RALINK -DMUSL_LIBC -DDEBUG_NOISY -DDEBUG_RCTEST -D_GNU_SOURCE -D__UAPI_DEF_ETHHDR -DRALINK_DBDC_MODE -pipe -funit-at-a-time -Wno-pointer-sign -mtune=mips32 -mips32 -DLINUX_KERNEL_VERSION=263366 --sysroot=/opt/lede-toolchain-ramips-mt7621_gcc-5.4.0_musl-1.1.24.Linux-x86_64/toolchain-mipsel_24kc_gcc-5.4.0_musl-1.1.24 -D_POSIX_C_SOURCE=200112L -D_XOPEN_SOURCE=600 -D_BSD_SOURCE -D_DEFAULT_SOURCE -DCHECK_FUNCTION_EXISTS=arc4random   -o CMakeFiles/cmTC_3ed5b.dir/CheckFunctionExists.c.o   -c /usr/share/cmake-3.10/Modules/CheckFunctionExists.c
Linking C executable cmTC_3ed5b
/usr/bin/cmake -E cmake_link_script CMakeFiles/cmTC_3ed5b.dir/link.txt --verbose=1
/opt/lede-toolchain-ramips-mt7621_gcc-5.4.0_musl-1.1.24.Linux-x86_64/toolchain-mipsel_24kc_gcc-5.4.0_musl-1.1.24/bin/mipsel-openwrt-linux-musl-gcc -Os -DNDEBUG -ffunction-sections -fdata-sections -DLINUX26 -DCONFIG_RALINK -DMUSL_LIBC -DDEBUG_NOISY -DDEBUG_RCTEST -D_GNU_SOURCE -D__UAPI_DEF_ETHHDR -DRALINK_DBDC_MODE -pipe -funit-at-a-time -Wno-pointer-sign -mtune=mips32 -mips32 -DLINUX_KERNEL_VERSION=263366 --sysroot=/opt/lede-toolchain-ramips-mt7621_gcc-5.4.0_musl-1.1.24.Linux-x86_64/toolchain-mipsel_24kc_gcc-5.4.0_musl-1.1.24 -D_POSIX_C_SOURCE=200112L -D_XOPEN_SOURCE=600 -D_BSD_SOURCE -D_DEFAULT_SOURCE -DCHECK_FUNCTION_EXISTS=arc4random  -Wl,--gc-sections --sysroot=/opt/lede-toolchain-ramips-mt7621_gcc-5.4.0_musl-1.1.24.Linux-x86_64/toolchain-mipsel_24kc_gcc-5.4.0_musl-1.1.24 -lpthread  CMakeFiles/cmTC_3ed5b.dir/CheckFunctionExists.c.o  -o cmTC_3ed5b -Wl,-rpath,/repo/Pass_GPL/asuswrt/release/src-ra-openwrt-4210/router/mipsel-musl/stage/usr/lib /repo/Pass_GPL/asuswrt/release/src-ra-openwrt-4210/router/mipsel-musl/stage/usr/lib/libssl.so /repo/Pass_GPL/asuswrt/release/src-ra-openwrt-4210/router/mipsel-musl/stage/usr/lib/libcrypto.so 
CMakeFiles/cmTC_3ed5b.dir/CheckFunctionExists.c.o: In function `main':
CheckFunctionExists.c:(.text.startup.main+0x18): undefined reference to `arc4random'
collect2: error: ld returned 1 exit status
CMakeFiles/cmTC_3ed5b.dir/build.make:99: recipe for target 'cmTC_3ed5b' failed
make[5]: *** [cmTC_3ed5b] Error 1
make[5]: Leaving directory '/repo/Pass_GPL/asuswrt/release/src/router/getdns/build/CMakeFiles/CMakeTmp'
Makefile:126: recipe for target 'cmTC_3ed5b/fast' failed
make[4]: *** [cmTC_3ed5b/fast] Error 2
make[4]: Leaving directory '/repo/Pass_GPL/asuswrt/release/src/router/getdns/build/CMakeFiles/CMakeTmp'


Determining if the function arc4random_uniform exists failed with the following output:
Change Dir: /repo/Pass_GPL/asuswrt/release/src/router/getdns/build/CMakeFiles/CMakeTmp

Run Build Command:"/usr/bin/make" "cmTC_ea115/fast"
make[4]: Entering directory '/repo/Pass_GPL/asuswrt/release/src/router/getdns/build/CMakeFiles/CMakeTmp'
/usr/bin/make -f CMakeFiles/cmTC_ea115.dir/build.make CMakeFiles/cmTC_ea115.dir/build
make[5]: Entering directory '/repo/Pass_GPL/asuswrt/release/src/router/getdns/build/CMakeFiles/CMakeTmp'
Building C object CMakeFiles/cmTC_ea115.dir/CheckFunctionExists.c.o
/opt/lede-toolchain-ramips-mt7621_gcc-5.4.0_musl-1.1.24.Linux-x86_64/toolchain-mipsel_24kc_gcc-5.4.0_musl-1.1.24/bin/mipsel-openwrt-linux-musl-gcc  -I/repo/Pass_GPL/asuswrt/release/src-ra-openwrt-4210/router/mipsel-musl/stage/usr/include  -Os -DNDEBUG -ffunction-sections -fdata-sections -DLINUX26 -DCONFIG_RALINK -DMUSL_LIBC -DDEBUG_NOISY -DDEBUG_RCTEST -D_GNU_SOURCE -D__UAPI_DEF_ETHHDR -DRALINK_DBDC_MODE -pipe -funit-at-a-time -Wno-pointer-sign -mtune=mips32 -mips32 -DLINUX_KERNEL_VERSION=263366 --sysroot=/opt/lede-toolchain-ramips-mt7621_gcc-5.4.0_musl-1.1.24.Linux-x86_64/toolchain-mipsel_24kc_gcc-5.4.0_musl-1.1.24 -D_POSIX_C_SOURCE=200112L -D_XOPEN_SOURCE=600 -D_BSD_SOURCE -D_DEFAULT_SOURCE -DCHECK_FUNCTION_EXISTS=arc4random_uniform   -o CMakeFiles/cmTC_ea115.dir/CheckFunctionExists.c.o   -c /usr/share/cmake-3.10/Modules/CheckFunctionExists.c
Linking C executable cmTC_ea115
/usr/bin/cmake -E cmake_link_script CMakeFiles/cmTC_ea115.dir/link.txt --verbose=1
/opt/lede-toolchain-ramips-mt7621_gcc-5.4.0_musl-1.1.24.Linux-x86_64/toolchain-mipsel_24kc_gcc-5.4.0_musl-1.1.24/bin/mipsel-openwrt-linux-musl-gcc -Os -DNDEBUG -ffunction-sections -fdata-sections -DLINUX26 -DCONFIG_RALINK -DMUSL_LIBC -DDEBUG_NOISY -DDEBUG_RCTEST -D_GNU_SOURCE -D__UAPI_DEF_ETHHDR -DRALINK_DBDC_MODE -pipe -funit-at-a-time -Wno-pointer-sign -mtune=mips32 -mips32 -DLINUX_KERNEL_VERSION=263366 --sysroot=/opt/lede-toolchain-ramips-mt7621_gcc-5.4.0_musl-1.1.24.Linux-x86_64/toolchain-mipsel_24kc_gcc-5.4.0_musl-1.1.24 -D_POSIX_C_SOURCE=200112L -D_XOPEN_SOURCE=600 -D_BSD_SOURCE -D_DEFAULT_SOURCE -DCHECK_FUNCTION_EXISTS=arc4random_uniform  -Wl,--gc-sections --sysroot=/opt/lede-toolchain-ramips-mt7621_gcc-5.4.0_musl-1.1.24.Linux-x86_64/toolchain-mipsel_24kc_gcc-5.4.0_musl-1.1.24 -lpthread  CMakeFiles/cmTC_ea115.dir/CheckFunctionExists.c.o  -o cmTC_ea115 -Wl,-rpath,/repo/Pass_GPL/asuswrt/release/src-ra-openwrt-4210/router/mipsel-musl/stage/usr/lib /repo/Pass_GPL/asuswrt/release/src-ra-openwrt-4210/router/mipsel-musl/stage/usr/lib/libssl.so /repo/Pass_GPL/asuswrt/release/src-ra-openwrt-4210/router/mipsel-musl/stage/usr/lib/libcrypto.so 
CMakeFiles/cmTC_ea115.dir/CheckFunctionExists.c.o: In function `main':
CheckFunctionExists.c:(.text.startup.main+0x18): undefined reference to `arc4random_uniform'
collect2: error: ld returned 1 exit status
CMakeFiles/cmTC_ea115.dir/build.make:99: recipe for target 'cmTC_ea115' failed
make[5]: *** [cmTC_ea115] Error 1
make[5]: Leaving directory '/repo/Pass_GPL/asuswrt/release/src/router/getdns/build/CMakeFiles/CMakeTmp'
Makefile:126: recipe for target 'cmTC_ea115/fast' failed
make[4]: *** [cmTC_ea115/fast] Error 2
make[4]: Leaving directory '/repo/Pass_GPL/asuswrt/release/src/router/getdns/build/CMakeFiles/CMakeTmp'


Determining if the include file os/log.h exists failed with the following output:
Change Dir: /repo/Pass_GPL/asuswrt/release/src/router/getdns/build/CMakeFiles/CMakeTmp

Run Build Command:"/usr/bin/make" "cmTC_02656/fast"
make[4]: Entering directory '/repo/Pass_GPL/asuswrt/release/src/router/getdns/build/CMakeFiles/CMakeTmp'
/usr/bin/make -f CMakeFiles/cmTC_02656.dir/build.make CMakeFiles/cmTC_02656.dir/build
make[5]: Entering directory '/repo/Pass_GPL/asuswrt/release/src/router/getdns/build/CMakeFiles/CMakeTmp'
Building C object CMakeFiles/cmTC_02656.dir/CheckIncludeFile.c.o
/opt/lede-toolchain-ramips-mt7621_gcc-5.4.0_musl-1.1.24.Linux-x86_64/toolchain-mipsel_24kc_gcc-5.4.0_musl-1.1.24/bin/mipsel-openwrt-linux-musl-gcc  -I/repo/Pass_GPL/asuswrt/release/src-ra-openwrt-4210/router/mipsel-musl/stage/usr/include  -Os -DNDEBUG -ffunction-sections -fdata-sections -DLINUX26 -DCONFIG_RALINK -DMUSL_LIBC -DDEBUG_NOISY -DDEBUG_RCTEST -D_GNU_SOURCE -D__UAPI_DEF_ETHHDR -DRALINK_DBDC_MODE -pipe -funit-at-a-time -Wno-pointer-sign -mtune=mips32 -mips32 -DLINUX_KERNEL_VERSION=263366 --sysroot=/opt/lede-toolchain-ramips-mt7621_gcc-5.4.0_musl-1.1.24.Linux-x86_64/toolchain-mipsel_24kc_gcc-5.4.0_musl-1.1.24 -D_POSIX_C_SOURCE=200112L -D_XOPEN_SOURCE=600 -D_BSD_SOURCE -D_DEFAULT_SOURCE    -o CMakeFiles/cmTC_02656.dir/CheckIncludeFile.c.o   -c /repo/Pass_GPL/asuswrt/release/src/router/getdns/build/CMakeFiles/CMakeTmp/CheckIncludeFile.c
/repo/Pass_GPL/asuswrt/release/src/router/getdns/build/CMakeFiles/CMakeTmp/CheckIncludeFile.c:1:20: fatal error: os/log.h: No such file or directory
compilation terminated.
CMakeFiles/cmTC_02656.dir/build.make:65: recipe for target 'CMakeFiles/cmTC_02656.dir/CheckIncludeFile.c.o' failed
make[5]: *** [CMakeFiles/cmTC_02656.dir/CheckIncludeFile.c.o] Error 1
make[5]: Leaving directory '/repo/Pass_GPL/asuswrt/release/src/router/getdns/build/CMakeFiles/CMakeTmp'
Makefile:126: recipe for target 'cmTC_02656/fast' failed
make[4]: *** [cmTC_02656/fast] Error 2
make[4]: Leaving directory '/repo/Pass_GPL/asuswrt/release/src/router/getdns/build/CMakeFiles/CMakeTmp'


