This file contains any messages produced by compilers while
running configure, to aid debugging if configure makes a mistake.

It was created by OpenPAM configure 20130907, which was
generated by GNU Autoconf 2.69.  Invocation command line was

  $ ./configure --host=mipsel-linux --build=x86_64-linux-gnu --prefix=/usr --bindir=/usr/sbin --libdir=/usr/lib --without-doc --with-pam-unix

## --------- ##
## Platform. ##
## --------- ##

hostname = 820a0eb7ac91
uname -m = x86_64
uname -r = 6.8.0-137-generic
uname -s = Linux
uname -v = #137-Ubuntu SMP PREEMPT_DYNAMIC Fri Jul 17 20:28:23 UTC 2026

/usr/bin/uname -p = unknown
/bin/uname -X     = unknown

/bin/arch              = unknown
/usr/bin/arch -k       = unknown
/usr/convex/getsysinfo = unknown
/usr/bin/hostinfo      = unknown
/bin/machine           = unknown
/usr/bin/oslevel       = unknown
/bin/universe          = unknown

PATH: /repo/Pass_GPL/asuswrt/release/tools
PATH: /repo/Pass_GPL/asuswrt/release/src-ra-openwrt-4210/ctools
PATH: /repo/Pass_GPL/asuswrt/release/tools
PATH: /repo/Pass_GPL/asuswrt/release/src-ra-openwrt-4210/ctools
PATH: /repo/Pass_GPL/asuswrt/release/tools
PATH: /repo/Pass_GPL/asuswrt/release/src-ra-openwrt-4210/ctools
PATH: /usr/local/sbin
PATH: /usr/local/bin
PATH: /usr/sbin
PATH: /usr/bin
PATH: /sbin
PATH: /bin
PATH: /home/asuswrt/bin
PATH: /home/asuswrt/mybash
PATH: /opt/buildroot-gcc342/bin
PATH: /opt/buildroot-gcc463/bin
PATH: /opt/brcm/hndtools-mipsel-linux/bin
PATH: /opt/brcm/hndtools-mipsel-uclibc/bin
PATH: /opt/projects/hnd/tools/linux/hndtools-arm-linux-2.6.36-uclibc-4.5.3/bin
PATH: /opt/projects/hnd/tools/linux/hndtools-arm-linux-2.6.36-uclibc-4.5.3/arm-linux/bin
PATH: /opt/projects/hnd/tools/linux/hndtools-arm-linux-2.6.36-uclibc-4.5.3/usr/bin
PATH: /opt/toolchains/crosstools-arm-gcc-5.3-linux-4.1-glibc-2.22-binutils-2.25/usr/bin
PATH: /opt/toolchains/crosstools-aarch64-gcc-5.3-linux-4.1-glibc-2.22-binutils-2.25/usr/bin
PATH: /opt/toolchains/crosstools-arm-gcc-9.2-linux-4.19-glibc-2.30-binutils-2.32/usr/lib
PATH: /opt/toolchains/crosstools-aarch64-gcc-9.2-linux-4.19-glibc-2.30-binutils-2.32/bin
PATH: /opt/toolchains/crosstools-arm-gcc-10.3-linux-4.19-glibc-2.32-binutils-2.36.1/bin
PATH: /opt/toolchains/crosstools-aarch64-gcc-10.3-linux-4.19-glibc-2.32-binutils-2.36.1/bin
PATH: /opt/openwrt-gcc463.arm/bin
PATH: /opt/openwrt-gcc463.mips.mesh/bin
PATH: /opt/openwrt-gcc520_musl.aarch64/bin
PATH: /opt/openwrt-gcc840_musl.aarch64/bin


## ----------- ##
## Core tests. ##
## ----------- ##

configure:2298: checking for a BSD-compatible install
configure:2366: result: /usr/bin/install -c
configure:2377: checking whether build environment is sane
configure:2432: result: yes
configure:2491: checking for mipsel-linux-strip
configure:2518: result: /opt/lede-toolchain-ramips-mt7621_gcc-5.4.0_musl-1.1.24.Linux-x86_64/toolchain-mipsel_24kc_gcc-5.4.0_musl-1.1.24/bin/mipsel-openwrt-linux-musl-strip -R .note -R .comment
configure:2583: checking for a thread-safe mkdir -p
configure:2622: result: /bin/mkdir -p
configure:2629: checking for gawk
configure:2645: found /usr/bin/gawk
configure:2656: result: gawk
configure:2667: checking whether make sets $(MAKE)
configure:2689: result: yes
configure:2718: checking whether make supports nested variables
configure:2735: result: yes
configure:2864: checking whether to enable maintainer-specific portions of Makefiles
configure:2873: result: no
configure:2902: checking for mipsel-linux-gcc
configure:2929: result: /opt/lede-toolchain-ramips-mt7621_gcc-5.4.0_musl-1.1.24.Linux-x86_64/toolchain-mipsel_24kc_gcc-5.4.0_musl-1.1.24/bin/mipsel-openwrt-linux-musl-gcc
configure:3198: checking for C compiler version
configure:3207: /opt/lede-toolchain-ramips-mt7621_gcc-5.4.0_musl-1.1.24.Linux-x86_64/toolchain-mipsel_24kc_gcc-5.4.0_musl-1.1.24/bin/mipsel-openwrt-linux-musl-gcc --version >&5
mipsel-openwrt-linux-musl-gcc.bin (LEDE GCC 5.4.0 unknown) 5.4.0
Copyright (C) 2015 Free Software Foundation, Inc.
This is free software; see the source for copying conditions.  There is NO
warranty; not even for MERCHANTABILITY or FITNESS FOR A PARTICULAR PURPOSE.

configure:3218: $? = 0
configure:3207: /opt/lede-toolchain-ramips-mt7621_gcc-5.4.0_musl-1.1.24.Linux-x86_64/toolchain-mipsel_24kc_gcc-5.4.0_musl-1.1.24/bin/mipsel-openwrt-linux-musl-gcc -v >&5
Reading specs from /opt/lede-toolchain-ramips-mt7621_gcc-5.4.0_musl-1.1.24.Linux-x86_64/toolchain-mipsel_24kc_gcc-5.4.0_musl-1.1.24/bin/../lib/gcc/mipsel-openwrt-linux-musl/5.4.0/specs
COLLECT_GCC=mipsel-openwrt-linux-musl-gcc.bin
COLLECT_LTO_WRAPPER=/opt/lede-toolchain-ramips-mt7621_gcc-5.4.0_musl-1.1.24.Linux-x86_64/toolchain-mipsel_24kc_gcc-5.4.0_musl-1.1.24/bin/../libexec/gcc/mipsel-openwrt-linux-musl/5.4.0/lto-wrapper
Target: mipsel-openwrt-linux-musl
Configured with: /data2/heidi_wen/SW4_git/OpenWRT_4210_20230308/mtk-openwrt-lede-4.2.1.0/build_dir/toolchain-mipsel_24kc_gcc-5.4.0_musl-1.1.24/gcc-5.4.0/configure --with-bugurl=http://www.lede-project.org/bugs/ --with-pkgversion='LEDE GCC 5.4.0 unknown' --prefix=/data2/heidi_wen/SW4_git/OpenWRT_4210_20230308/mtk-openwrt-lede-4.2.1.0/staging_dir/toolchain-mipsel_24kc_gcc-5.4.0_musl-1.1.24 --build=x86_64-linux-gnu --host=x86_64-linux-gnu --target=mipsel-openwrt-linux-musl --with-gnu-ld --enable-target-optspace --disable-libgomp --disable-libmudflap --disable-multilib --disable-libmpx --disable-nls --without-isl --without-cloog --with-host-libstdcxx=-lstdc++ --with-float=soft --with-gmp=/data2/heidi_wen/SW4_git/OpenWRT_4210_20230308/mtk-openwrt-lede-4.2.1.0/staging_dir/host --with-mpfr=/data2/heidi_wen/SW4_git/OpenWRT_4210_20230308/mtk-openwrt-lede-4.2.1.0/staging_dir/host --with-mpc=/data2/heidi_wen/SW4_git/OpenWRT_4210_20230308/mtk-openwrt-lede-4.2.1.0/staging_dir/host --disable-decimal-float --with-mips-plt --with-diagnostics-color=auto-if-env --disable-libssp --enable-__cxa_atexit --with-headers=/data2/heidi_wen/SW4_git/OpenWRT_4210_20230308/mtk-openwrt-lede-4.2.1.0/staging_dir/toolchain-mipsel_24kc_gcc-5.4.0_musl-1.1.24/include --disable-libsanitizer --enable-languages=c,c++ --enable-shared --enable-threads --with-slibdir=/data2/heidi_wen/SW4_git/OpenWRT_4210_20230308/mtk-openwrt-lede-4.2.1.0/staging_dir/toolchain-mipsel_24kc_gcc-5.4.0_musl-1.1.24/lib --enable-lto --with-libelf=/data2/heidi_wen/SW4_git/OpenWRT_4210_20230308/mtk-openwrt-lede-4.2.1.0/staging_dir/host
Thread model: posix
gcc version 5.4.0 (LEDE GCC 5.4.0 unknown) 
COMPILER_PATH=/opt/lede-toolchain-ramips-mt7621_gcc-5.4.0_musl-1.1.24.Linux-x86_64/toolchain-mipsel_24kc_gcc-5.4.0_musl-1.1.24/bin/../libexec/gcc/mipsel-openwrt-linux-musl/5.4.0/:/opt/lede-toolchain-ramips-mt7621_gcc-5.4.0_musl-1.1.24.Linux-x86_64/toolchain-mipsel_24kc_gcc-5.4.0_musl-1.1.24/bin/../libexec/gcc/:/opt/lede-toolchain-ramips-mt7621_gcc-5.4.0_musl-1.1.24.Linux-x86_64/toolchain-mipsel_24kc_gcc-5.4.0_musl-1.1.24/bin/../lib/gcc/mipsel-openwrt-linux-musl/5.4.0/../../../../mipsel-openwrt-linux-musl/bin/
LIBRARY_PATH=/opt/lede-toolchain-ramips-mt7621_gcc-5.4.0_musl-1.1.24.Linux-x86_64/toolchain-mipsel_24kc_gcc-5.4.0_musl-1.1.24/bin/../lib/gcc/mipsel-openwrt-linux-musl/5.4.0/:/opt/lede-toolchain-ramips-mt7621_gcc-5.4.0_musl-1.1.24.Linux-x86_64/toolchain-mipsel_24kc_gcc-5.4.0_musl-1.1.24/bin/../lib/gcc/:/opt/lede-toolchain-ramips-mt7621_gcc-5.4.0_musl-1.1.24.Linux-x86_64/toolchain-mipsel_24kc_gcc-5.4.0_musl-1.1.24/bin/../lib/gcc/mipsel-openwrt-linux-musl/5.4.0/../../../../mipsel-openwrt-linux-musl/lib/
COLLECT_GCC_OPTIONS='-v' '-msoft-float' '-mllsc' '-mplt' '-mno-shared' '-EL' '-mabi=32'
... rest of stderr output deleted ...
configure:3218: $? = 1
configure:3207: /opt/lede-toolchain-ramips-mt7621_gcc-5.4.0_musl-1.1.24.Linux-x86_64/toolchain-mipsel_24kc_gcc-5.4.0_musl-1.1.24/bin/mipsel-openwrt-linux-musl-gcc -V >&5
mipsel-openwrt-linux-musl-gcc.bin: error: unrecognized command line option '-V'
configure:3218: $? = 1
configure:3207: /opt/lede-toolchain-ramips-mt7621_gcc-5.4.0_musl-1.1.24.Linux-x86_64/toolchain-mipsel_24kc_gcc-5.4.0_musl-1.1.24/bin/mipsel-openwrt-linux-musl-gcc -qversion >&5
mipsel-openwrt-linux-musl-gcc.bin: error: unrecognized command line option '-qversion'
configure:3218: $? = 1
configure:3238: checking whether the C compiler works
configure:3260: /opt/lede-toolchain-ramips-mt7621_gcc-5.4.0_musl-1.1.24.Linux-x86_64/toolchain-mipsel_24kc_gcc-5.4.0_musl-1.1.24/bin/mipsel-openwrt-linux-musl-gcc -DRTAX53U -DRTAX53U -DRTAX53U -DMUSL_LIBC -DRTAX53U -DBCM_EVENTD -DEXT_ACS -D__CONFIG_EMF__ -D__CONFIG_WPS__  -ldl conftest.c  >&5
configure:3264: $? = 0
configure:3312: result: yes
configure:3315: checking for C compiler default output file name
configure:3317: result: a.out
configure:3323: checking for suffix of executables
configure:3330: /opt/lede-toolchain-ramips-mt7621_gcc-5.4.0_musl-1.1.24.Linux-x86_64/toolchain-mipsel_24kc_gcc-5.4.0_musl-1.1.24/bin/mipsel-openwrt-linux-musl-gcc -o conftest -DRTAX53U -DRTAX53U -DRTAX53U -DMUSL_LIBC -DRTAX53U -DBCM_EVENTD -DEXT_ACS -D__CONFIG_EMF__ -D__CONFIG_WPS__  -ldl conftest.c  >&5
configure:3334: $? = 0
configure:3356: result: 
configure:3378: checking whether we are cross compiling
configure:3416: result: yes
configure:3421: checking for suffix of object files
configure:3443: /opt/lede-toolchain-ramips-mt7621_gcc-5.4.0_musl-1.1.24.Linux-x86_64/toolchain-mipsel_24kc_gcc-5.4.0_musl-1.1.24/bin/mipsel-openwrt-linux-musl-gcc -c -DRTAX53U -DRTAX53U -DRTAX53U -DMUSL_LIBC -DRTAX53U -DBCM_EVENTD -DEXT_ACS -D__CONFIG_EMF__ -D__CONFIG_WPS__  conftest.c >&5
configure:3447: $? = 0
configure:3468: result: o
configure:3472: checking whether we are using the GNU C compiler
configure:3491: /opt/lede-toolchain-ramips-mt7621_gcc-5.4.0_musl-1.1.24.Linux-x86_64/toolchain-mipsel_24kc_gcc-5.4.0_musl-1.1.24/bin/mipsel-openwrt-linux-musl-gcc -c -DRTAX53U -DRTAX53U -DRTAX53U -DMUSL_LIBC -DRTAX53U -DBCM_EVENTD -DEXT_ACS -D__CONFIG_EMF__ -D__CONFIG_WPS__  conftest.c >&5
configure:3491: $? = 0
configure:3500: result: yes
configure:3509: checking whether /opt/lede-toolchain-ramips-mt7621_gcc-5.4.0_musl-1.1.24.Linux-x86_64/toolchain-mipsel_24kc_gcc-5.4.0_musl-1.1.24/bin/mipsel-openwrt-linux-musl-gcc accepts -g
configure:3529: /opt/lede-toolchain-ramips-mt7621_gcc-5.4.0_musl-1.1.24.Linux-x86_64/toolchain-mipsel_24kc_gcc-5.4.0_musl-1.1.24/bin/mipsel-openwrt-linux-musl-gcc -c -g  conftest.c >&5
configure:3529: $? = 0
configure:3570: result: yes
configure:3587: checking for /opt/lede-toolchain-ramips-mt7621_gcc-5.4.0_musl-1.1.24.Linux-x86_64/toolchain-mipsel_24kc_gcc-5.4.0_musl-1.1.24/bin/mipsel-openwrt-linux-musl-gcc option to accept ISO C89
configure:3650: /opt/lede-toolchain-ramips-mt7621_gcc-5.4.0_musl-1.1.24.Linux-x86_64/toolchain-mipsel_24kc_gcc-5.4.0_musl-1.1.24/bin/mipsel-openwrt-linux-musl-gcc  -c -DRTAX53U -DRTAX53U -DRTAX53U -DMUSL_LIBC -DRTAX53U -DBCM_EVENTD -DEXT_ACS -D__CONFIG_EMF__ -D__CONFIG_WPS__  conftest.c >&5
configure:3650: $? = 0
configure:3663: result: none needed
configure:3688: checking whether /opt/lede-toolchain-ramips-mt7621_gcc-5.4.0_musl-1.1.24.Linux-x86_64/toolchain-mipsel_24kc_gcc-5.4.0_musl-1.1.24/bin/mipsel-openwrt-linux-musl-gcc understands -c and -o together
configure:3710: /opt/lede-toolchain-ramips-mt7621_gcc-5.4.0_musl-1.1.24.Linux-x86_64/toolchain-mipsel_24kc_gcc-5.4.0_musl-1.1.24/bin/mipsel-openwrt-linux-musl-gcc -c conftest.c -o conftest2.o
configure:3713: $? = 0
configure:3710: /opt/lede-toolchain-ramips-mt7621_gcc-5.4.0_musl-1.1.24.Linux-x86_64/toolchain-mipsel_24kc_gcc-5.4.0_musl-1.1.24/bin/mipsel-openwrt-linux-musl-gcc -c conftest.c -o conftest2.o
configure:3713: $? = 0
configure:3725: result: yes
configure:3753: checking for style of include used by make
configure:3781: result: GNU
configure:3807: checking dependency style of /opt/lede-toolchain-ramips-mt7621_gcc-5.4.0_musl-1.1.24.Linux-x86_64/toolchain-mipsel_24kc_gcc-5.4.0_musl-1.1.24/bin/mipsel-openwrt-linux-musl-gcc
configure:3918: result: gcc3
configure:3937: checking for /opt/lede-toolchain-ramips-mt7621_gcc-5.4.0_musl-1.1.24.Linux-x86_64/toolchain-mipsel_24kc_gcc-5.4.0_musl-1.1.24/bin/mipsel-openwrt-linux-musl-gcc option to accept ISO C99
configure:4086: /opt/lede-toolchain-ramips-mt7621_gcc-5.4.0_musl-1.1.24.Linux-x86_64/toolchain-mipsel_24kc_gcc-5.4.0_musl-1.1.24/bin/mipsel-openwrt-linux-musl-gcc  -c -DRTAX53U -DRTAX53U -DRTAX53U -DMUSL_LIBC -DRTAX53U -DBCM_EVENTD -DEXT_ACS -D__CONFIG_EMF__ -D__CONFIG_WPS__  conftest.c >&5
configure:4086: $? = 0
configure:4099: result: none needed
configure:4207: checking for /opt/lede-toolchain-ramips-mt7621_gcc-5.4.0_musl-1.1.24.Linux-x86_64/toolchain-mipsel_24kc_gcc-5.4.0_musl-1.1.24/bin/mipsel-openwrt-linux-musl-gcc option to accept ISO Standard C
configure:4218: result: none needed
configure:4230: checking how to run the C preprocessor
configure:4261: /opt/lede-toolchain-ramips-mt7621_gcc-5.4.0_musl-1.1.24.Linux-x86_64/toolchain-mipsel_24kc_gcc-5.4.0_musl-1.1.24/bin/mipsel-openwrt-linux-musl-gcc -E  conftest.c
configure:4261: $? = 0
configure:4275: /opt/lede-toolchain-ramips-mt7621_gcc-5.4.0_musl-1.1.24.Linux-x86_64/toolchain-mipsel_24kc_gcc-5.4.0_musl-1.1.24/bin/mipsel-openwrt-linux-musl-gcc -E  conftest.c
conftest.c:11:28: fatal error: ac_nonexistent.h: No such file or directory
compilation terminated.
configure:4275: $? = 1
configure: failed program was:
| /* confdefs.h */
| #define PACKAGE_NAME "OpenPAM"
| #define PACKAGE_TARNAME "openpam"
| #define PACKAGE_VERSION "20130907"
| #define PACKAGE_STRING "OpenPAM 20130907"
| #define PACKAGE_BUGREPORT "des@des.no"
| #define PACKAGE_URL "http://www.openpam.org/"
| #define PACKAGE "openpam"
| #define VERSION "20130907"
| /* end confdefs.h.  */
| #include <ac_nonexistent.h>
configure:4300: result: /opt/lede-toolchain-ramips-mt7621_gcc-5.4.0_musl-1.1.24.Linux-x86_64/toolchain-mipsel_24kc_gcc-5.4.0_musl-1.1.24/bin/mipsel-openwrt-linux-musl-gcc -E
configure:4320: /opt/lede-toolchain-ramips-mt7621_gcc-5.4.0_musl-1.1.24.Linux-x86_64/toolchain-mipsel_24kc_gcc-5.4.0_musl-1.1.24/bin/mipsel-openwrt-linux-musl-gcc -E  conftest.c
configure:4320: $? = 0
configure:4334: /opt/lede-toolchain-ramips-mt7621_gcc-5.4.0_musl-1.1.24.Linux-x86_64/toolchain-mipsel_24kc_gcc-5.4.0_musl-1.1.24/bin/mipsel-openwrt-linux-musl-gcc -E  conftest.c
conftest.c:11:28: fatal error: ac_nonexistent.h: No such file or directory
compilation terminated.
configure:4334: $? = 1
configure: failed program was:
| /* confdefs.h */
| #define PACKAGE_NAME "OpenPAM"
| #define PACKAGE_TARNAME "openpam"
| #define PACKAGE_VERSION "20130907"
| #define PACKAGE_STRING "OpenPAM 20130907"
| #define PACKAGE_BUGREPORT "des@des.no"
| #define PACKAGE_URL "http://www.openpam.org/"
| #define PACKAGE "openpam"
| #define VERSION "20130907"
| /* end confdefs.h.  */
| #include <ac_nonexistent.h>
configure:4364: checking for grep that handles long lines and -e
configure:4422: result: /bin/grep
configure:4427: checking for egrep
configure:4489: result: /bin/grep -E
configure:4494: checking for ANSI C header files
configure:4514: /opt/lede-toolchain-ramips-mt7621_gcc-5.4.0_musl-1.1.24.Linux-x86_64/toolchain-mipsel_24kc_gcc-5.4.0_musl-1.1.24/bin/mipsel-openwrt-linux-musl-gcc -c -DRTAX53U -DRTAX53U -DRTAX53U -DMUSL_LIBC -DRTAX53U -DBCM_EVENTD -DEXT_ACS -D__CONFIG_EMF__ -D__CONFIG_WPS__  conftest.c >&5
configure:4514: $? = 0
configure:4598: result: yes
configure:4611: checking for sys/types.h
configure:4611: /opt/lede-toolchain-ramips-mt7621_gcc-5.4.0_musl-1.1.24.Linux-x86_64/toolchain-mipsel_24kc_gcc-5.4.0_musl-1.1.24/bin/mipsel-openwrt-linux-musl-gcc -c -DRTAX53U -DRTAX53U -DRTAX53U -DMUSL_LIBC -DRTAX53U -DBCM_EVENTD -DEXT_ACS -D__CONFIG_EMF__ -D__CONFIG_WPS__  conftest.c >&5
configure:4611: $? = 0
configure:4611: result: yes
configure:4611: checking for sys/stat.h
configure:4611: /opt/lede-toolchain-ramips-mt7621_gcc-5.4.0_musl-1.1.24.Linux-x86_64/toolchain-mipsel_24kc_gcc-5.4.0_musl-1.1.24/bin/mipsel-openwrt-linux-musl-gcc -c -DRTAX53U -DRTAX53U -DRTAX53U -DMUSL_LIBC -DRTAX53U -DBCM_EVENTD -DEXT_ACS -D__CONFIG_EMF__ -D__CONFIG_WPS__  conftest.c >&5
configure:4611: $? = 0
configure:4611: result: yes
configure:4611: checking for stdlib.h
configure:4611: /opt/lede-toolchain-ramips-mt7621_gcc-5.4.0_musl-1.1.24.Linux-x86_64/toolchain-mipsel_24kc_gcc-5.4.0_musl-1.1.24/bin/mipsel-openwrt-linux-musl-gcc -c -DRTAX53U -DRTAX53U -DRTAX53U -DMUSL_LIBC -DRTAX53U -DBCM_EVENTD -DEXT_ACS -D__CONFIG_EMF__ -D__CONFIG_WPS__  conftest.c >&5
configure:4611: $? = 0
configure:4611: result: yes
configure:4611: checking for string.h
configure:4611: /opt/lede-toolchain-ramips-mt7621_gcc-5.4.0_musl-1.1.24.Linux-x86_64/toolchain-mipsel_24kc_gcc-5.4.0_musl-1.1.24/bin/mipsel-openwrt-linux-musl-gcc -c -DRTAX53U -DRTAX53U -DRTAX53U -DMUSL_LIBC -DRTAX53U -DBCM_EVENTD -DEXT_ACS -D__CONFIG_EMF__ -D__CONFIG_WPS__  conftest.c >&5
configure:4611: $? = 0
configure:4611: result: yes
configure:4611: checking for memory.h
configure:4611: /opt/lede-toolchain-ramips-mt7621_gcc-5.4.0_musl-1.1.24.Linux-x86_64/toolchain-mipsel_24kc_gcc-5.4.0_musl-1.1.24/bin/mipsel-openwrt-linux-musl-gcc -c -DRTAX53U -DRTAX53U -DRTAX53U -DMUSL_LIBC -DRTAX53U -DBCM_EVENTD -DEXT_ACS -D__CONFIG_EMF__ -D__CONFIG_WPS__  conftest.c >&5
configure:4611: $? = 0
configure:4611: result: yes
configure:4611: checking for strings.h
configure:4611: /opt/lede-toolchain-ramips-mt7621_gcc-5.4.0_musl-1.1.24.Linux-x86_64/toolchain-mipsel_24kc_gcc-5.4.0_musl-1.1.24/bin/mipsel-openwrt-linux-musl-gcc -c -DRTAX53U -DRTAX53U -DRTAX53U -DMUSL_LIBC -DRTAX53U -DBCM_EVENTD -DEXT_ACS -D__CONFIG_EMF__ -D__CONFIG_WPS__  conftest.c >&5
configure:4611: $? = 0
configure:4611: result: yes
configure:4611: checking for inttypes.h
configure:4611: /opt/lede-toolchain-ramips-mt7621_gcc-5.4.0_musl-1.1.24.Linux-x86_64/toolchain-mipsel_24kc_gcc-5.4.0_musl-1.1.24/bin/mipsel-openwrt-linux-musl-gcc -c -DRTAX53U -DRTAX53U -DRTAX53U -DMUSL_LIBC -DRTAX53U -DBCM_EVENTD -DEXT_ACS -D__CONFIG_EMF__ -D__CONFIG_WPS__  conftest.c >&5
configure:4611: $? = 0
configure:4611: result: yes
configure:4611: checking for stdint.h
configure:4611: /opt/lede-toolchain-ramips-mt7621_gcc-5.4.0_musl-1.1.24.Linux-x86_64/toolchain-mipsel_24kc_gcc-5.4.0_musl-1.1.24/bin/mipsel-openwrt-linux-musl-gcc -c -DRTAX53U -DRTAX53U -DRTAX53U -DMUSL_LIBC -DRTAX53U -DBCM_EVENTD -DEXT_ACS -D__CONFIG_EMF__ -D__CONFIG_WPS__  conftest.c >&5
configure:4611: $? = 0
configure:4611: result: yes
configure:4611: checking for unistd.h
configure:4611: /opt/lede-toolchain-ramips-mt7621_gcc-5.4.0_musl-1.1.24.Linux-x86_64/toolchain-mipsel_24kc_gcc-5.4.0_musl-1.1.24/bin/mipsel-openwrt-linux-musl-gcc -c -DRTAX53U -DRTAX53U -DRTAX53U -DMUSL_LIBC -DRTAX53U -DBCM_EVENTD -DEXT_ACS -D__CONFIG_EMF__ -D__CONFIG_WPS__  conftest.c >&5
configure:4611: $? = 0
configure:4611: result: yes
configure:4624: checking minix/config.h usability
configure:4624: /opt/lede-toolchain-ramips-mt7621_gcc-5.4.0_musl-1.1.24.Linux-x86_64/toolchain-mipsel_24kc_gcc-5.4.0_musl-1.1.24/bin/mipsel-openwrt-linux-musl-gcc -c -DRTAX53U -DRTAX53U -DRTAX53U -DMUSL_LIBC -DRTAX53U -DBCM_EVENTD -DEXT_ACS -D__CONFIG_EMF__ -D__CONFIG_WPS__  conftest.c >&5
conftest.c:54:26: fatal error: minix/config.h: No such file or directory
compilation terminated.
configure:4624: $? = 1
configure: failed program was:
| /* confdefs.h */
| #define PACKAGE_NAME "OpenPAM"
| #define PACKAGE_TARNAME "openpam"
| #define PACKAGE_VERSION "20130907"
| #define PACKAGE_STRING "OpenPAM 20130907"
| #define PACKAGE_BUGREPORT "des@des.no"
| #define PACKAGE_URL "http://www.openpam.org/"
| #define PACKAGE "openpam"
| #define VERSION "20130907"
| #define STDC_HEADERS 1
| #define HAVE_SYS_TYPES_H 1
| #define HAVE_SYS_STAT_H 1
| #define HAVE_STDLIB_H 1
| #define HAVE_STRING_H 1
| #define HAVE_MEMORY_H 1
| #define HAVE_STRINGS_H 1
| #define HAVE_INTTYPES_H 1
| #define HAVE_STDINT_H 1
| #define HAVE_UNISTD_H 1
| /* end confdefs.h.  */
| #include <stdio.h>
| #ifdef HAVE_SYS_TYPES_H
| # include <sys/types.h>
| #endif
| #ifdef HAVE_SYS_STAT_H
| # include <sys/stat.h>
| #endif
| #ifdef STDC_HEADERS
| # include <stdlib.h>
| # include <stddef.h>
| #else
| # ifdef HAVE_STDLIB_H
| #  include <stdlib.h>
| # endif
| #endif
| #ifdef HAVE_STRING_H
| # if !defined STDC_HEADERS && defined HAVE_MEMORY_H
| #  include <memory.h>
| # endif
| # include <string.h>
| #endif
| #ifdef HAVE_STRINGS_H
| # include <strings.h>
| #endif
| #ifdef HAVE_INTTYPES_H
| # include <inttypes.h>
| #endif
| #ifdef HAVE_STDINT_H
| # include <stdint.h>
| #endif
| #ifdef HAVE_UNISTD_H
| # include <unistd.h>
| #endif
| #include <minix/config.h>
configure:4624: result: no
configure:4624: checking minix/config.h presence
configure:4624: /opt/lede-toolchain-ramips-mt7621_gcc-5.4.0_musl-1.1.24.Linux-x86_64/toolchain-mipsel_24kc_gcc-5.4.0_musl-1.1.24/bin/mipsel-openwrt-linux-musl-gcc -E  conftest.c
conftest.c:21:26: fatal error: minix/config.h: No such file or directory
compilation terminated.
configure:4624: $? = 1
configure: failed program was:
| /* confdefs.h */
| #define PACKAGE_NAME "OpenPAM"
| #define PACKAGE_TARNAME "openpam"
| #define PACKAGE_VERSION "20130907"
| #define PACKAGE_STRING "OpenPAM 20130907"
| #define PACKAGE_BUGREPORT "des@des.no"
| #define PACKAGE_URL "http://www.openpam.org/"
| #define PACKAGE "openpam"
| #define VERSION "20130907"
| #define STDC_HEADERS 1
| #define HAVE_SYS_TYPES_H 1
| #define HAVE_SYS_STAT_H 1
| #define HAVE_STDLIB_H 1
| #define HAVE_STRING_H 1
| #define HAVE_MEMORY_H 1
| #define HAVE_STRINGS_H 1
| #define HAVE_INTTYPES_H 1
| #define HAVE_STDINT_H 1
| #define HAVE_UNISTD_H 1
| /* end confdefs.h.  */
| #include <minix/config.h>
configure:4624: result: no
configure:4624: checking for minix/config.h
configure:4624: result: no
configure:4645: checking whether it is safe to define __EXTENSIONS__
configure:4663: /opt/lede-toolchain-ramips-mt7621_gcc-5.4.0_musl-1.1.24.Linux-x86_64/toolchain-mipsel_24kc_gcc-5.4.0_musl-1.1.24/bin/mipsel-openwrt-linux-musl-gcc -c -DRTAX53U -DRTAX53U -DRTAX53U -DMUSL_LIBC -DRTAX53U -DBCM_EVENTD -DEXT_ACS -D__CONFIG_EMF__ -D__CONFIG_WPS__  conftest.c >&5
configure:4663: $? = 0
configure:4670: result: yes
configure:4685: checking for an ANSI C-conforming const
configure:4751: /opt/lede-toolchain-ramips-mt7621_gcc-5.4.0_musl-1.1.24.Linux-x86_64/toolchain-mipsel_24kc_gcc-5.4.0_musl-1.1.24/bin/mipsel-openwrt-linux-musl-gcc -c -DRTAX53U -DRTAX53U -DRTAX53U -DMUSL_LIBC -DRTAX53U -DBCM_EVENTD -DEXT_ACS -D__CONFIG_EMF__ -D__CONFIG_WPS__  conftest.c >&5
configure:4751: $? = 0
configure:4758: result: yes
configure:4766: checking for C/C++ restrict keyword
configure:4791: /opt/lede-toolchain-ramips-mt7621_gcc-5.4.0_musl-1.1.24.Linux-x86_64/toolchain-mipsel_24kc_gcc-5.4.0_musl-1.1.24/bin/mipsel-openwrt-linux-musl-gcc -c -DRTAX53U -DRTAX53U -DRTAX53U -DMUSL_LIBC -DRTAX53U -DBCM_EVENTD -DEXT_ACS -D__CONFIG_EMF__ -D__CONFIG_WPS__  conftest.c >&5
configure:4791: $? = 0
configure:4799: result: __restrict
configure:4812: checking for working volatile
configure:4831: /opt/lede-toolchain-ramips-mt7621_gcc-5.4.0_musl-1.1.24.Linux-x86_64/toolchain-mipsel_24kc_gcc-5.4.0_musl-1.1.24/bin/mipsel-openwrt-linux-musl-gcc -c -DRTAX53U -DRTAX53U -DRTAX53U -DMUSL_LIBC -DRTAX53U -DBCM_EVENTD -DEXT_ACS -D__CONFIG_EMF__ -D__CONFIG_WPS__  conftest.c >&5
configure:4831: $? = 0
configure:4838: result: yes
configure:4878: checking build system type
configure:4892: result: x86_64-pc-linux-gnu
configure:4912: checking host system type
configure:4925: result: mipsel-unknown-linux-gnu
configure:4966: checking how to print strings
configure:4993: result: printf
configure:5014: checking for a sed that does not truncate output
configure:5078: result: /bin/sed
configure:5096: checking for fgrep
configure:5158: result: /bin/grep -F
configure:5193: checking for ld used by /opt/lede-toolchain-ramips-mt7621_gcc-5.4.0_musl-1.1.24.Linux-x86_64/toolchain-mipsel_24kc_gcc-5.4.0_musl-1.1.24/bin/mipsel-openwrt-linux-musl-gcc
configure:5260: result: /opt/lede-toolchain-ramips-mt7621_gcc-5.4.0_musl-1.1.24.Linux-x86_64/toolchain-mipsel_24kc_gcc-5.4.0_musl-1.1.24/bin/mipsel-openwrt-linux-musl-ld
configure:5267: checking if the linker (/opt/lede-toolchain-ramips-mt7621_gcc-5.4.0_musl-1.1.24.Linux-x86_64/toolchain-mipsel_24kc_gcc-5.4.0_musl-1.1.24/bin/mipsel-openwrt-linux-musl-ld) is GNU ld
configure:5282: result: yes
configure:5294: checking for BSD- or MS-compatible name lister (nm)
configure:5343: result: /opt/lede-toolchain-ramips-mt7621_gcc-5.4.0_musl-1.1.24.Linux-x86_64/toolchain-mipsel_24kc_gcc-5.4.0_musl-1.1.24/bin/mipsel-openwrt-linux-musl-nm
configure:5473: checking the name lister (/opt/lede-toolchain-ramips-mt7621_gcc-5.4.0_musl-1.1.24.Linux-x86_64/toolchain-mipsel_24kc_gcc-5.4.0_musl-1.1.24/bin/mipsel-openwrt-linux-musl-nm) interface
configure:5480: /opt/lede-toolchain-ramips-mt7621_gcc-5.4.0_musl-1.1.24.Linux-x86_64/toolchain-mipsel_24kc_gcc-5.4.0_musl-1.1.24/bin/mipsel-openwrt-linux-musl-gcc -c -DRTAX53U -DRTAX53U -DRTAX53U -DMUSL_LIBC -DRTAX53U -DBCM_EVENTD -DEXT_ACS -D__CONFIG_EMF__ -D__CONFIG_WPS__  conftest.c >&5
configure:5483: /opt/lede-toolchain-ramips-mt7621_gcc-5.4.0_musl-1.1.24.Linux-x86_64/toolchain-mipsel_24kc_gcc-5.4.0_musl-1.1.24/bin/mipsel-openwrt-linux-musl-nm "conftest.o"
configure:5486: output
00000000 B some_variable
configure:5493: result: BSD nm
configure:5496: checking whether ln -s works
configure:5500: result: yes
configure:5508: checking the maximum length of command line arguments
configure:5638: result: 1572864
configure:5655: checking whether the shell understands some XSI constructs
configure:5665: result: yes
configure:5669: checking whether the shell understands "+="
configure:5675: result: yes
configure:5710: checking how to convert x86_64-pc-linux-gnu file names to mipsel-unknown-linux-gnu format
configure:5750: result: func_convert_file_noop
configure:5757: checking how to convert x86_64-pc-linux-gnu file names to toolchain format
configure:5777: result: func_convert_file_noop
configure:5784: checking for /opt/lede-toolchain-ramips-mt7621_gcc-5.4.0_musl-1.1.24.Linux-x86_64/toolchain-mipsel_24kc_gcc-5.4.0_musl-1.1.24/bin/mipsel-openwrt-linux-musl-ld option to reload object files
configure:5791: result: -r
configure:5825: checking for mipsel-linux-objdump
configure:5852: result: /opt/lede-toolchain-ramips-mt7621_gcc-5.4.0_musl-1.1.24.Linux-x86_64/toolchain-mipsel_24kc_gcc-5.4.0_musl-1.1.24/bin/mipsel-openwrt-linux-musl-objdump
configure:5924: checking how to recognize dependent libraries
configure:6126: result: pass_all
configure:6171: checking for mipsel-linux-dlltool
configure:6201: result: no
configure:6211: checking for dlltool
configure:6241: result: no
configure:6271: checking how to associate runtime and link libraries
configure:6298: result: printf %s\n
configure:6314: checking for mipsel-linux-ar
configure:6341: result: /opt/lede-toolchain-ramips-mt7621_gcc-5.4.0_musl-1.1.24.Linux-x86_64/toolchain-mipsel_24kc_gcc-5.4.0_musl-1.1.24/bin/mipsel-openwrt-linux-musl-ar
configure:6422: checking for archiver @FILE support
configure:6439: /opt/lede-toolchain-ramips-mt7621_gcc-5.4.0_musl-1.1.24.Linux-x86_64/toolchain-mipsel_24kc_gcc-5.4.0_musl-1.1.24/bin/mipsel-openwrt-linux-musl-gcc -c -DRTAX53U -DRTAX53U -DRTAX53U -DMUSL_LIBC -DRTAX53U -DBCM_EVENTD -DEXT_ACS -D__CONFIG_EMF__ -D__CONFIG_WPS__  conftest.c >&5
configure:6439: $? = 0
configure:6442: /opt/lede-toolchain-ramips-mt7621_gcc-5.4.0_musl-1.1.24.Linux-x86_64/toolchain-mipsel_24kc_gcc-5.4.0_musl-1.1.24/bin/mipsel-openwrt-linux-musl-ar cru libconftest.a @conftest.lst >&5
/opt/lede-toolchain-ramips-mt7621_gcc-5.4.0_musl-1.1.24.Linux-x86_64/toolchain-mipsel_24kc_gcc-5.4.0_musl-1.1.24/bin/mipsel-openwrt-linux-musl-ar: `u' modifier ignored since `D' is the default (see `U')
configure:6445: $? = 0
configure:6450: /opt/lede-toolchain-ramips-mt7621_gcc-5.4.0_musl-1.1.24.Linux-x86_64/toolchain-mipsel_24kc_gcc-5.4.0_musl-1.1.24/bin/mipsel-openwrt-linux-musl-ar cru libconftest.a @conftest.lst >&5
/opt/lede-toolchain-ramips-mt7621_gcc-5.4.0_musl-1.1.24.Linux-x86_64/toolchain-mipsel_24kc_gcc-5.4.0_musl-1.1.24/bin/mipsel-openwrt-linux-musl-ar: `u' modifier ignored since `D' is the default (see `U')
/opt/lede-toolchain-ramips-mt7621_gcc-5.4.0_musl-1.1.24.Linux-x86_64/toolchain-mipsel_24kc_gcc-5.4.0_musl-1.1.24/bin/mipsel-openwrt-linux-musl-ar: conftest.o: No such file or directory
configure:6453: $? = 1
configure:6465: result: @
configure:6483: checking for mipsel-linux-strip
configure:6510: result: /opt/lede-toolchain-ramips-mt7621_gcc-5.4.0_musl-1.1.24.Linux-x86_64/toolchain-mipsel_24kc_gcc-5.4.0_musl-1.1.24/bin/mipsel-openwrt-linux-musl-strip -R .note -R .comment
configure:6582: checking for mipsel-linux-ranlib
configure:6609: result: /opt/lede-toolchain-ramips-mt7621_gcc-5.4.0_musl-1.1.24.Linux-x86_64/toolchain-mipsel_24kc_gcc-5.4.0_musl-1.1.24/bin/mipsel-openwrt-linux-musl-ranlib
configure:6751: checking command to parse /opt/lede-toolchain-ramips-mt7621_gcc-5.4.0_musl-1.1.24.Linux-x86_64/toolchain-mipsel_24kc_gcc-5.4.0_musl-1.1.24/bin/mipsel-openwrt-linux-musl-nm output from /opt/lede-toolchain-ramips-mt7621_gcc-5.4.0_musl-1.1.24.Linux-x86_64/toolchain-mipsel_24kc_gcc-5.4.0_musl-1.1.24/bin/mipsel-openwrt-linux-musl-gcc object
configure:6871: /opt/lede-toolchain-ramips-mt7621_gcc-5.4.0_musl-1.1.24.Linux-x86_64/toolchain-mipsel_24kc_gcc-5.4.0_musl-1.1.24/bin/mipsel-openwrt-linux-musl-gcc -c -DRTAX53U -DRTAX53U -DRTAX53U -DMUSL_LIBC -DRTAX53U -DBCM_EVENTD -DEXT_ACS -D__CONFIG_EMF__ -D__CONFIG_WPS__  conftest.c >&5
configure:6874: $? = 0
configure:6878: /opt/lede-toolchain-ramips-mt7621_gcc-5.4.0_musl-1.1.24.Linux-x86_64/toolchain-mipsel_24kc_gcc-5.4.0_musl-1.1.24/bin/mipsel-openwrt-linux-musl-nm conftest.o \| sed -n -e 's/^.*[ ]\([ABCDGIRSTW][ABCDGIRSTW]*\)[ ][ ]*\([_A-Za-z][_A-Za-z0-9]*\)$/\1 \2 \2/p' | sed '/ __gnu_lto/d' \> conftest.nm
configure:6881: $? = 0
configure:6947: /opt/lede-toolchain-ramips-mt7621_gcc-5.4.0_musl-1.1.24.Linux-x86_64/toolchain-mipsel_24kc_gcc-5.4.0_musl-1.1.24/bin/mipsel-openwrt-linux-musl-gcc -o conftest -DRTAX53U -DRTAX53U -DRTAX53U -DMUSL_LIBC -DRTAX53U -DBCM_EVENTD -DEXT_ACS -D__CONFIG_EMF__ -D__CONFIG_WPS__  -ldl conftest.c conftstm.o >&5
configure:6950: $? = 0
configure:6988: result: ok
configure:7025: checking for sysroot
configure:7055: result: no
configure:7271: checking for mipsel-linux-mt
configure:7301: result: no
configure:7311: checking for mt
configure:7341: result: no
configure:7361: checking if : is a manifest tool
configure:7367: : '-?'
configure:7375: result: no
configure:8014: checking for dlfcn.h
configure:8014: /opt/lede-toolchain-ramips-mt7621_gcc-5.4.0_musl-1.1.24.Linux-x86_64/toolchain-mipsel_24kc_gcc-5.4.0_musl-1.1.24/bin/mipsel-openwrt-linux-musl-gcc -c -DRTAX53U -DRTAX53U -DRTAX53U -DMUSL_LIBC -DRTAX53U -DBCM_EVENTD -DEXT_ACS -D__CONFIG_EMF__ -D__CONFIG_WPS__  conftest.c >&5
configure:8014: $? = 0
configure:8014: result: yes
configure:8218: checking for objdir
configure:8233: result: .libs
configure:8504: checking if /opt/lede-toolchain-ramips-mt7621_gcc-5.4.0_musl-1.1.24.Linux-x86_64/toolchain-mipsel_24kc_gcc-5.4.0_musl-1.1.24/bin/mipsel-openwrt-linux-musl-gcc supports -fno-rtti -fno-exceptions
configure:8522: /opt/lede-toolchain-ramips-mt7621_gcc-5.4.0_musl-1.1.24.Linux-x86_64/toolchain-mipsel_24kc_gcc-5.4.0_musl-1.1.24/bin/mipsel-openwrt-linux-musl-gcc -c -DRTAX53U -DRTAX53U -DRTAX53U -DMUSL_LIBC -DRTAX53U -DBCM_EVENTD -DEXT_ACS -D__CONFIG_EMF__ -D__CONFIG_WPS__  -fno-rtti -fno-exceptions conftest.c >&5
cc1: warning: command line option '-fno-rtti' is valid for C++/ObjC++ but not for C
configure:8526: $? = 0
configure:8539: result: no
configure:8866: checking for /opt/lede-toolchain-ramips-mt7621_gcc-5.4.0_musl-1.1.24.Linux-x86_64/toolchain-mipsel_24kc_gcc-5.4.0_musl-1.1.24/bin/mipsel-openwrt-linux-musl-gcc option to produce PIC
configure:8873: result: -fPIC -DPIC
configure:8881: checking if /opt/lede-toolchain-ramips-mt7621_gcc-5.4.0_musl-1.1.24.Linux-x86_64/toolchain-mipsel_24kc_gcc-5.4.0_musl-1.1.24/bin/mipsel-openwrt-linux-musl-gcc PIC flag -fPIC -DPIC works
configure:8899: /opt/lede-toolchain-ramips-mt7621_gcc-5.4.0_musl-1.1.24.Linux-x86_64/toolchain-mipsel_24kc_gcc-5.4.0_musl-1.1.24/bin/mipsel-openwrt-linux-musl-gcc -c -DRTAX53U -DRTAX53U -DRTAX53U -DMUSL_LIBC -DRTAX53U -DBCM_EVENTD -DEXT_ACS -D__CONFIG_EMF__ -D__CONFIG_WPS__  -fPIC -DPIC -DPIC conftest.c >&5
configure:8903: $? = 0
configure:8916: result: yes
configure:8945: checking if /opt/lede-toolchain-ramips-mt7621_gcc-5.4.0_musl-1.1.24.Linux-x86_64/toolchain-mipsel_24kc_gcc-5.4.0_musl-1.1.24/bin/mipsel-openwrt-linux-musl-gcc static flag -static works
configure:8973: result: yes
configure:8988: checking if /opt/lede-toolchain-ramips-mt7621_gcc-5.4.0_musl-1.1.24.Linux-x86_64/toolchain-mipsel_24kc_gcc-5.4.0_musl-1.1.24/bin/mipsel-openwrt-linux-musl-gcc supports -c -o file.o
configure:9009: /opt/lede-toolchain-ramips-mt7621_gcc-5.4.0_musl-1.1.24.Linux-x86_64/toolchain-mipsel_24kc_gcc-5.4.0_musl-1.1.24/bin/mipsel-openwrt-linux-musl-gcc -c -DRTAX53U -DRTAX53U -DRTAX53U -DMUSL_LIBC -DRTAX53U -DBCM_EVENTD -DEXT_ACS -D__CONFIG_EMF__ -D__CONFIG_WPS__  -o out/conftest2.o conftest.c >&5
configure:9013: $? = 0
configure:9035: result: yes
configure:9043: checking if /opt/lede-toolchain-ramips-mt7621_gcc-5.4.0_musl-1.1.24.Linux-x86_64/toolchain-mipsel_24kc_gcc-5.4.0_musl-1.1.24/bin/mipsel-openwrt-linux-musl-gcc supports -c -o file.o
configure:9090: result: yes
configure:9123: checking whether the /opt/lede-toolchain-ramips-mt7621_gcc-5.4.0_musl-1.1.24.Linux-x86_64/toolchain-mipsel_24kc_gcc-5.4.0_musl-1.1.24/bin/mipsel-openwrt-linux-musl-gcc linker (/opt/lede-toolchain-ramips-mt7621_gcc-5.4.0_musl-1.1.24.Linux-x86_64/toolchain-mipsel_24kc_gcc-5.4.0_musl-1.1.24/bin/mipsel-openwrt-linux-musl-ld) supports shared libraries
configure:10276: result: yes
configure:10313: checking whether -lc should be explicitly linked in
configure:10321: /opt/lede-toolchain-ramips-mt7621_gcc-5.4.0_musl-1.1.24.Linux-x86_64/toolchain-mipsel_24kc_gcc-5.4.0_musl-1.1.24/bin/mipsel-openwrt-linux-musl-gcc -c -DRTAX53U -DRTAX53U -DRTAX53U -DMUSL_LIBC -DRTAX53U -DBCM_EVENTD -DEXT_ACS -D__CONFIG_EMF__ -D__CONFIG_WPS__  conftest.c >&5
configure:10324: $? = 0
configure:10339: /opt/lede-toolchain-ramips-mt7621_gcc-5.4.0_musl-1.1.24.Linux-x86_64/toolchain-mipsel_24kc_gcc-5.4.0_musl-1.1.24/bin/mipsel-openwrt-linux-musl-gcc -shared  -fPIC -DPIC conftest.o  -v -Wl,-soname -Wl,conftest -o conftest 2\>\&1 \| /bin/grep  -lc  \>/dev/null 2\>\&1
configure:10342: $? = 0
configure:10356: result: no
configure:10516: checking dynamic linker characteristics
configure:11027: /opt/lede-toolchain-ramips-mt7621_gcc-5.4.0_musl-1.1.24.Linux-x86_64/toolchain-mipsel_24kc_gcc-5.4.0_musl-1.1.24/bin/mipsel-openwrt-linux-musl-gcc -o conftest -DRTAX53U -DRTAX53U -DRTAX53U -DMUSL_LIBC -DRTAX53U -DBCM_EVENTD -DEXT_ACS -D__CONFIG_EMF__ -D__CONFIG_WPS__  -ldl -Wl,-rpath -Wl,/foo conftest.c  >&5
configure:11027: $? = 0
configure:11249: result: GNU/Linux ld.so
configure:11356: checking how to hardcode library paths into programs
configure:11381: result: immediate
configure:11475: checking for shl_load
configure:11475: /opt/lede-toolchain-ramips-mt7621_gcc-5.4.0_musl-1.1.24.Linux-x86_64/toolchain-mipsel_24kc_gcc-5.4.0_musl-1.1.24/bin/mipsel-openwrt-linux-musl-gcc -o conftest -DRTAX53U -DRTAX53U -DRTAX53U -DMUSL_LIBC -DRTAX53U -DBCM_EVENTD -DEXT_ACS -D__CONFIG_EMF__ -D__CONFIG_WPS__  -ldl conftest.c  >&5
/tmp/ccdt26Dc.o: In function `main':
conftest.c:(.text+0x10): undefined reference to `shl_load'
collect2: error: ld returned 1 exit status
configure:11475: $? = 1
configure: failed program was:
| /* confdefs.h */
| #define PACKAGE_NAME "OpenPAM"
| #define PACKAGE_TARNAME "openpam"
| #define PACKAGE_VERSION "20130907"
| #define PACKAGE_STRING "OpenPAM 20130907"
| #define PACKAGE_BUGREPORT "des@des.no"
| #define PACKAGE_URL "http://www.openpam.org/"
| #define PACKAGE "openpam"
| #define VERSION "20130907"
| #define STDC_HEADERS 1
| #define HAVE_SYS_TYPES_H 1
| #define HAVE_SYS_STAT_H 1
| #define HAVE_STDLIB_H 1
| #define HAVE_STRING_H 1
| #define HAVE_MEMORY_H 1
| #define HAVE_STRINGS_H 1
| #define HAVE_INTTYPES_H 1
| #define HAVE_STDINT_H 1
| #define HAVE_UNISTD_H 1
| #define __EXTENSIONS__ 1
| #define _ALL_SOURCE 1
| #define _GNU_SOURCE 1
| #define _POSIX_PTHREAD_SEMANTICS 1
| #define _TANDEM_SOURCE 1
| #define restrict __restrict
| #define HAVE_DLFCN_H 1
| #define LT_OBJDIR ".libs/"
| /* end confdefs.h.  */
| /* Define shl_load to an innocuous variant, in case <limits.h> declares shl_load.
|    For example, HP-UX 11i <limits.h> declares gettimeofday.  */
| #define shl_load innocuous_shl_load
| 
| /* System header to define __stub macros and hopefully few prototypes,
|     which can conflict with char shl_load (); below.
|     Prefer <limits.h> to <assert.h> if __STDC__ is defined, since
|     <limits.h> exists even on freestanding compilers.  */
| 
| #ifdef __STDC__
| # include <limits.h>
| #else
| # include <assert.h>
| #endif
| 
| #undef shl_load
| 
| /* Override any GCC internal prototype to avoid an error.
|    Use char because int might match the return type of a GCC
|    builtin and then its argument prototype would still apply.  */
| #ifdef __cplusplus
| extern "C"
| #endif
| char shl_load ();
| /* The GNU C library defines this for functions which it implements
|     to always fail with ENOSYS.  Some functions are actually named
|     something starting with __ and the normal name is an alias.  */
| #if defined __stub_shl_load || defined __stub___shl_load
| choke me
| #endif
| 
| int
| main ()
| {
| return shl_load ();
|   ;
|   return 0;
| }
configure:11475: result: no
configure:11479: checking for shl_load in -ldld
configure:11504: /opt/lede-toolchain-ramips-mt7621_gcc-5.4.0_musl-1.1.24.Linux-x86_64/toolchain-mipsel_24kc_gcc-5.4.0_musl-1.1.24/bin/mipsel-openwrt-linux-musl-gcc -o conftest -DRTAX53U -DRTAX53U -DRTAX53U -DMUSL_LIBC -DRTAX53U -DBCM_EVENTD -DEXT_ACS -D__CONFIG_EMF__ -D__CONFIG_WPS__  -ldl conftest.c -ldld   >&5
/opt/lede-toolchain-ramips-mt7621_gcc-5.4.0_musl-1.1.24.Linux-x86_64/toolchain-mipsel_24kc_gcc-5.4.0_musl-1.1.24/bin/../lib/gcc/mipsel-openwrt-linux-musl/5.4.0/../../../../mipsel-openwrt-linux-musl/bin/ld: cannot find -ldld
collect2: error: ld returned 1 exit status
configure:11504: $? = 1
configure: failed program was:
| /* confdefs.h */
| #define PACKAGE_NAME "OpenPAM"
| #define PACKAGE_TARNAME "openpam"
| #define PACKAGE_VERSION "20130907"
| #define PACKAGE_STRING "OpenPAM 20130907"
| #define PACKAGE_BUGREPORT "des@des.no"
| #define PACKAGE_URL "http://www.openpam.org/"
| #define PACKAGE "openpam"
| #define VERSION "20130907"
| #define STDC_HEADERS 1
| #define HAVE_SYS_TYPES_H 1
| #define HAVE_SYS_STAT_H 1
| #define HAVE_STDLIB_H 1
| #define HAVE_STRING_H 1
| #define HAVE_MEMORY_H 1
| #define HAVE_STRINGS_H 1
| #define HAVE_INTTYPES_H 1
| #define HAVE_STDINT_H 1
| #define HAVE_UNISTD_H 1
| #define __EXTENSIONS__ 1
| #define _ALL_SOURCE 1
| #define _GNU_SOURCE 1
| #define _POSIX_PTHREAD_SEMANTICS 1
| #define _TANDEM_SOURCE 1
| #define restrict __restrict
| #define HAVE_DLFCN_H 1
| #define LT_OBJDIR ".libs/"
| /* end confdefs.h.  */
| 
| /* Override any GCC internal prototype to avoid an error.
|    Use char because int might match the return type of a GCC
|    builtin and then its argument prototype would still apply.  */
| #ifdef __cplusplus
| extern "C"
| #endif
| char shl_load ();
| int
| main ()
| {
| return shl_load ();
|   ;
|   return 0;
| }
configure:11513: result: no
configure:11518: checking for dlopen
configure:11518: /opt/lede-toolchain-ramips-mt7621_gcc-5.4.0_musl-1.1.24.Linux-x86_64/toolchain-mipsel_24kc_gcc-5.4.0_musl-1.1.24/bin/mipsel-openwrt-linux-musl-gcc -o conftest -DRTAX53U -DRTAX53U -DRTAX53U -DMUSL_LIBC -DRTAX53U -DBCM_EVENTD -DEXT_ACS -D__CONFIG_EMF__ -D__CONFIG_WPS__  -ldl conftest.c  >&5
configure:11518: $? = 0
configure:11518: result: yes
configure:11675: checking whether a program can dlopen itself
configure:11776: result: cross
configure:11921: checking whether stripping libraries is possible
configure:11926: result: yes
configure:11961: checking if libtool supports shared libraries
configure:11963: result: yes
configure:11966: checking whether to build shared libraries
configure:11987: result: yes
configure:11990: checking whether to build static libraries
configure:11994: result: no
configure:12158: checking crypt.h usability
configure:12158: /opt/lede-toolchain-ramips-mt7621_gcc-5.4.0_musl-1.1.24.Linux-x86_64/toolchain-mipsel_24kc_gcc-5.4.0_musl-1.1.24/bin/mipsel-openwrt-linux-musl-gcc -c -DRTAX53U -DRTAX53U -DRTAX53U -DMUSL_LIBC -DRTAX53U -DBCM_EVENTD -DEXT_ACS -D__CONFIG_EMF__ -D__CONFIG_WPS__  conftest.c >&5
configure:12158: $? = 0
configure:12158: result: yes
configure:12158: checking crypt.h presence
configure:12158: /opt/lede-toolchain-ramips-mt7621_gcc-5.4.0_musl-1.1.24.Linux-x86_64/toolchain-mipsel_24kc_gcc-5.4.0_musl-1.1.24/bin/mipsel-openwrt-linux-musl-gcc -E  conftest.c
configure:12158: $? = 0
configure:12158: result: yes
configure:12158: checking for crypt.h
configure:12158: result: yes
configure:12172: checking for asprintf
configure:12172: /opt/lede-toolchain-ramips-mt7621_gcc-5.4.0_musl-1.1.24.Linux-x86_64/toolchain-mipsel_24kc_gcc-5.4.0_musl-1.1.24/bin/mipsel-openwrt-linux-musl-gcc -o conftest -DRTAX53U -DRTAX53U -DRTAX53U -DMUSL_LIBC -DRTAX53U -DBCM_EVENTD -DEXT_ACS -D__CONFIG_EMF__ -D__CONFIG_WPS__  -ldl conftest.c  >&5
configure:12172: $? = 0
configure:12172: result: yes
configure:12172: checking for vasprintf
configure:12172: /opt/lede-toolchain-ramips-mt7621_gcc-5.4.0_musl-1.1.24.Linux-x86_64/toolchain-mipsel_24kc_gcc-5.4.0_musl-1.1.24/bin/mipsel-openwrt-linux-musl-gcc -o conftest -DRTAX53U -DRTAX53U -DRTAX53U -DMUSL_LIBC -DRTAX53U -DBCM_EVENTD -DEXT_ACS -D__CONFIG_EMF__ -D__CONFIG_WPS__  -ldl conftest.c  >&5
configure:12172: $? = 0
configure:12172: result: yes
configure:12184: checking for dlfunc
configure:12184: /opt/lede-toolchain-ramips-mt7621_gcc-5.4.0_musl-1.1.24.Linux-x86_64/toolchain-mipsel_24kc_gcc-5.4.0_musl-1.1.24/bin/mipsel-openwrt-linux-musl-gcc -o conftest -DRTAX53U -DRTAX53U -DRTAX53U -DMUSL_LIBC -DRTAX53U -DBCM_EVENTD -DEXT_ACS -D__CONFIG_EMF__ -D__CONFIG_WPS__  -ldl conftest.c  >&5
/tmp/cc8u8AvI.o: In function `main':
conftest.c:(.text+0x10): undefined reference to `dlfunc'
collect2: error: ld returned 1 exit status
configure:12184: $? = 1
configure: failed program was:
| /* confdefs.h */
| #define PACKAGE_NAME "OpenPAM"
| #define PACKAGE_TARNAME "openpam"
| #define PACKAGE_VERSION "20130907"
| #define PACKAGE_STRING "OpenPAM 20130907"
| #define PACKAGE_BUGREPORT "des@des.no"
| #define PACKAGE_URL "http://www.openpam.org/"
| #define PACKAGE "openpam"
| #define VERSION "20130907"
| #define STDC_HEADERS 1
| #define HAVE_SYS_TYPES_H 1
| #define HAVE_SYS_STAT_H 1
| #define HAVE_STDLIB_H 1
| #define HAVE_STRING_H 1
| #define HAVE_MEMORY_H 1
| #define HAVE_STRINGS_H 1
| #define HAVE_INTTYPES_H 1
| #define HAVE_STDINT_H 1
| #define HAVE_UNISTD_H 1
| #define __EXTENSIONS__ 1
| #define _ALL_SOURCE 1
| #define _GNU_SOURCE 1
| #define _POSIX_PTHREAD_SEMANTICS 1
| #define _TANDEM_SOURCE 1
| #define restrict __restrict
| #define HAVE_DLFCN_H 1
| #define LT_OBJDIR ".libs/"
| #define LIB_MAJ 2
| #define HAVE_CRYPT_H 1
| #define HAVE_ASPRINTF 1
| #define HAVE_VASPRINTF 1
| /* end confdefs.h.  */
| /* Define dlfunc to an innocuous variant, in case <limits.h> declares dlfunc.
|    For example, HP-UX 11i <limits.h> declares gettimeofday.  */
| #define dlfunc innocuous_dlfunc
| 
| /* System header to define __stub macros and hopefully few prototypes,
|     which can conflict with char dlfunc (); below.
|     Prefer <limits.h> to <assert.h> if __STDC__ is defined, since
|     <limits.h> exists even on freestanding compilers.  */
| 
| #ifdef __STDC__
| # include <limits.h>
| #else
| # include <assert.h>
| #endif
| 
| #undef dlfunc
| 
| /* Override any GCC internal prototype to avoid an error.
|    Use char because int might match the return type of a GCC
|    builtin and then its argument prototype would still apply.  */
| #ifdef __cplusplus
| extern "C"
| #endif
| char dlfunc ();
| /* The GNU C library defines this for functions which it implements
|     to always fail with ENOSYS.  Some functions are actually named
|     something starting with __ and the normal name is an alias.  */
| #if defined __stub_dlfunc || defined __stub___dlfunc
| choke me
| #endif
| 
| int
| main ()
| {
| return dlfunc ();
|   ;
|   return 0;
| }
configure:12184: result: no
configure:12184: checking for fdlopen
configure:12184: /opt/lede-toolchain-ramips-mt7621_gcc-5.4.0_musl-1.1.24.Linux-x86_64/toolchain-mipsel_24kc_gcc-5.4.0_musl-1.1.24/bin/mipsel-openwrt-linux-musl-gcc -o conftest -DRTAX53U -DRTAX53U -DRTAX53U -DMUSL_LIBC -DRTAX53U -DBCM_EVENTD -DEXT_ACS -D__CONFIG_EMF__ -D__CONFIG_WPS__  -ldl conftest.c  >&5
/tmp/ccbL0cSP.o: In function `main':
conftest.c:(.text+0x10): undefined reference to `fdlopen'
collect2: error: ld returned 1 exit status
configure:12184: $? = 1
configure: failed program was:
| /* confdefs.h */
| #define PACKAGE_NAME "OpenPAM"
| #define PACKAGE_TARNAME "openpam"
| #define PACKAGE_VERSION "20130907"
| #define PACKAGE_STRING "OpenPAM 20130907"
| #define PACKAGE_BUGREPORT "des@des.no"
| #define PACKAGE_URL "http://www.openpam.org/"
| #define PACKAGE "openpam"
| #define VERSION "20130907"
| #define STDC_HEADERS 1
| #define HAVE_SYS_TYPES_H 1
| #define HAVE_SYS_STAT_H 1
| #define HAVE_STDLIB_H 1
| #define HAVE_STRING_H 1
| #define HAVE_MEMORY_H 1
| #define HAVE_STRINGS_H 1
| #define HAVE_INTTYPES_H 1
| #define HAVE_STDINT_H 1
| #define HAVE_UNISTD_H 1
| #define __EXTENSIONS__ 1
| #define _ALL_SOURCE 1
| #define _GNU_SOURCE 1
| #define _POSIX_PTHREAD_SEMANTICS 1
| #define _TANDEM_SOURCE 1
| #define restrict __restrict
| #define HAVE_DLFCN_H 1
| #define LT_OBJDIR ".libs/"
| #define LIB_MAJ 2
| #define HAVE_CRYPT_H 1
| #define HAVE_ASPRINTF 1
| #define HAVE_VASPRINTF 1
| /* end confdefs.h.  */
| /* Define fdlopen to an innocuous variant, in case <limits.h> declares fdlopen.
|    For example, HP-UX 11i <limits.h> declares gettimeofday.  */
| #define fdlopen innocuous_fdlopen
| 
| /* System header to define __stub macros and hopefully few prototypes,
|     which can conflict with char fdlopen (); below.
|     Prefer <limits.h> to <assert.h> if __STDC__ is defined, since
|     <limits.h> exists even on freestanding compilers.  */
| 
| #ifdef __STDC__
| # include <limits.h>
| #else
| # include <assert.h>
| #endif
| 
| #undef fdlopen
| 
| /* Override any GCC internal prototype to avoid an error.
|    Use char because int might match the return type of a GCC
|    builtin and then its argument prototype would still apply.  */
| #ifdef __cplusplus
| extern "C"
| #endif
| char fdlopen ();
| /* The GNU C library defines this for functions which it implements
|     to always fail with ENOSYS.  Some functions are actually named
|     something starting with __ and the normal name is an alias.  */
| #if defined __stub_fdlopen || defined __stub___fdlopen
| choke me
| #endif
| 
| int
| main ()
| {
| return fdlopen ();
|   ;
|   return 0;
| }
configure:12184: result: no
configure:12195: checking for fpurge
configure:12195: /opt/lede-toolchain-ramips-mt7621_gcc-5.4.0_musl-1.1.24.Linux-x86_64/toolchain-mipsel_24kc_gcc-5.4.0_musl-1.1.24/bin/mipsel-openwrt-linux-musl-gcc -o conftest -DRTAX53U -DRTAX53U -DRTAX53U -DMUSL_LIBC -DRTAX53U -DBCM_EVENTD -DEXT_ACS -D__CONFIG_EMF__ -D__CONFIG_WPS__  -ldl conftest.c  >&5
configure:12195: $? = 0
configure:12195: result: yes
configure:12206: checking for setlogmask
configure:12206: /opt/lede-toolchain-ramips-mt7621_gcc-5.4.0_musl-1.1.24.Linux-x86_64/toolchain-mipsel_24kc_gcc-5.4.0_musl-1.1.24/bin/mipsel-openwrt-linux-musl-gcc -o conftest -DRTAX53U -DRTAX53U -DRTAX53U -DMUSL_LIBC -DRTAX53U -DBCM_EVENTD -DEXT_ACS -D__CONFIG_EMF__ -D__CONFIG_WPS__  -ldl conftest.c  >&5
configure:12206: $? = 0
configure:12206: result: yes
configure:12218: checking for strlcat
configure:12218: /opt/lede-toolchain-ramips-mt7621_gcc-5.4.0_musl-1.1.24.Linux-x86_64/toolchain-mipsel_24kc_gcc-5.4.0_musl-1.1.24/bin/mipsel-openwrt-linux-musl-gcc -o conftest -DRTAX53U -DRTAX53U -DRTAX53U -DMUSL_LIBC -DRTAX53U -DBCM_EVENTD -DEXT_ACS -D__CONFIG_EMF__ -D__CONFIG_WPS__  -ldl conftest.c  >&5
configure:12218: $? = 0
configure:12218: result: yes
configure:12218: checking for strlcmp
configure:12218: /opt/lede-toolchain-ramips-mt7621_gcc-5.4.0_musl-1.1.24.Linux-x86_64/toolchain-mipsel_24kc_gcc-5.4.0_musl-1.1.24/bin/mipsel-openwrt-linux-musl-gcc -o conftest -DRTAX53U -DRTAX53U -DRTAX53U -DMUSL_LIBC -DRTAX53U -DBCM_EVENTD -DEXT_ACS -D__CONFIG_EMF__ -D__CONFIG_WPS__  -ldl conftest.c  >&5
/tmp/cc9KkDCl.o: In function `main':
conftest.c:(.text+0x10): undefined reference to `strlcmp'
collect2: error: ld returned 1 exit status
configure:12218: $? = 1
configure: failed program was:
| /* confdefs.h */
| #define PACKAGE_NAME "OpenPAM"
| #define PACKAGE_TARNAME "openpam"
| #define PACKAGE_VERSION "20130907"
| #define PACKAGE_STRING "OpenPAM 20130907"
| #define PACKAGE_BUGREPORT "des@des.no"
| #define PACKAGE_URL "http://www.openpam.org/"
| #define PACKAGE "openpam"
| #define VERSION "20130907"
| #define STDC_HEADERS 1
| #define HAVE_SYS_TYPES_H 1
| #define HAVE_SYS_STAT_H 1
| #define HAVE_STDLIB_H 1
| #define HAVE_STRING_H 1
| #define HAVE_MEMORY_H 1
| #define HAVE_STRINGS_H 1
| #define HAVE_INTTYPES_H 1
| #define HAVE_STDINT_H 1
| #define HAVE_UNISTD_H 1
| #define __EXTENSIONS__ 1
| #define _ALL_SOURCE 1
| #define _GNU_SOURCE 1
| #define _POSIX_PTHREAD_SEMANTICS 1
| #define _TANDEM_SOURCE 1
| #define restrict __restrict
| #define HAVE_DLFCN_H 1
| #define LT_OBJDIR ".libs/"
| #define LIB_MAJ 2
| #define HAVE_CRYPT_H 1
| #define HAVE_ASPRINTF 1
| #define HAVE_VASPRINTF 1
| #define HAVE_FPURGE 1
| #define HAVE_SETLOGMASK 1
| #define HAVE_STRLCAT 1
| /* end confdefs.h.  */
| /* Define strlcmp to an innocuous variant, in case <limits.h> declares strlcmp.
|    For example, HP-UX 11i <limits.h> declares gettimeofday.  */
| #define strlcmp innocuous_strlcmp
| 
| /* System header to define __stub macros and hopefully few prototypes,
|     which can conflict with char strlcmp (); below.
|     Prefer <limits.h> to <assert.h> if __STDC__ is defined, since
|     <limits.h> exists even on freestanding compilers.  */
| 
| #ifdef __STDC__
| # include <limits.h>
| #else
| # include <assert.h>
| #endif
| 
| #undef strlcmp
| 
| /* Override any GCC internal prototype to avoid an error.
|    Use char because int might match the return type of a GCC
|    builtin and then its argument prototype would still apply.  */
| #ifdef __cplusplus
| extern "C"
| #endif
| char strlcmp ();
| /* The GNU C library defines this for functions which it implements
|     to always fail with ENOSYS.  Some functions are actually named
|     something starting with __ and the normal name is an alias.  */
| #if defined __stub_strlcmp || defined __stub___strlcmp
| choke me
| #endif
| 
| int
| main ()
| {
| return strlcmp ();
|   ;
|   return 0;
| }
configure:12218: result: no
configure:12218: checking for strlcpy
configure:12218: /opt/lede-toolchain-ramips-mt7621_gcc-5.4.0_musl-1.1.24.Linux-x86_64/toolchain-mipsel_24kc_gcc-5.4.0_musl-1.1.24/bin/mipsel-openwrt-linux-musl-gcc -o conftest -DRTAX53U -DRTAX53U -DRTAX53U -DMUSL_LIBC -DRTAX53U -DBCM_EVENTD -DEXT_ACS -D__CONFIG_EMF__ -D__CONFIG_WPS__  -ldl conftest.c  >&5
configure:12218: $? = 0
configure:12218: result: yes
configure:12230: checking for dlopen in -ldl
configure:12255: /opt/lede-toolchain-ramips-mt7621_gcc-5.4.0_musl-1.1.24.Linux-x86_64/toolchain-mipsel_24kc_gcc-5.4.0_musl-1.1.24/bin/mipsel-openwrt-linux-musl-gcc -o conftest -DRTAX53U -DRTAX53U -DRTAX53U -DMUSL_LIBC -DRTAX53U -DBCM_EVENTD -DEXT_ACS -D__CONFIG_EMF__ -D__CONFIG_WPS__  -ldl conftest.c -ldl   >&5
configure:12255: $? = 0
configure:12264: result: yes
configure:12281: checking for crypt in -lcrypt
configure:12306: /opt/lede-toolchain-ramips-mt7621_gcc-5.4.0_musl-1.1.24.Linux-x86_64/toolchain-mipsel_24kc_gcc-5.4.0_musl-1.1.24/bin/mipsel-openwrt-linux-musl-gcc -o conftest -DRTAX53U -DRTAX53U -DRTAX53U -DMUSL_LIBC -DRTAX53U -DBCM_EVENTD -DEXT_ACS -D__CONFIG_EMF__ -D__CONFIG_WPS__  -ldl conftest.c -lcrypt   >&5
configure:12306: $? = 0
configure:12315: result: yes
configure:12332: checking for HMAC_CTX_init in -lcrypto
configure:12357: /opt/lede-toolchain-ramips-mt7621_gcc-5.4.0_musl-1.1.24.Linux-x86_64/toolchain-mipsel_24kc_gcc-5.4.0_musl-1.1.24/bin/mipsel-openwrt-linux-musl-gcc -o conftest -DRTAX53U -DRTAX53U -DRTAX53U -DMUSL_LIBC -DRTAX53U -DBCM_EVENTD -DEXT_ACS -D__CONFIG_EMF__ -D__CONFIG_WPS__  -ldl conftest.c -lcrypto   >&5
/opt/lede-toolchain-ramips-mt7621_gcc-5.4.0_musl-1.1.24.Linux-x86_64/toolchain-mipsel_24kc_gcc-5.4.0_musl-1.1.24/bin/../lib/gcc/mipsel-openwrt-linux-musl/5.4.0/../../../../mipsel-openwrt-linux-musl/bin/ld: cannot find -lcrypto
collect2: error: ld returned 1 exit status
configure:12357: $? = 1
configure: failed program was:
| /* confdefs.h */
| #define PACKAGE_NAME "OpenPAM"
| #define PACKAGE_TARNAME "openpam"
| #define PACKAGE_VERSION "20130907"
| #define PACKAGE_STRING "OpenPAM 20130907"
| #define PACKAGE_BUGREPORT "des@des.no"
| #define PACKAGE_URL "http://www.openpam.org/"
| #define PACKAGE "openpam"
| #define VERSION "20130907"
| #define STDC_HEADERS 1
| #define HAVE_SYS_TYPES_H 1
| #define HAVE_SYS_STAT_H 1
| #define HAVE_STDLIB_H 1
| #define HAVE_STRING_H 1
| #define HAVE_MEMORY_H 1
| #define HAVE_STRINGS_H 1
| #define HAVE_INTTYPES_H 1
| #define HAVE_STDINT_H 1
| #define HAVE_UNISTD_H 1
| #define __EXTENSIONS__ 1
| #define _ALL_SOURCE 1
| #define _GNU_SOURCE 1
| #define _POSIX_PTHREAD_SEMANTICS 1
| #define _TANDEM_SOURCE 1
| #define restrict __restrict
| #define HAVE_DLFCN_H 1
| #define LT_OBJDIR ".libs/"
| #define LIB_MAJ 2
| #define HAVE_CRYPT_H 1
| #define HAVE_ASPRINTF 1
| #define HAVE_VASPRINTF 1
| #define HAVE_FPURGE 1
| #define HAVE_SETLOGMASK 1
| #define HAVE_STRLCAT 1
| #define HAVE_STRLCPY 1
| #define HAVE_LIBDL 1
| #define HAVE_LIBCRYPT 1
| /* end confdefs.h.  */
| 
| /* Override any GCC internal prototype to avoid an error.
|    Use char because int might match the return type of a GCC
|    builtin and then its argument prototype would still apply.  */
| #ifdef __cplusplus
| extern "C"
| #endif
| char HMAC_CTX_init ();
| int
| main ()
| {
| return HMAC_CTX_init ();
|   ;
|   return 0;
| }
configure:12366: result: no
configure:12511: checking that generated files are newer than configure
configure:12517: result: done
configure:12564: creating ./config.status

## ---------------------- ##
## Running config.status. ##
## ---------------------- ##

This file was extended by OpenPAM config.status 20130907, which was
generated by GNU Autoconf 2.69.  Invocation command line was

  CONFIG_FILES    = 
  CONFIG_HEADERS  = 
  CONFIG_LINKS    = 
  CONFIG_COMMANDS = 
  $ ./config.status 

on 820a0eb7ac91

config.status:1136: creating Makefile
config.status:1136: creating bin/Makefile
config.status:1136: creating bin/openpam_dump_policy/Makefile
config.status:1136: creating bin/pamtest/Makefile
config.status:1136: creating bin/su/Makefile
config.status:1136: creating doc/Makefile
config.status:1136: creating doc/man/Makefile
config.status:1136: creating include/Makefile
config.status:1136: creating include/security/Makefile
config.status:1136: creating lib/Makefile
config.status:1136: creating lib/libpam/Makefile
config.status:1136: creating modules/Makefile
config.status:1136: creating modules/pam_deny/Makefile
config.status:1136: creating modules/pam_permit/Makefile
config.status:1136: creating modules/pam_unix/Makefile
config.status:1136: creating t/Makefile
config.status:1136: creating pamgdb
config.status:1136: creating mkpkgng
config.status:1136: creating config.h
config.status:1365: executing depfiles commands
config.status:1365: executing libtool commands

## ---------------- ##
## Cache variables. ##
## ---------------- ##

ac_cv_build=x86_64-pc-linux-gnu
ac_cv_c_compiler_gnu=yes
ac_cv_c_const=yes
ac_cv_c_restrict=__restrict
ac_cv_c_volatile=yes
ac_cv_env_CC_set=set
ac_cv_env_CC_value=/opt/lede-toolchain-ramips-mt7621_gcc-5.4.0_musl-1.1.24.Linux-x86_64/toolchain-mipsel_24kc_gcc-5.4.0_musl-1.1.24/bin/mipsel-openwrt-linux-musl-gcc
ac_cv_env_CFLAGS_set=set
ac_cv_env_CFLAGS_value='-DRTAX53U -DRTAX53U -DRTAX53U -DMUSL_LIBC -DRTAX53U -DBCM_EVENTD -DEXT_ACS -D__CONFIG_EMF__ -D__CONFIG_WPS__'
ac_cv_env_CPPFLAGS_set=
ac_cv_env_CPPFLAGS_value=
ac_cv_env_CPP_set=
ac_cv_env_CPP_value=
ac_cv_env_LDFLAGS_set=set
ac_cv_env_LDFLAGS_value=-ldl
ac_cv_env_LIBS_set=
ac_cv_env_LIBS_value=
ac_cv_env_build_alias_set=set
ac_cv_env_build_alias_value=x86_64-linux-gnu
ac_cv_env_host_alias_set=set
ac_cv_env_host_alias_value=mipsel-linux
ac_cv_env_target_alias_set=
ac_cv_env_target_alias_value=
ac_cv_func_asprintf=yes
ac_cv_func_dlfunc=no
ac_cv_func_dlopen=yes
ac_cv_func_fdlopen=no
ac_cv_func_fpurge=yes
ac_cv_func_setlogmask=yes
ac_cv_func_shl_load=no
ac_cv_func_strlcat=yes
ac_cv_func_strlcmp=no
ac_cv_func_strlcpy=yes
ac_cv_func_vasprintf=yes
ac_cv_header_crypt_h=yes
ac_cv_header_dlfcn_h=yes
ac_cv_header_inttypes_h=yes
ac_cv_header_memory_h=yes
ac_cv_header_minix_config_h=no
ac_cv_header_stdc=yes
ac_cv_header_stdint_h=yes
ac_cv_header_stdlib_h=yes
ac_cv_header_string_h=yes
ac_cv_header_strings_h=yes
ac_cv_header_sys_stat_h=yes
ac_cv_header_sys_types_h=yes
ac_cv_header_unistd_h=yes
ac_cv_host=mipsel-unknown-linux-gnu
ac_cv_lib_crypt_crypt=yes
ac_cv_lib_crypto_HMAC_CTX_init=no
ac_cv_lib_dl_dlopen=yes
ac_cv_lib_dld_shl_load=no
ac_cv_objext=o
ac_cv_path_EGREP='/bin/grep -E'
ac_cv_path_FGREP='/bin/grep -F'
ac_cv_path_GREP=/bin/grep
ac_cv_path_SED=/bin/sed
ac_cv_path_install='/usr/bin/install -c'
ac_cv_path_mkdir=/bin/mkdir
ac_cv_prog_AR=/opt/lede-toolchain-ramips-mt7621_gcc-5.4.0_musl-1.1.24.Linux-x86_64/toolchain-mipsel_24kc_gcc-5.4.0_musl-1.1.24/bin/mipsel-openwrt-linux-musl-ar
ac_cv_prog_AWK=gawk
ac_cv_prog_CC=/opt/lede-toolchain-ramips-mt7621_gcc-5.4.0_musl-1.1.24.Linux-x86_64/toolchain-mipsel_24kc_gcc-5.4.0_musl-1.1.24/bin/mipsel-openwrt-linux-musl-gcc
ac_cv_prog_CPP='/opt/lede-toolchain-ramips-mt7621_gcc-5.4.0_musl-1.1.24.Linux-x86_64/toolchain-mipsel_24kc_gcc-5.4.0_musl-1.1.24/bin/mipsel-openwrt-linux-musl-gcc -E'
ac_cv_prog_OBJDUMP=/opt/lede-toolchain-ramips-mt7621_gcc-5.4.0_musl-1.1.24.Linux-x86_64/toolchain-mipsel_24kc_gcc-5.4.0_musl-1.1.24/bin/mipsel-openwrt-linux-musl-objdump
ac_cv_prog_RANLIB=/opt/lede-toolchain-ramips-mt7621_gcc-5.4.0_musl-1.1.24.Linux-x86_64/toolchain-mipsel_24kc_gcc-5.4.0_musl-1.1.24/bin/mipsel-openwrt-linux-musl-ranlib
ac_cv_prog_STRIP='/opt/lede-toolchain-ramips-mt7621_gcc-5.4.0_musl-1.1.24.Linux-x86_64/toolchain-mipsel_24kc_gcc-5.4.0_musl-1.1.24/bin/mipsel-openwrt-linux-musl-strip -R .note -R .comment'
ac_cv_prog_cc_c89=
ac_cv_prog_cc_c99=
ac_cv_prog_cc_g=yes
ac_cv_prog_cc_stdc=
ac_cv_prog_make_make_set=yes
ac_cv_safe_to_define___extensions__=yes
am_cv_CC_dependencies_compiler_type=gcc3
am_cv_make_support_nested_variables=yes
am_cv_prog_cc_c_o=yes
lt_cv_ar_at_file=@
lt_cv_archive_cmds_need_lc=no
lt_cv_deplibs_check_method=pass_all
lt_cv_dlopen=dlopen
lt_cv_dlopen_libs=
lt_cv_dlopen_self=cross
lt_cv_file_magic_cmd='$MAGIC_CMD'
lt_cv_file_magic_test_file=
lt_cv_ld_reload_flag=-r
lt_cv_nm_interface='BSD nm'
lt_cv_objdir=.libs
lt_cv_path_LD=/opt/lede-toolchain-ramips-mt7621_gcc-5.4.0_musl-1.1.24.Linux-x86_64/toolchain-mipsel_24kc_gcc-5.4.0_musl-1.1.24/bin/mipsel-openwrt-linux-musl-ld
lt_cv_path_NM=/opt/lede-toolchain-ramips-mt7621_gcc-5.4.0_musl-1.1.24.Linux-x86_64/toolchain-mipsel_24kc_gcc-5.4.0_musl-1.1.24/bin/mipsel-openwrt-linux-musl-nm
lt_cv_path_mainfest_tool=no
lt_cv_prog_compiler_c_o=yes
lt_cv_prog_compiler_pic='-fPIC -DPIC'
lt_cv_prog_compiler_pic_works=yes
lt_cv_prog_compiler_rtti_exceptions=no
lt_cv_prog_compiler_static_works=yes
lt_cv_prog_gnu_ld=yes
lt_cv_sharedlib_from_linklib_cmd='printf %s\n'
lt_cv_shlibpath_overrides_runpath=no
lt_cv_sys_global_symbol_pipe='sed -n -e '\''s/^.*[	 ]\([ABCDGIRSTW][ABCDGIRSTW]*\)[	 ][	 ]*\([_A-Za-z][_A-Za-z0-9]*\)$/\1 \2 \2/p'\'' | sed '\''/ __gnu_lto/d'\'''
lt_cv_sys_global_symbol_to_c_name_address='sed -n -e '\''s/^: \([^ ]*\)[ ]*$/  {\"\1\", (void *) 0},/p'\'' -e '\''s/^[ABCDGIRSTW]* \([^ ]*\) \([^ ]*\)$/  {"\2", (void *) \&\2},/p'\'''
lt_cv_sys_global_symbol_to_c_name_address_lib_prefix='sed -n -e '\''s/^: \([^ ]*\)[ ]*$/  {\"\1\", (void *) 0},/p'\'' -e '\''s/^[ABCDGIRSTW]* \([^ ]*\) \(lib[^ ]*\)$/  {"\2", (void *) \&\2},/p'\'' -e '\''s/^[ABCDGIRSTW]* \([^ ]*\) \([^ ]*\)$/  {"lib\2", (void *) \&\2},/p'\'''
lt_cv_sys_global_symbol_to_cdecl='sed -n -e '\''s/^T .* \(.*\)$/extern int \1();/p'\'' -e '\''s/^[ABCDGIRSTW]* .* \(.*\)$/extern char \1;/p'\'''
lt_cv_sys_max_cmd_len=1572864
lt_cv_to_host_file_cmd=func_convert_file_noop
lt_cv_to_tool_file_cmd=func_convert_file_noop

## ----------------- ##
## Output variables. ##
## ----------------- ##

ACLOCAL='${SHELL} /repo/Pass_GPL/asuswrt/release/src/router/openpam/missing aclocal-1.14'
AMDEPBACKSLASH='\'
AMDEP_FALSE='#'
AMDEP_TRUE=''
AMTAR='$${TAR-tar}'
AM_BACKSLASH='\'
AM_DEFAULT_V='$(AM_DEFAULT_VERBOSITY)'
AM_DEFAULT_VERBOSITY='1'
AM_V='$(V)'
AR='/opt/lede-toolchain-ramips-mt7621_gcc-5.4.0_musl-1.1.24.Linux-x86_64/toolchain-mipsel_24kc_gcc-5.4.0_musl-1.1.24/bin/mipsel-openwrt-linux-musl-ar'
AUTOCONF='${SHELL} /repo/Pass_GPL/asuswrt/release/src/router/openpam/missing autoconf'
AUTOHEADER='${SHELL} /repo/Pass_GPL/asuswrt/release/src/router/openpam/missing autoheader'
AUTOMAKE='${SHELL} /repo/Pass_GPL/asuswrt/release/src/router/openpam/missing automake-1.14'
AWK='gawk'
CC='/opt/lede-toolchain-ramips-mt7621_gcc-5.4.0_musl-1.1.24.Linux-x86_64/toolchain-mipsel_24kc_gcc-5.4.0_musl-1.1.24/bin/mipsel-openwrt-linux-musl-gcc'
CCDEPMODE='depmode=gcc3'
CFLAGS='-DRTAX53U -DRTAX53U -DRTAX53U -DMUSL_LIBC -DRTAX53U -DBCM_EVENTD -DEXT_ACS -D__CONFIG_EMF__ -D__CONFIG_WPS__'
CPP='/opt/lede-toolchain-ramips-mt7621_gcc-5.4.0_musl-1.1.24.Linux-x86_64/toolchain-mipsel_24kc_gcc-5.4.0_musl-1.1.24/bin/mipsel-openwrt-linux-musl-gcc -E'
CPPFLAGS=''
CRYPTO_LIBS=''
CRYPT_LIBS='-lcrypt '
CUSTOM_MODULES_DIR_FALSE=''
CUSTOM_MODULES_DIR_TRUE='#'
CYGPATH_W='echo'
DEFS='-DHAVE_CONFIG_H'
DEPDIR='.deps'
DLLTOOL='false'
DL_LIBS='-ldl '
DSYMUTIL=''
DUMPBIN=''
ECHO_C=''
ECHO_N='-n'
ECHO_T=''
EGREP='/bin/grep -E'
EXEEXT=''
FGREP='/bin/grep -F'
GREP='/bin/grep'
INSTALL_DATA='${INSTALL} -m 644'
INSTALL_PROGRAM='${INSTALL}'
INSTALL_SCRIPT='${INSTALL}'
INSTALL_STRIP_PROGRAM='$(install_sh) -c -s'
LD='/opt/lede-toolchain-ramips-mt7621_gcc-5.4.0_musl-1.1.24.Linux-x86_64/toolchain-mipsel_24kc_gcc-5.4.0_musl-1.1.24/bin/mipsel-openwrt-linux-musl-ld'
LDFLAGS='-ldl'
LIBOBJS=''
LIBS=''
LIBTOOL='$(SHELL) $(top_builddir)/libtool'
LIB_MAJ='2'
LIPO=''
LN_S='ln -s'
LTLIBOBJS=''
MAINT='#'
MAINTAINER_MODE_FALSE=''
MAINTAINER_MODE_TRUE='#'
MAKEINFO='${SHELL} /repo/Pass_GPL/asuswrt/release/src/router/openpam/missing makeinfo'
MANIFEST_TOOL=':'
MKDIR_P='/bin/mkdir -p'
NM='/opt/lede-toolchain-ramips-mt7621_gcc-5.4.0_musl-1.1.24.Linux-x86_64/toolchain-mipsel_24kc_gcc-5.4.0_musl-1.1.24/bin/mipsel-openwrt-linux-musl-nm'
NMEDIT=''
OBJDUMP='/opt/lede-toolchain-ramips-mt7621_gcc-5.4.0_musl-1.1.24.Linux-x86_64/toolchain-mipsel_24kc_gcc-5.4.0_musl-1.1.24/bin/mipsel-openwrt-linux-musl-objdump'
OBJEXT='o'
OPENPAM_MODULES_DIR=''
OTOOL64=''
OTOOL=''
PACKAGE='openpam'
PACKAGE_BUGREPORT='des@des.no'
PACKAGE_NAME='OpenPAM'
PACKAGE_STRING='OpenPAM 20130907'
PACKAGE_TARNAME='openpam'
PACKAGE_URL='http://www.openpam.org/'
PACKAGE_VERSION='20130907'
PATH_SEPARATOR=':'
RANLIB='/opt/lede-toolchain-ramips-mt7621_gcc-5.4.0_musl-1.1.24.Linux-x86_64/toolchain-mipsel_24kc_gcc-5.4.0_musl-1.1.24/bin/mipsel-openwrt-linux-musl-ranlib'
SED='/bin/sed'
SET_MAKE=''
SHELL='/bin/sh'
STRIP='/opt/lede-toolchain-ramips-mt7621_gcc-5.4.0_musl-1.1.24.Linux-x86_64/toolchain-mipsel_24kc_gcc-5.4.0_musl-1.1.24/bin/mipsel-openwrt-linux-musl-strip -R .note -R .comment'
VERSION='20130907'
WITH_DOC_FALSE=''
WITH_DOC_TRUE='#'
WITH_PAMTEST_FALSE=''
WITH_PAMTEST_TRUE='#'
WITH_PAM_UNIX_FALSE='#'
WITH_PAM_UNIX_TRUE=''
WITH_SU_FALSE=''
WITH_SU_TRUE='#'
ac_ct_AR=''
ac_ct_CC=''
ac_ct_DUMPBIN=''
am__EXEEXT_FALSE=''
am__EXEEXT_TRUE='#'
am__fastdepCC_FALSE='#'
am__fastdepCC_TRUE=''
am__include='include'
am__isrc=''
am__leading_dot='.'
am__nodep='_no'
am__quote=''
am__tar='$${TAR-tar} chof - "$$tardir"'
am__untar='$${TAR-tar} xf -'
bindir='/usr/sbin'
build='x86_64-pc-linux-gnu'
build_alias='x86_64-linux-gnu'
build_cpu='x86_64'
build_os='linux-gnu'
build_vendor='pc'
datadir='${datarootdir}'
datarootdir='${prefix}/share'
docdir='${datarootdir}/doc/${PACKAGE_TARNAME}'
dvidir='${docdir}'
exec_prefix='${prefix}'
host='mipsel-unknown-linux-gnu'
host_alias='mipsel-linux'
host_cpu='mipsel'
host_os='linux-gnu'
host_vendor='unknown'
htmldir='${docdir}'
includedir='${prefix}/include'
infodir='${datarootdir}/info'
install_sh='${SHELL} /repo/Pass_GPL/asuswrt/release/src/router/openpam/install-sh'
libdir='/usr/lib'
libexecdir='${exec_prefix}/libexec'
localedir='${datarootdir}/locale'
localstatedir='${prefix}/var'
mandir='${datarootdir}/man'
mkdir_p='$(MKDIR_P)'
oldincludedir='/usr/include'
pdfdir='${docdir}'
prefix='/usr'
program_transform_name='s,x,x,'
psdir='${docdir}'
sbindir='${exec_prefix}/sbin'
sharedstatedir='${prefix}/com'
sysconfdir='${prefix}/etc'
target_alias=''

## ----------- ##
## confdefs.h. ##
## ----------- ##

/* confdefs.h */
#define PACKAGE_NAME "OpenPAM"
#define PACKAGE_TARNAME "openpam"
#define PACKAGE_VERSION "20130907"
#define PACKAGE_STRING "OpenPAM 20130907"
#define PACKAGE_BUGREPORT "des@des.no"
#define PACKAGE_URL "http://www.openpam.org/"
#define PACKAGE "openpam"
#define VERSION "20130907"
#define STDC_HEADERS 1
#define HAVE_SYS_TYPES_H 1
#define HAVE_SYS_STAT_H 1
#define HAVE_STDLIB_H 1
#define HAVE_STRING_H 1
#define HAVE_MEMORY_H 1
#define HAVE_STRINGS_H 1
#define HAVE_INTTYPES_H 1
#define HAVE_STDINT_H 1
#define HAVE_UNISTD_H 1
#define __EXTENSIONS__ 1
#define _ALL_SOURCE 1
#define _GNU_SOURCE 1
#define _POSIX_PTHREAD_SEMANTICS 1
#define _TANDEM_SOURCE 1
#define restrict __restrict
#define HAVE_DLFCN_H 1
#define LT_OBJDIR ".libs/"
#define LIB_MAJ 2
#define HAVE_CRYPT_H 1
#define HAVE_ASPRINTF 1
#define HAVE_VASPRINTF 1
#define HAVE_FPURGE 1
#define HAVE_SETLOGMASK 1
#define HAVE_STRLCAT 1
#define HAVE_STRLCPY 1
#define HAVE_LIBDL 1
#define HAVE_LIBCRYPT 1

configure: exit 0
